<html>
<body>
<pre>
<h1>µVision Build Log</h1>
<h2>Tool Versions:</h2>
IDE-Version: ¦ÌVision V5.14.0.0
Copyright (C) 2015 ARM Ltd and ARM Germany GmbH. All rights reserved.
License Information: haisu Microsoft, Microsoft, LIC=KRMNN-YMVPU-BR6XT-RII4M-PB1KW-ERE27
 
Tool Versions:
Toolchain:       MDK-ARM Standard  Version: 5.14.0.0
Toolchain Path:  C:\developer\Keil_v5\ARM\ARMCC\Bin
C Compiler:      Armcc.exe V5.05 update 1 (build 106)
Assembler:       Armasm.exe V5.05 update 1 (build 106)
Linker/Locator:  ArmLink.exe V5.05 update 1 (build 106)
Library Manager: ArmAr.exe V5.05 update 1 (build 106)
Hex Converter:   FromElf.exe V5.05 update 1 (build 106)
CPU DLL:         SARMCM3.DLL V5.14.0.0
Dialog DLL:      DCM.DLL V1.13.1.0
Target DLL:      STLink\ST-LINKIII-KEIL_SWO.dll V2.0.14.0_KEIL
Dialog DLL:      TCM.DLL V1.14.4.0
 
<h2>Project:</h2>
\\vmware-host\Shared Folders\shared\project\USER\USART.uvprojx
Project File Date:  04/13/2018

<h2>Output:</h2>
Build target 'USART'
compiling main.c...
..\SYSTEM\usart\usart.h(44): warning:  #1295-D: Deprecated declaration UART_sendWelcome - give arg types
  void UART_sendWelcome();
.\data\data.h(64): warning:  #1295-D: Deprecated declaration alarm - give arg types
  void alarm();
.\data\data.h(67): warning:  #1295-D: Deprecated declaration get_sensor_data - give arg types
  void get_sensor_data();
.\SIM\SIM.h(8): warning:  #1295-D: Deprecated declaration module_restart - give arg types
  void module_restart();
.\SIM\SIM.h(9): warning:  #1295-D: Deprecated declaration modify_cmnet - give arg types
  void modify_cmnet();
.\SIM\SIM.h(10): warning:  #1295-D: Deprecated declaration save_modify - give arg types
  void save_modify();
.\SIM\SIM.h(11): warning:  #1295-D: Deprecated declaration SIM_module_init - give arg types
  void SIM_module_init();
.\SIM\SIM.h(12): warning:  #1295-D: Deprecated declaration enter_com_mode - give arg types
  void enter_com_mode();
.\SIM\SIM.h(13): warning:  #1295-D: Deprecated declaration enter_configuration_mode - give arg types
  void enter_configuration_mode();
.\EMV\EMV.h(9): warning:  #1295-D: Deprecated declaration EMV_init - give arg types
  void EMV_init();
.\EMV\EMV.h(10): warning:  #1295-D: Deprecated declaration EMV_open - give arg types
  void EMV_open();
.\EMV\EMV.h(11): warning:  #1295-D: Deprecated declaration EMV_close - give arg types
  void EMV_close();
.\EMV\EMV.h(13): warning:  #1-D: last line of file ends without a newline
  #endif
.\battery\GUA_Battery_Check.h(41): warning:  #1-D: last line of file ends without a newline
  #endif
.\LED\LED.h(5): warning:  #1295-D: Deprecated declaration LED_GPIO_init - give arg types
  void LED_GPIO_init();
.\LED\LED.h(8): warning:  #1-D: last line of file ends without a newline
  #endif
main.c(86): warning:  #167-D: argument of type "char *" is incompatible with parameter of type "unsigned char *"
        sign_message(package, 18);
main.c(105): warning:  #167-D: argument of type "char *" is incompatible with parameter of type "unsigned char *"
        sign_message(package, 15);
main.c(130): warning:  #167-D: argument of type "char *" is incompatible with parameter of type "unsigned char *"
        sign_message(package, 16);
main.c(144): warning:  #223-D: function "report_warningstate" declared implicitly
        report_warningstate(report);
main.c(149): warning:  #167-D: argument of type "char *" is incompatible with parameter of type "unsigned char *"
        sign_message(package, 10);
main.c(174): warning:  #167-D: argument of type "char *" is incompatible with parameter of type "unsigned char *"
        sign_message(package, 8);
main.c(158): warning:  #550-D: variable "last_package_index_bytes" was set but never used
        char last_package_index_bytes[2];
main.c(189): warning:  #167-D: argument of type "unsigned char *" is incompatible with parameter of type "char *"
        modify_heartbeat_content(heartbeat);
main.c(306): warning:  #186-D: pointless comparison of unsigned integer with zero
                if (module_index < 0)
main.c(319): warning:  #167-D: argument of type "char *" is incompatible with parameter of type "unsigned char *"
        sign_message(hb_content, 6);
main.c(221): warning:  #177-D: variable "output_buffer" was declared but never referenced
        char output_buffer[200];
main.c(230): warning:  #177-D: variable "port_str" was declared but never referenced
        char port_str[5];
main.c(232): warning:  #177-D: variable "input_package_index_high" was declared but never referenced
        char input_package_index_high;
main.c(233): warning:  #177-D: variable "input_package_index_low" was declared but never referenced
        char input_package_index_low;
main.c(234): warning:  #177-D: variable "output_package_index_high" was declared but never referenced
        char output_package_index_high;
main.c(235): warning:  #177-D: variable "output_package_index_low" was declared but never referenced
        char output_package_index_low;
main.c(237): warning:  #177-D: variable "module_index_high" was declared but never referenced
        char module_index_high;
main.c(238): warning:  #177-D: variable "module_index_low" was declared but never referenced
        char module_index_low;
main.c(240): warning:  #177-D: variable "checksum" was declared but never referenced
        char checksum;
main.c(243): warning:  #177-D: variable "STM_ID" was declared but never referenced
        char STM_ID[12];
main.c(247): warning:  #177-D: variable "regist_success_flag" was declared but never referenced
        char regist_success_flag = 0;
main.c(250): warning:  #177-D: variable "len_r" was declared but never referenced
        u16 len, len_r = 0;
main.c(610): warning:  #1-D: last line of file ends without a newline
  //æ£€æµ‹å‘¨æœ?                ^
main.c: 39 warnings, 0 errors
linking...
Program Size: Code=20532 RO-data=396 RW-data=216 ZI-data=1832  
FromELF: creating hex file...
"..\OBJ\USART.axf" - 0 Error(s), 39 Warning(s).

<h2>Collection of Component include folders:</h2>
  \\vmware-host\Shared Folders\shared\project\USER\RTE
  C:\developer\Keil_v5\ARM\PACK\Keil\STM32F1xx_DFP\2.2.0

<h2>Collection of Component Files used:</h2>
</pre>
</body>
</html>
