Component: ARM Compiler 5.05 update 1 (build 106) Tool: armlink [4d0efa]

==============================================================================

Section Cross References

    main.o(.text) refers to emv.o(.text) for EMV_close
    main.o(.text) refers to verify_helper.o(.text) for sign_message
    main.o(.text) refers to usart.o(.text) for UART_SendBytes
    main.o(.text) refers to data.o(.text) for report_curstate
    main.o(.text) refers to sim.o(.text) for modify_heartbeat_content
    main.o(.text) refers to misc.o(.text) for NVIC_PriorityGroupConfig
    main.o(.text) refers to pcf8591.o(.text) for PCF8591_A_Init
    main.o(.text) refers to gua_battery_check.o(.text) for GUA_Battery_Check_Init
    main.o(.text) refers to delay.o(.text) for delay_ms
    main.o(.text) refers to timer.o(.text) for TIM3_Int_Init
    main.o(.text) refers to main.o(.data) for output_package_index
    main.o(.text) refers to data.o(.data) for kp
    main.o(.text) refers to usart.o(.data) for USART_RX_STA
    main.o(.text) refers to usart.o(.bss) for USART_RX_BUF
    main.o(.text) refers to dflt_clz.o(x$fpl$dfltu) for __aeabi_ui2d
    main.o(.text) refers to dmul.o(x$fpl$dmul) for __aeabi_dmul
    main.o(.text) refers to ddiv.o(x$fpl$ddiv) for __aeabi_ddiv
    main.o(.text) refers to dfixu.o(x$fpl$dfixu) for __aeabi_d2uiz
    main.o(.text) refers to stm32f10x_tim.o(.text) for TIM_GetITStatus
    main.o(.text) refers to timer.o(.data) for TIM5CH1_CAPTURE_STA
    system_stm32f10x.o(.text) refers to system_stm32f10x.o(.data) for SystemCoreClock
    pcf8591.o(.text) refers to iic.o(.text) for IIC_A_Init
    pcf8591.o(.text) refers to delay.o(.text) for delay_us
    iic.o(.text) refers to stm32f10x_rcc.o(.text) for RCC_APB2PeriphClockCmd
    iic.o(.text) refers to stm32f10x_gpio.o(.text) for GPIO_Init
    iic.o(.text) refers to delay.o(.text) for delay_us
    emv.o(.text) refers to stm32f10x_rcc.o(.text) for RCC_APB2PeriphClockCmd
    emv.o(.text) refers to stm32f10x_gpio.o(.text) for GPIO_Init
    data.o(.text) refers to pcf8591.o(.text) for AD_A_generate_data
    data.o(.text) refers to data.o(.data) for kp
    data.o(.text) refers to main.o(.data) for cur_count
    md5.o(.text) refers to rt_memcpy_v6.o(.text) for __aeabi_memcpy
    md5.o(.text) refers to md5.o(.data) for PADDING
    sim.o(.text) refers to _printf_percent.o(.ARM.Collect$$_printf_percent$$00000000) for _printf_percent
    sim.o(.text) refers to _printf_d.o(.ARM.Collect$$_printf_percent$$00000009) for _printf_d
    sim.o(.text) refers to _printf_dec.o(.text) for _printf_int_dec
    sim.o(.text) refers to _printf_pad.o(.text) for _printf_pre_padding
    sim.o(.text) refers to _printf_x.o(.ARM.Collect$$_printf_percent$$0000000C) for _printf_x
    sim.o(.text) refers to _printf_hex_int.o(.text) for _printf_longlong_hex
    sim.o(.text) refers to usart.o(.text) for UART_SendByte
    sim.o(.text) refers to delay.o(.text) for delay_ms
    sim.o(.text) refers to noretval__2sprintf.o(.text) for __2sprintf
    sim.o(.text) refers to rt_memcpy_v6.o(.text) for __aeabi_memcpy
    sim.o(.text) refers to rt_memcpy_w.o(.text) for __aeabi_memcpy4
    timer.o(.text) refers to stm32f10x_rcc.o(.text) for RCC_APB1PeriphClockCmd
    timer.o(.text) refers to stm32f10x_tim.o(.text) for TIM_TimeBaseInit
    timer.o(.text) refers to misc.o(.text) for NVIC_Init
    timer.o(.text) refers to stm32f10x_gpio.o(.text) for GPIO_Init
    timer.o(.text) refers to timer.o(.bss) for TIM5_ICInitStructure
    verify_helper.o(.text) refers to md5.o(.text) for MD5Init
    verify_helper.o(.text) refers to verify_helper.o(.data) for Secure_Key
    gua_battery_check.o(.text) refers to gua_adc1.o(.text) for GUA_ADC1_ReadAverage
    gua_adc1.o(.text) refers to stm32f10x_adc.o(.text) for ADC_RegularChannelConfig
    gua_adc1.o(.text) refers to stm32f10x_rcc.o(.text) for RCC_APB2PeriphClockCmd
    gua_adc1.o(.text) refers to stm32f10x_gpio.o(.text) for GPIO_Init
    usart.o(.text) refers (Special) to use_no_semi_2.o(.text) for __use_no_semihosting
    usart.o(.text) refers to stm32f10x_rcc.o(.text) for RCC_APB2PeriphClockCmd
    usart.o(.text) refers to stm32f10x_gpio.o(.text) for GPIO_Init
    usart.o(.text) refers to misc.o(.text) for NVIC_Init
    usart.o(.text) refers to stm32f10x_usart.o(.text) for USART_Init
    usart.o(.text) refers to delay.o(.text) for delay_us
    usart.o(.text) refers to rt_memcpy_w.o(.text) for __aeabi_memcpy4
    usart.o(.text) refers to usart.o(.data) for USART_RX_STA
    usart.o(.text) refers to usart.o(.bss) for USART_RX_BUF
    usart.o(.bss) refers (Special) to use_no_semi_2.o(.text) for __use_no_semihosting
    usart.o(.data) refers (Special) to use_no_semi_2.o(.text) for __use_no_semihosting
    startup_stm32f10x_hd.o(STACK) refers (Special) to heapauxi.o(.text) for __use_two_region_memory
    startup_stm32f10x_hd.o(HEAP) refers (Special) to heapauxi.o(.text) for __use_two_region_memory
[...]
    ../clib/angel/sys.s                      0x00000000   Number         0  indicate_semi.o ABSOLUTE
    ../clib/angel/sys.s                      0x00000000   Number         0  use_no_semi.o ABSOLUTE
    ../clib/angel/sysapp.c                   0x00000000   Number         0  sys_wrch.o ABSOLUTE
    ../clib/angel/sysapp.c                   0x00000000   Number         0  sys_command.o ABSOLUTE
    ../clib/armsys.c                         0x00000000   Number         0  _get_argv_nomalloc.o ABSOLUTE
    ../clib/armsys.c                         0x00000000   Number         0  argv_veneer.o ABSOLUTE
    ../clib/armsys.c                         0x00000000   Number         0  no_argv.o ABSOLUTE
    ../clib/armsys.c                         0x00000000   Number         0  argv_veneer.o ABSOLUTE
    ../clib/heapalloc.c                      0x00000000   Number         0  hrguard.o ABSOLUTE
    ../clib/heapaux.c                        0x00000000   Number         0  heapauxi.o ABSOLUTE
    ../clib/libinit.s                        0x00000000   Number         0  libshutdown2.o ABSOLUTE
    ../clib/libinit.s                        0x00000000   Number         0  libinit2.o ABSOLUTE
    ../clib/libinit.s                        0x00000000   Number         0  libshutdown.o ABSOLUTE
    ../clib/libinit.s                        0x00000000   Number         0  libinit.o ABSOLUTE
    ../clib/memcpset.s                       0x00000000   Number         0  rt_memcpy_w.o ABSOLUTE
    ../clib/memcpset.s                       0x00000000   Number         0  rt_memcpy_v6.o ABSOLUTE
    ../clib/misc.s                           0x00000000   Number         0  printf_stubs.o ABSOLUTE
    ../clib/printf.c                         0x00000000   Number         0  __printf_nopercent.o ABSOLUTE
    ../clib/printf.c                         0x00000000   Number         0  noretval__2sprintf.o ABSOLUTE
    ../clib/printf.c                         0x00000000   Number         0  __printf_flags.o ABSOLUTE
    ../clib/printf.c                         0x00000000   Number         0  __2sprintf.o ABSOLUTE
    ../clib/printf.c                         0x00000000   Number         0  _printf_hex_ll.o ABSOLUTE
    ../clib/printf.c                         0x00000000   Number         0  __printf_flags_ss_wp.o ABSOLUTE
    ../clib/printf.c                         0x00000000   Number         0  _printf_hex_int_ll_ptr.o ABSOLUTE
    ../clib/printf.c                         0x00000000   Number         0  _printf_dec.o ABSOLUTE
    ../clib/printf.c                         0x00000000   Number         0  _printf_hex_ll_ptr.o ABSOLUTE
    ../clib/printf.c                         0x00000000   Number         0  _printf_hex_ptr.o ABSOLUTE
    ../clib/printf.c                         0x00000000   Number         0  _printf_hex_int_ll.o ABSOLUTE
    ../clib/printf.c                         0x00000000   Number         0  _printf_hex_int_ptr.o ABSOLUTE
    ../clib/printf.c                         0x00000000   Number         0  _printf_char_common.o ABSOLUTE
    ../clib/printf.c                         0x00000000   Number         0  _printf_hex_int.o ABSOLUTE
    ../clib/printf.c                         0x00000000   Number         0  __printf.o ABSOLUTE
    ../clib/printf.c                         0x00000000   Number         0  _printf_pad.o ABSOLUTE
    ../clib/printf.c                         0x00000000   Number         0  __printf_ss.o ABSOLUTE
    ../clib/printf.c                         0x00000000   Number         0  __printf_flags_ss.o ABSOLUTE
    ../clib/printf.c                         0x00000000   Number         0  _sputc.o ABSOLUTE
    ../clib/printf.c                         0x00000000   Number         0  __printf_flags_wp.o ABSOLUTE
    ../clib/printf.c                         0x00000000   Number         0  __printf_wp.o ABSOLUTE
    ../clib/printf.c                         0x00000000   Number         0  _printf_intcommon.o ABSOLUTE
    ../clib/printf.c                         0x00000000   Number         0  __printf_ss_wp.o ABSOLUTE
    ../clib/printf_percent.s                 0x00000000   Number         0  _printf_x.o ABSOLUTE
    ../clib/printf_percent.s                 0x00000000   Number         0  _printf_d.o ABSOLUTE
    ../clib/printf_percent.s                 0x00000000   Number         0  _printf_percent.o ABSOLUTE
    ../clib/printf_percent.s                 0x00000000   Number         0  _printf_percent_end.o ABSOLUTE
    ../clib/signal.c                         0x00000000   Number         0  defsig_segv_inner.o ABSOLUTE
    ../clib/signal.c                         0x00000000   Number         0  defsig_cppl_inner.o ABSOLUTE
    ../clib/signal.c                         0x00000000   Number         0  defsig_pvfn_inner.o ABSOLUTE
    ../clib/signal.c                         0x00000000   Number         0  defsig_stak_inner.o ABSOLUTE
    ../clib/signal.c                         0x00000000   Number         0  defsig_exit.o ABSOLUTE
    ../clib/signal.c                         0x00000000   Number         0  defsig_rtmem_formal.o ABSOLUTE
    ../clib/signal.c                         0x00000000   Number         0  defsig_fpe_inner.o ABSOLUTE
    ../clib/signal.c                         0x00000000   Number         0  defsig_rtmem_outer.o ABSOLUTE
    ../clib/signal.c                         0x00000000   Number         0  defsig_abrt_inner.o ABSOLUTE
    ../clib/signal.c                         0x00000000   Number         0  defsig_rtmem_inner.o ABSOLUTE
    ../clib/signal.c                         0x00000000   Number         0  defsig_rtred_inner.o ABSOLUTE
    ../clib/signal.c                         0x00000000   Number         0  __raise.o ABSOLUTE
    ../clib/signal.c                         0x00000000   Number         0  defsig_general.o ABSOLUTE
    ../clib/signal.c                         0x00000000   Number         0  defsig_other.o ABSOLUTE
    ../clib/signal.s                         0x00000000   Number         0  defsig.o ABSOLUTE
    ../clib/stdlib.c                         0x00000000   Number         0  exit.o ABSOLUTE
    ../fplib/ddiv.s                          0x00000000   Number         0  ddiv.o ABSOLUTE
    ../fplib/dfixu.s                         0x00000000   Number         0  dfixu.o ABSOLUTE
    ../fplib/dflt.s                          0x00000000   Number         0  dflt_clz.o ABSOLUTE
    ../fplib/dmul.s                          0x00000000   Number         0  dmul.o ABSOLUTE
    ../fplib/dnaninf.s                       0x00000000   Number         0  dnaninf.o ABSOLUTE
    ../fplib/dretinf.s                       0x00000000   Number         0  dretinf.o ABSOLUTE
    ../fplib/fpinit.s                        0x00000000   Number         0  fpinit.o ABSOLUTE
    ../fplib/usenofp.s                       0x00000000   Number         0  usenofp.o ABSOLUTE
    ..\CORE\core_cm3.c                       0x00000000   Number         0  core_cm3.o ABSOLUTE
    ..\CORE\startup_stm32f10x_hd.s           0x00000000   Number         0  startup_stm32f10x_hd.o ABSOLUTE
    ..\STM32F10x_FWLib\src\misc.c            0x00000000   Number         0  misc.o ABSOLUTE
    ..\STM32F10x_FWLib\src\stm32f10x_adc.c   0x00000000   Number         0  stm32f10x_adc.o ABSOLUTE
    ..\STM32F10x_FWLib\src\stm32f10x_gpio.c  0x00000000   Number         0  stm32f10x_gpio.o ABSOLUTE
    ..\STM32F10x_FWLib\src\stm32f10x_rcc.c   0x00000000   Number         0  stm32f10x_rcc.o ABSOLUTE
    ..\STM32F10x_FWLib\src\stm32f10x_tim.c   0x00000000   Number         0  stm32f10x_tim.o ABSOLUTE
    ..\STM32F10x_FWLib\src\stm32f10x_usart.c 0x00000000   Number         0  stm32f10x_usart.o ABSOLUTE
    ..\SYSTEM\delay\delay.c                  0x00000000   Number         0  delay.o ABSOLUTE
    ..\SYSTEM\sys\sys.c                      0x00000000   Number         0  sys.o ABSOLUTE
    ..\SYSTEM\usart\usart.c                  0x00000000   Number         0  usart.o ABSOLUTE
    ..\\CORE\\core_cm3.c                     0x00000000   Number         0  core_cm3.o ABSOLUTE
    ..\\SYSTEM\\sys\\sys.c                   0x00000000   Number         0  sys.o ABSOLUTE
    EMV.c                                    0x00000000   Number         0  emv.o ABSOLUTE
    GUA_ADC1.c                               0x00000000   Number         0  gua_adc1.o ABSOLUTE
    GUA_Battery_Check.c                      0x00000000   Number         0  gua_battery_check.o ABSOLUTE
    PCF8591.c                                0x00000000   Number         0  pcf8591.o ABSOLUTE
    SIM.c                                    0x00000000   Number         0  sim.o ABSOLUTE
    Verify_Helper.c                          0x00000000   Number         0  verify_helper.o ABSOLUTE
    data.c                                   0x00000000   Number         0  data.o ABSOLUTE
    dc.s                                     0x00000000   Number         0  dc.o ABSOLUTE
    iic.c                                    0x00000000   Number         0  iic.o ABSOLUTE
    main.c                                   0x00000000   Number         0  main.o ABSOLUTE
    md5.c                                    0x00000000   Number         0  md5.o ABSOLUTE
    stm32f10x_it.c                           0x00000000   Number         0  stm32f10x_it.o ABSOLUTE
    system_stm32f10x.c                       0x00000000   Number         0  system_stm32f10x.o ABSOLUTE
    timer.c                                  0x00000000   Number         0  timer.o ABSOLUTE
    RESET                                    0x08000000   Section      304  startup_stm32f10x_hd.o(RESET)
    !!!main                                  0x08000130   Section        8  __main.o(!!!main)
    !!!scatter                               0x08000138   Section       52  __scatter.o(!!!scatter)
    !!handler_copy                           0x0800016c   Section       26  __scatter_copy.o(!!handler_copy)
    !!handler_zi                             0x08000188   Section       28  __scatter_zi.o(!!handler_zi)
    .ARM.Collect$$_printf_percent$$00000000  0x080001a4   Section        0  _printf_percent.o(.ARM.Collect$$_printf_percent$$00000000)
    .ARM.Collect$$_printf_percent$$00000009  0x080001a4   Section        6  _printf_d.o(.ARM.Collect$$_printf_percent$$00000009)
    .ARM.Collect$$_printf_percent$$0000000C  0x080001aa   Section        6  _printf_x.o(.ARM.Collect$$_printf_percent$$0000000C)
    .ARM.Collect$$_printf_percent$$00000017  0x080001b0   Section        4  _printf_percent_end.o(.ARM.Collect$$_printf_percent$$00000017)
    .ARM.Collect$$libinit$$00000000          0x080001b4   Section        2  libinit.o(.ARM.Collect$$libinit$$00000000)
    .ARM.Collect$$libinit$$00000002          0x080001b6   Section        0  libinit2.o(.ARM.Collect$$libinit$$00000002)
    .ARM.Collect$$libinit$$00000004          0x080001b6   Section        0  libinit2.o(.ARM.Collect$$libinit$$00000004)
    .ARM.Collect$$libinit$$0000000A          0x080001b6   Section        0  libinit2.o(.ARM.Collect$$libinit$$0000000A)
    .ARM.Collect$$libinit$$0000000C          0x080001b6   Section        0  libinit2.o(.ARM.Collect$$libinit$$0000000C)
    .ARM.Collect$$libinit$$0000000E          0x080001b6   Section        0  libinit2.o(.ARM.Collect$$libinit$$0000000E)
    .ARM.Collect$$libinit$$00000011          0x080001b6   Section        0  libinit2.o(.ARM.Collect$$libinit$$00000011)
    .ARM.Collect$$libinit$$00000013          0x080001b6   Section        0  libinit2.o(.ARM.Collect$$libinit$$00000013)
    .ARM.Collect$$libinit$$00000015          0x080001b6   Section        0  libinit2.o(.ARM.Collect$$libinit$$00000015)
    .ARM.Collect$$libinit$$00000017          0x080001b6   Section        0  libinit2.o(.ARM.Collect$$libinit$$00000017)
    .ARM.Collect$$libinit$$00000019          0x080001b6   Section        0  libinit2.o(.ARM.Collect$$libinit$$00000019)
    .ARM.Collect$$libinit$$0000001B          0x080001b6   Section        0  libinit2.o(.ARM.Collect$$libinit$$0000001B)
    .ARM.Collect$$libinit$$0000001D          0x080001b6   Section        0  libinit2.o(.ARM.Collect$$libinit$$0000001D)
    .ARM.Collect$$libinit$$0000001F          0x080001b6   Section        0  libinit2.o(.ARM.Collect$$libinit$$0000001F)
    .ARM.Collect$$libinit$$00000021          0x080001b6   Section        0  libinit2.o(.ARM.Collect$$libinit$$00000021)
    .ARM.Collect$$libinit$$00000023          0x080001b6   Section        0  libinit2.o(.ARM.Collect$$libinit$$00000023)
    .ARM.Collect$$libinit$$00000025          0x080001b6   Section        0  libinit2.o(.ARM.Collect$$libinit$$00000025)
    .ARM.Collect$$libinit$$0000002C          0x080001b6   Section        0  libinit2.o(.ARM.Collect$$libinit$$0000002C)
    .ARM.Collect$$libinit$$0000002E          0x080001b6   Section        0  libinit2.o(.ARM.Collect$$libinit$$0000002E)
    .ARM.Collect$$libinit$$00000030          0x080001b6   Section        0  libinit2.o(.ARM.Collect$$libinit$$00000030)
    .ARM.Collect$$libinit$$00000032          0x080001b6   Section        0  libinit2.o(.ARM.Collect$$libinit$$00000032)
    .ARM.Collect$$libinit$$00000033          0x080001b6   Section        2  libinit2.o(.ARM.Collect$$libinit$$00000033)
    .ARM.Collect$$libshutdown$$00000000      0x080001b8   Section        2  libshutdown.o(.ARM.Collect$$libshutdown$$00000000)
    .ARM.Collect$$libshutdown$$00000003      0x080001ba   Section        0  libshutdown2.o(.ARM.Collect$$libshutdown$$00000003)
    .ARM.Collect$$libshutdown$$00000006      0x080001ba   Section        0  libshutdown2.o(.ARM.Collect$$libshutdown$$00000006)
    .ARM.Collect$$libshutdown$$00000009      0x080001ba   Section        0  libshutdown2.o(.ARM.Collect$$libshutdown$$00000009)
    .ARM.Collect$$libshutdown$$0000000B      0x080001ba   Section        0  libshutdown2.o(.ARM.Collect$$libshutdown$$0000000B)
    .ARM.Collect$$libshutdown$$0000000E      0x080001ba   Section        0  libshutdown2.o(.ARM.Collect$$libshutdown$$0000000E)
    .ARM.Collect$$libshutdown$$0000000F      0x080001ba   Section        2  libshutdown2.o(.ARM.Collect$$libshutdown$$0000000F)
    .ARM.Collect$$rtentry$$00000000          0x080001bc   Section        0  __rtentry.o(.ARM.Collect$$rtentry$$00000000)
    .ARM.Collect$$rtentry$$00000002          0x080001bc   Section        0  __rtentry2.o(.ARM.Collect$$rtentry$$00000002)
    .ARM.Collect$$rtentry$$00000004          0x080001bc   Section        6  __rtentry4.o(.ARM.Collect$$rtentry$$00000004)
    .ARM.Collect$$rtentry$$00000009          0x080001c2   Section        0  __rtentry2.o(.ARM.Collect$$rtentry$$00000009)
    .ARM.Collect$$rtentry$$0000000A          0x080001c2   Section        4  __rtentry2.o(.ARM.Collect$$rtentry$$0000000A)
    .ARM.Collect$$rtentry$$0000000C          0x080001c6   Section        0  __rtentry2.o(.ARM.Collect$$rtentry$$0000000C)
    .ARM.Collect$$rtentry$$0000000D          0x080001c6   Section        8  __rtentry2.o(.ARM.Collect$$rtentry$$0000000D)
    .ARM.Collect$$rtexit$$00000000           0x080001ce   Section        2  rtexit.o(.ARM.Collect$$rtexit$$00000000)
    .ARM.Collect$$rtexit$$00000002           0x080001d0   Section        0  rtexit2.o(.ARM.Collect$$rtexit$$00000002)
    .ARM.Collect$$rtexit$$00000003           0x080001d0   Section        4  rtexit2.o(.ARM.Collect$$rtexit$$00000003)
    .ARM.Collect$$rtexit$$00000004           0x080001d4   Section        6  rtexit2.o(.ARM.Collect$$rtexit$$00000004)
    .text                                    0x080001dc   Section        0  main.o(.text)
    .text                                    0x08000b60   Section        0  stm32f10x_it.o(.text)
    .text                                    0x08000b7c   Section        0  system_stm32f10x.o(.text)
    SetSysClockTo72                          0x08000b7d   Thumb Code   214  system_stm32f10x.o(.text)
    SetSysClock                              0x08000c53   Thumb Code     8  system_stm32f10x.o(.text)
    .text                                    0x08000d5c   Section        0  pcf8591.o(.text)
    .text                                    0x08000e58   Section        0  iic.o(.text)
    .text                                    0x080013ac   Section        0  emv.o(.text)
    .text                                    0x080013f0   Section        0  data.o(.text)
    .text                                    0x08001694   Section        0  md5.o(.text)
    .text                                    0x08001fd8   Section        0  sim.o(.text)
    .text                                    0x080023b8   Section        0  timer.o(.text)
    .text                                    0x080024bc   Section        0  verify_helper.o(.text)
    .text                                    0x08002560   Section        0  gua_battery_check.o(.text)
    .text                                    0x08002594   Section        0  gua_adc1.o(.text)
    GUA_ADC1_Read                            0x08002595   Thumb Code    46  gua_adc1.o(.text)
    .text                                    0x08002678   Section        0  usart.o(.text)
    .text                                    0x080028c8   Section        0  delay.o(.text)
    .text                                    0x08002914   Section       64  startup_stm32f10x_hd.o(.text)
    .text                                    0x08002954   Section        0  misc.o(.text)
    .text                                    0x08002a30   Section        0  stm32f10x_gpio.o(.text)
    .text                                    0x08002d8c   Section        0  stm32f10x_rcc.o(.text)
    .text                                    0x08003130   Section        0  stm32f10x_usart.o(.text)
    .text                                    0x08003538   Section        0  stm32f10x_tim.o(.text)
    TI4_Config                               0x080039df   Thumb Code   130  stm32f10x_tim.o(.text)
    TI3_Config                               0x08003a73   Thumb Code   122  stm32f10x_tim.o(.text)
    TI2_Config                               0x08003b07   Thumb Code   130  stm32f10x_tim.o(.text)
    TI1_Config                               0x08003b9b   Thumb Code   108  stm32f10x_tim.o(.text)
    .text                                    0x08004354   Section        0  stm32f10x_adc.o(.text)
    .text                                    0x080047a2   Section        2  use_no_semi_2.o(.text)
    .text                                    0x080047a4   Section        0  noretval__2sprintf.o(.text)
    .text                                    0x080047cc   Section        0  _printf_pad.o(.text)
    .text                                    0x0800481c   Section        0  _printf_dec.o(.text)
    .text                                    0x08004894   Section        0  _printf_hex_int.o(.text)
    .text                                    0x080048ec   Section        0  __printf_flags_wp.o(.text)
    .text                                    0x08004a24   Section      138  rt_memcpy_v6.o(.text)
    .text                                    0x08004aae   Section      100  rt_memcpy_w.o(.text)
    .text                                    0x08004b12   Section        0  heapauxi.o(.text)
    .text                                    0x08004b18   Section        2  use_no_semi.o(.text)
    .text                                    0x08004b1a   Section        0  _printf_intcommon.o(.text)
    .text                                    0x08004bcc   Section        0  _printf_char_common.o(.text)
    _printf_input_char                       0x08004bcd   Thumb Code    10  _printf_char_common.o(.text)
    .text                                    0x08004bfc   Section        0  _sputc.o(.text)
    .text                                    0x08004c06   Section       74  sys_stackheap_outer.o(.text)
    .text                                    0x08004c50   Section        0  exit.o(.text)
    .text                                    0x08004c5c   Section        8  libspace.o(.text)
    i._is_digit                              0x08004c64   Section        0  __printf_wp.o(i._is_digit)
    x$fpl$ddiv                               0x08004c74   Section      688  ddiv.o(x$fpl$ddiv)
    ddiv_entry                               0x08004c7b   Thumb Code     0  ddiv.o(x$fpl$ddiv)
    x$fpl$dfixu                              0x08004f24   Section       90  dfixu.o(x$fpl$dfixu)
    x$fpl$dfltu                              0x08004f7e   Section       38  dflt_clz.o(x$fpl$dfltu)
    x$fpl$dmul                               0x08004fa4   Section      340  dmul.o(x$fpl$dmul)
    x$fpl$dnaninf                            0x080050f8   Section      156  dnaninf.o(x$fpl$dnaninf)
    x$fpl$dretinf                            0x08005194   Section       12  dretinf.o(x$fpl$dretinf)
    .constdata                               0x080051a0   Section       40  _printf_hex_int.o(.constdata)
    x$fpl$usenofp                            0x080051a0   Section        0  usenofp.o(x$fpl$usenofp)
    uc_hextab                                0x080051a0   Data          20  _printf_hex_int.o(.constdata)
    lc_hextab                                0x080051b4   Data          20  _printf_hex_int.o(.constdata)
    .constdata                               0x080051c8   Section       17  __printf_flags_wp.o(.constdata)
    maptable                                 0x080051c8   Data          17  __printf_flags_wp.o(.constdata)
    .data                                    0x20000000   Section       38  main.o(.data)
    .data                                    0x20000028   Section       20  system_stm32f10x.o(.data)
    .data                                    0x2000003c   Section       32  data.o(.data)
    .data                                    0x2000005c   Section       64  md5.o(.data)
    .data                                    0x2000009c   Section        4  timer.o(.data)
    .data                                    0x200000a0   Section       16  verify_helper.o(.data)
    .data                                    0x200000b0   Section        6  usart.o(.data)
    .data                                    0x200000b6   Section       20  stm32f10x_rcc.o(.data)
    APBAHBPrescTable                         0x200000b6   Data          16  stm32f10x_rcc.o(.data)
    ADCPrescTable                            0x200000c6   Data           4  stm32f10x_rcc.o(.data)
    .bss                                     0x200000cc   Section       10  timer.o(.bss)
    .bss                                     0x200000d6   Section      200  usart.o(.bss)
    .bss                                     0x200001a0   Section       96  libspace.o(.bss)
    HEAP                                     0x20000200   Section      512  startup_stm32f10x_hd.o(HEAP)
    Heap_Mem                                 0x20000200   Data         512  startup_stm32f10x_hd.o(HEAP)
    STACK                                    0x20000400   Section     1024  startup_stm32f10x_hd.o(STACK)
    Stack_Mem                                0x20000400   Data        1024  startup_stm32f10x_hd.o(STACK)
    __initial_sp                             0x20000800   Data           0  startup_stm32f10x_hd.o(STACK)

    Global Symbols

    Symbol Name                              Value     Ov Type        Size  Object(Section)

    BuildAttributes$$THM_ISAv4$P$D$K$B$S$PE$A:L22UL41UL21$X:L11$S22US41US21$IEEE1$IW$USESV6$~STKCKD$USESV7$~SHL$OSPACE$ROPI$EBA8$UX$STANDARDLIB$REQ8$PRES8$EABIv2 0x00000000   Number         0  anon$$obj.o ABSOLUTE
    __ARM_use_no_argv                        0x00000000   Number         0  main.o ABSOLUTE
    _printf_flags                            0x00000000   Number         0  printf_stubs.o ABSOLUTE
    _printf_return_value                     0x00000000   Number         0  printf_stubs.o ABSOLUTE
    _printf_sizespec                         0x00000000   Number         0  printf_stubs.o ABSOLUTE
    _printf_widthprec                        0x00000000   Number         0  printf_stubs.o ABSOLUTE
    __ARM_exceptions_init                     - Undefined Weak Reference
    __alloca_initialize                       - Undefined Weak Reference
    __arm_preinit_                            - Undefined Weak Reference
    __cpp_initialize__aeabi_                  - Undefined Weak Reference
    __cxa_finalize                            - Undefined Weak Reference
    __rt_locale                               - Undefined Weak Reference
    __sigvec_lookup                           - Undefined Weak Reference
    _atexit_init                              - Undefined Weak Reference
    _call_atexit_fns                          - Undefined Weak Reference
    _clock_init                               - Undefined Weak Reference
    _fp_trap_init                             - Undefined Weak Reference
    _fp_trap_shutdown                         - Undefined Weak Reference
    _get_lc_collate                           - Undefined Weak Reference
    _get_lc_ctype                             - Undefined Weak Reference
    _get_lc_monetary                          - Undefined Weak Reference
    _get_lc_numeric                           - Undefined Weak Reference
    _get_lc_time                              - Undefined Weak Reference
    _getenv_init                              - Undefined Weak Reference
    _handle_redirection                       - Undefined Weak Reference
    _init_alloc                               - Undefined Weak Reference
    _init_user_alloc                          - Undefined Weak Reference
    _initio                                   - Undefined Weak Reference
    _printf_truncate_signed                   - Undefined Weak Reference
    _printf_truncate_unsigned                 - Undefined Weak Reference
    _rand_init                                - Undefined Weak Reference
    _signal_finish                            - Undefined Weak Reference
    _signal_init                              - Undefined Weak Reference
    _terminate_alloc                          - Undefined Weak Reference
    _terminate_user_alloc                     - Undefined Weak Reference
    _terminateio                              - Undefined Weak Reference
    __Vectors_Size                           0x00000130   Number         0  startup_stm32f10x_hd.o ABSOLUTE
    __Vectors                                0x08000000   Data           4  startup_stm32f10x_hd.o(RESET)
    __Vectors_End                            0x08000130   Data           0  startup_stm32f10x_hd.o(RESET)
    __main                                   0x08000131   Thumb Code     8  __main.o(!!!main)
    __scatterload                            0x08000139   Thumb Code     0  __scatter.o(!!!scatter)
    __scatterload_rt2                        0x08000139   Thumb Code    44  __scatter.o(!!!scatter)
    __scatterload_rt2_thumb_only             0x08000139   Thumb Code     0  __scatter.o(!!!scatter)
    __scatterload_null                       0x08000147   Thumb Code     0  __scatter.o(!!!scatter)
    __scatterload_copy                       0x0800016d   Thumb Code    26  __scatter_copy.o(!!handler_copy)
    __scatterload_zeroinit                   0x08000189   Thumb Code    28  __scatter_zi.o(!!handler_zi)
    _printf_d                                0x080001a5   Thumb Code     0  _printf_d.o(.ARM.Collect$$_printf_percent$$00000009)
    _printf_percent                          0x080001a5   Thumb Code     0  _printf_percent.o(.ARM.Collect$$_printf_percent$$00000000)
    _printf_x                                0x080001ab   Thumb Code     0  _printf_x.o(.ARM.Collect$$_printf_percent$$0000000C)
    _printf_percent_end                      0x080001b1   Thumb Code     0  _printf_percent_end.o(.ARM.Collect$$_printf_percent$$00000017)
    __rt_lib_init                            0x080001b5   Thumb Code     0  libinit.o(.ARM.Collect$$libinit$$00000000)
    __rt_lib_init_alloca_1                   0x080001b7   Thumb Code     0  libinit2.o(.ARM.Collect$$libinit$$0000002E)
    __rt_lib_init_argv_1                     0x080001b7   Thumb Code     0  libinit2.o(.ARM.Collect$$libinit$$0000002C)
    __rt_lib_init_atexit_1                   0x080001b7   Thumb Code     0  libinit2.o(.ARM.Collect$$libinit$$0000001B)
    __rt_lib_init_clock_1                    0x080001b7   Thumb Code     0  libinit2.o(.ARM.Collect$$libinit$$00000021)
    __rt_lib_init_cpp_1                      0x080001b7   Thumb Code     0  libinit2.o(.ARM.Collect$$libinit$$00000032)
    __rt_lib_init_exceptions_1               0x080001b7   Thumb Code     0  libinit2.o(.ARM.Collect$$libinit$$00000030)
    __rt_lib_init_fp_1                       0x080001b7   Thumb Code     0  libinit2.o(.ARM.Collect$$libinit$$00000002)
    __rt_lib_init_fp_trap_1                  0x080001b7   Thumb Code     0  libinit2.o(.ARM.Collect$$libinit$$0000001F)
    __rt_lib_init_getenv_1                   0x080001b7   Thumb Code     0  libinit2.o(.ARM.Collect$$libinit$$00000023)
    __rt_lib_init_heap_1                     0x080001b7   Thumb Code     0  libinit2.o(.ARM.Collect$$libinit$$0000000A)
    __rt_lib_init_lc_collate_1               0x080001b7   Thumb Code     0  libinit2.o(.ARM.Collect$$libinit$$00000011)
    __rt_lib_init_lc_ctype_1                 0x080001b7   Thumb Code     0  libinit2.o(.ARM.Collect$$libinit$$00000013)
    __rt_lib_init_lc_monetary_1              0x080001b7   Thumb Code     0  libinit2.o(.ARM.Collect$$libinit$$00000015)
    __rt_lib_init_lc_numeric_1               0x080001b7   Thumb Code     0  libinit2.o(.ARM.Collect$$libinit$$00000017)
    __rt_lib_init_lc_time_1                  0x080001b7   Thumb Code     0  libinit2.o(.ARM.Collect$$libinit$$00000019)
    __rt_lib_init_preinit_1                  0x080001b7   Thumb Code     0  libinit2.o(.ARM.Collect$$libinit$$00000004)
    __rt_lib_init_rand_1                     0x080001b7   Thumb Code     0  libinit2.o(.ARM.Collect$$libinit$$0000000E)
    __rt_lib_init_return                     0x080001b7   Thumb Code     0  libinit2.o(.ARM.Collect$$libinit$$00000033)
    __rt_lib_init_signal_1                   0x080001b7   Thumb Code     0  libinit2.o(.ARM.Collect$$libinit$$0000001D)
    __rt_lib_init_stdio_1                    0x080001b7   Thumb Code     0  libinit2.o(.ARM.Collect$$libinit$$00000025)
    __rt_lib_init_user_alloc_1               0x080001b7   Thumb Code     0  libinit2.o(.ARM.Collect$$libinit$$0000000C)
    __rt_lib_shutdown                        0x080001b9   Thumb Code     0  libshutdown.o(.ARM.Collect$$libshutdown$$00000000)
    __rt_lib_shutdown_fp_trap_1              0x080001bb   Thumb Code     0  libshutdown2.o(.ARM.Collect$$libshutdown$$00000006)
    __rt_lib_shutdown_heap_1                 0x080001bb   Thumb Code     0  libshutdown2.o(.ARM.Collect$$libshutdown$$0000000E)
    __rt_lib_shutdown_return                 0x080001bb   Thumb Code     0  libshutdown2.o(.ARM.Collect$$libshutdown$$0000000F)
    __rt_lib_shutdown_signal_1               0x080001bb   Thumb Code     0  libshutdown2.o(.ARM.Collect$$libshutdown$$00000009)
    __rt_lib_shutdown_stdio_1                0x080001bb   Thumb Code     0  libshutdown2.o(.ARM.Collect$$libshutdown$$00000003)
    __rt_lib_shutdown_user_alloc_1           0x080001bb   Thumb Code     0  libshutdown2.o(.ARM.Collect$$libshutdown$$0000000B)
    __rt_entry                               0x080001bd   Thumb Code     0  __rtentry.o(.ARM.Collect$$rtentry$$00000000)
    __rt_entry_presh_1                       0x080001bd   Thumb Code     0  __rtentry2.o(.ARM.Collect$$rtentry$$00000002)
    __rt_entry_sh                            0x080001bd   Thumb Code     0  __rtentry4.o(.ARM.Collect$$rtentry$$00000004)
    __rt_entry_li                            0x080001c3   Thumb Code     0  __rtentry2.o(.ARM.Collect$$rtentry$$0000000A)
    __rt_entry_postsh_1                      0x080001c3   Thumb Code     0  __rtentry2.o(.ARM.Collect$$rtentry$$00000009)
    __rt_entry_main                          0x080001c7   Thumb Code     0  __rtentry2.o(.ARM.Collect$$rtentry$$0000000D)
    __rt_entry_postli_1                      0x080001c7   Thumb Code     0  __rtentry2.o(.ARM.Collect$$rtentry$$0000000C)
    __rt_exit                                0x080001cf   Thumb Code     0  rtexit.o(.ARM.Collect$$rtexit$$00000000)
    __rt_exit_ls                             0x080001d1   Thumb Code     0  rtexit2.o(.ARM.Collect$$rtexit$$00000003)
    __rt_exit_prels_1                        0x080001d1   Thumb Code     0  rtexit2.o(.ARM.Collect$$rtexit$$00000002)
    __rt_exit_exit                           0x080001d5   Thumb Code     0  rtexit2.o(.ARM.Collect$$rtexit$$00000004)
    GetIDAdd_12byte                          0x080001dd   Thumb Code    16  main.o(.text)
    SoftReset                                0x080001ed   Thumb Code    38  main.o(.text)
    control_EMV                              0x08000213   Thumb Code    20  main.o(.text)
    generate_header                          0x08000227   Thumb Code    38  main.o(.text)
    generate_regist                          0x0800024d   Thumb Code    80  main.o(.text)
    generate_report                          0x0800029d   Thumb Code    82  main.o(.text)
    generate_status                          0x080002ef   Thumb Code   212  main.o(.text)
    generate_warning                         0x080003c3   Thumb Code    76  main.o(.text)
    heartbeat_report_control                 0x0800040f   Thumb Code    50  main.o(.text)
    system_init                              0x08000441   Thumb Code    82  main.o(.text)
    SIM_config                               0x08000493   Thumb Code    86  main.o(.text)
    main                                     0x080004e9   Thumb Code  1090  main.o(.text)
    cycle_check                              0x0800092b   Thumb Code   232  main.o(.text)
    TIM3_IRQHandler                          0x08000a13   Thumb Code   150  main.o(.text)
    TIM5_IRQHandler                          0x08000aa9   Thumb Code   150  main.o(.text)
    NMI_Handler                              0x08000b61   Thumb Code     2  stm32f10x_it.o(.text)
    HardFault_Handler                        0x08000b63   Thumb Code     4  stm32f10x_it.o(.text)
    MemManage_Handler                        0x08000b67   Thumb Code     4  stm32f10x_it.o(.text)
    BusFault_Handler                         0x08000b6b   Thumb Code     4  stm32f10x_it.o(.text)
    UsageFault_Handler                       0x08000b6f   Thumb Code     4  stm32f10x_it.o(.text)
    SVC_Handler                              0x08000b73   Thumb Code     2  stm32f10x_it.o(.text)
    DebugMon_Handler                         0x08000b75   Thumb Code     2  stm32f10x_it.o(.text)
    PendSV_Handler                           0x08000b77   Thumb Code     2  stm32f10x_it.o(.text)
    SysTick_Handler                          0x08000b79   Thumb Code     2  stm32f10x_it.o(.text)
    SystemInit                               0x08000c5b   Thumb Code    78  system_stm32f10x.o(.text)
    SystemCoreClockUpdate                    0x08000ca9   Thumb Code   142  system_stm32f10x.o(.text)
    PCF8591_A_Init                           0x08000d5d   Thumb Code     8  pcf8591.o(.text)
    pcf8591_A_ad_write                       0x08000d65   Thumb Code    26  pcf8591.o(.text)
    pcf8591_A_ad_read                        0x08000d7f   Thumb Code    30  pcf8591.o(.text)
    pcf8591_A_da_write                       0x08000d9d   Thumb Code    32  pcf8591.o(.text)
    PCF8591_B_Init                           0x08000dbd   Thumb Code     8  pcf8591.o(.text)
    pcf8591_B_ad_write                       0x08000dc5   Thumb Code    26  pcf8591.o(.text)
    pcf8591_B_ad_read                        0x08000ddf   Thumb Code    28  pcf8591.o(.text)
    pcf8591_B_da_write                       0x08000dfb   Thumb Code    32  pcf8591.o(.text)
    AD_A_generate_data                       0x08000e1b   Thumb Code    30  pcf8591.o(.text)
    AD_B_generate_data                       0x08000e39   Thumb Code    30  pcf8591.o(.text)
    IIC_A_Init                               0x08000e59   Thumb Code    50  iic.o(.text)
    IIC_B_Init                               0x08000e8b   Thumb Code    46  iic.o(.text)
    SDA_A_OUT                                0x08000eb9   Thumb Code    32  iic.o(.text)
    SDA_B_OUT                                0x08000ed9   Thumb Code    30  iic.o(.text)
    SDA_A_IN                                 0x08000ef7   Thumb Code    32  iic.o(.text)
    SDA_B_IN                                 0x08000f17   Thumb Code    30  iic.o(.text)
    IIC_A_Start                              0x08000f35   Thumb Code    60  iic.o(.text)
    IIC_B_Start                              0x08000f71   Thumb Code    60  iic.o(.text)
    IIC_A_Stop                               0x08000fad   Thumb Code    60  iic.o(.text)
    IIC_B_Stop                               0x08000fe9   Thumb Code    60  iic.o(.text)
    IIC_A_Wait_Ack                           0x08001025   Thumb Code    86  iic.o(.text)
    IIC_B_Wait_Ack                           0x0800107b   Thumb Code    86  iic.o(.text)
    IIC_A_Ack                                0x080010d1   Thumb Code    60  iic.o(.text)
    IIC_B_Ack                                0x0800110d   Thumb Code    60  iic.o(.text)
    IIC_A_NAck                               0x08001149   Thumb Code    60  iic.o(.text)
    IIC_B_NAck                               0x08001185   Thumb Code    60  iic.o(.text)
    IIC_A_Send_Byte                          0x080011c1   Thumb Code   156  iic.o(.text)
    IIC_B_Send_Byte                          0x0800125d   Thumb Code   148  iic.o(.text)
    IIC_A_Read_Byte                          0x080012f1   Thumb Code    90  iic.o(.text)
    IIC_B_Read_Byte                          0x0800134b   Thumb Code    90  iic.o(.text)
    EMV_init                                 0x080013ad   Thumb Code    38  emv.o(.text)
    EMV_open                                 0x080013d3   Thumb Code    12  emv.o(.text)
    EMV_close                                0x080013df   Thumb Code    12  emv.o(.text)
    byte2bit                                 0x080013f1   Thumb Code    70  data.o(.text)
    bit2byte                                 0x08001437   Thumb Code    50  data.o(.text)
    set_keeper                               0x08001469   Thumb Code    22  data.o(.text)
    set_timing                               0x0800147f   Thumb Code    10  data.o(.text)
    alarm                                    0x08001489   Thumb Code   116  data.o(.text)
    get_sensor_data                          0x080014fd   Thumb Code   150  data.o(.text)
    FourChannelADRead                        0x08001593   Thumb Code    72  data.o(.text)
    report_curstate                          0x080015db   Thumb Code   102  data.o(.text)
    report_warningstate                      0x08001641   Thumb Code    46  data.o(.text)
    MD5Init                                  0x08001695   Thumb Code    26  md5.o(.text)
    MD5Decode                                0x080016af   Thumb Code    50  md5.o(.text)
    MD5Transform                             0x080016e1   Thumb Code  1886  md5.o(.text)
    MD5Update                                0x08001e3f   Thumb Code   140  md5.o(.text)
    MD5Encode                                0x08001ecb   Thumb Code    62  md5.o(.text)
    MD5Final                                 0x08001f09   Thumb Code   204  md5.o(.text)
    enter_configuration_mode                 0x08001fd9   Thumb Code    36  sim.o(.text)
    enter_com_mode                           0x08001ffd   Thumb Code    14  sim.o(.text)
    SIM_module_init                          0x0800200b   Thumb Code   182  sim.o(.text)
    modify_heartbeat_time                    0x080020c1   Thumb Code    84  sim.o(.text)
    modify_heartbeat_content                 0x08002115   Thumb Code   122  sim.o(.text)
    modify_SIM_server                        0x0800218f   Thumb Code   134  sim.o(.text)
    module_restart                           0x08002215   Thumb Code    22  sim.o(.text)
    modify_cmnet                             0x0800222b   Thumb Code    22  sim.o(.text)
    save_modify                              0x08002241   Thumb Code    22  sim.o(.text)
    TIM3_Int_Init                            0x080023b9   Thumb Code    90  timer.o(.text)
    TIM5_Cap_Init                            0x08002413   Thumb Code   154  timer.o(.text)
    mmcpy                                    0x080024bd   Thumb Code    22  verify_helper.o(.text)
    sign_message                             0x080024d3   Thumb Code    74  verify_helper.o(.text)
    check_sign                               0x0800251d   Thumb Code    64  verify_helper.o(.text)
    GUA_Battery_Check_Read                   0x08002561   Thumb Code    42  gua_battery_check.o(.text)
    GUA_Battery_Check_Init                   0x0800258b   Thumb Code     8  gua_battery_check.o(.text)
    GUA_ADC1_ReadAverage                     0x080025c3   Thumb Code    40  gua_adc1.o(.text)
    GUA_ADC1_Init                            0x080025eb   Thumb Code   132  gua_adc1.o(.text)
    _sys_exit                                0x08002679   Thumb Code     6  usart.o(.text)
    fputc                                    0x0800267f   Thumb Code    24  usart.o(.text)
    uart_init                                0x08002697   Thumb Code   152  usart.o(.text)
    USART1_IRQHandler                        0x0800272f   Thumb Code   208  usart.o(.text)
    UART_SendByte                            0x080027ff   Thumb Code    34  usart.o(.text)
    UART_SendBytes                           0x08002821   Thumb Code    98  usart.o(.text)
    UART_sendWelcome                         0x08002883   Thumb Code    34  usart.o(.text)
    delay_us                                 0x080028c9   Thumb Code    30  delay.o(.text)
    delay_ms                                 0x080028e7   Thumb Code    32  delay.o(.text)
    delay                                    0x08002907   Thumb Code    14  delay.o(.text)
    Reset_Handler                            0x08002915   Thumb Code     8  startup_stm32f10x_hd.o(.text)
    ADC1_2_IRQHandler                        0x0800292f   Thumb Code     0  startup_stm32f10x_hd.o(.text)
    ADC3_IRQHandler                          0x0800292f   Thumb Code     0  startup_stm32f10x_hd.o(.text)
    CAN1_RX1_IRQHandler                      0x0800292f   Thumb Code     0  startup_stm32f10x_hd.o(.text)
    CAN1_SCE_IRQHandler                      0x0800292f   Thumb Code     0  startup_stm32f10x_hd.o(.text)
    DMA1_Channel1_IRQHandler                 0x0800292f   Thumb Code     0  startup_stm32f10x_hd.o(.text)
    DMA1_Channel2_IRQHandler                 0x0800292f   Thumb Code     0  startup_stm32f10x_hd.o(.text)
    DMA1_Channel3_IRQHandler                 0x0800292f   Thumb Code     0  startup_stm32f10x_hd.o(.text)
    DMA1_Channel4_IRQHandler                 0x0800292f   Thumb Code     0  startup_stm32f10x_hd.o(.text)
    DMA1_Channel5_IRQHandler                 0x0800292f   Thumb Code     0  startup_stm32f10x_hd.o(.text)
    DMA1_Channel6_IRQHandler                 0x0800292f   Thumb Code     0  startup_stm32f10x_hd.o(.text)
    DMA1_Channel7_IRQHandler                 0x0800292f   Thumb Code     0  startup_stm32f10x_hd.o(.text)
    DMA2_Channel1_IRQHandler                 0x0800292f   Thumb Code     0  startup_stm32f10x_hd.o(.text)
    DMA2_Channel2_IRQHandler                 0x0800292f   Thumb Code     0  startup_stm32f10x_hd.o(.text)
    DMA2_Channel3_IRQHandler                 0x0800292f   Thumb Code     0  startup_stm32f10x_hd.o(.text)
    DMA2_Channel4_5_IRQHandler               0x0800292f   Thumb Code     0  startup_stm32f10x_hd.o(.text)
    EXTI0_IRQHandler                         0x0800292f   Thumb Code     0  startup_stm32f10x_hd.o(.text)
    EXTI15_10_IRQHandler                     0x0800292f   Thumb Code     0  startup_stm32f10x_hd.o(.text)
    EXTI1_IRQHandler                         0x0800292f   Thumb Code     0  startup_stm32f10x_hd.o(.text)
    EXTI2_IRQHandler                         0x0800292f   Thumb Code     0  startup_stm32f10x_hd.o(.text)
    EXTI3_IRQHandler                         0x0800292f   Thumb Code     0  startup_stm32f10x_hd.o(.text)
    EXTI4_IRQHandler                         0x0800292f   Thumb Code     0  startup_stm32f10x_hd.o(.text)
    EXTI9_5_IRQHandler                       0x0800292f   Thumb Code     0  startup_stm32f10x_hd.o(.text)
    FLASH_IRQHandler                         0x0800292f   Thumb Code     0  startup_stm32f10x_hd.o(.text)
    FSMC_IRQHandler                          0x0800292f   Thumb Code     0  startup_stm32f10x_hd.o(.text)
    I2C1_ER_IRQHandler                       0x0800292f   Thumb Code     0  startup_stm32f10x_hd.o(.text)
    I2C1_EV_IRQHandler                       0x0800292f   Thumb Code     0  startup_stm32f10x_hd.o(.text)
    I2C2_ER_IRQHandler                       0x0800292f   Thumb Code     0  startup_stm32f10x_hd.o(.text)
    I2C2_EV_IRQHandler                       0x0800292f   Thumb Code     0  startup_stm32f10x_hd.o(.text)
    PVD_IRQHandler                           0x0800292f   Thumb Code     0  startup_stm32f10x_hd.o(.text)
    RCC_IRQHandler                           0x0800292f   Thumb Code     0  startup_stm32f10x_hd.o(.text)
    RTCAlarm_IRQHandler                      0x0800292f   Thumb Code     0  startup_stm32f10x_hd.o(.text)
    RTC_IRQHandler                           0x0800292f   Thumb Code     0  startup_stm32f10x_hd.o(.text)
    SDIO_IRQHandler                          0x0800292f   Thumb Code     0  startup_stm32f10x_hd.o(.text)
    SPI1_IRQHandler                          0x0800292f   Thumb Code     0  startup_stm32f10x_hd.o(.text)
    SPI2_IRQHandler                          0x0800292f   Thumb Code     0  startup_stm32f10x_hd.o(.text)
    SPI3_IRQHandler                          0x0800292f   Thumb Code     0  startup_stm32f10x_hd.o(.text)
    TAMPER_IRQHandler                        0x0800292f   Thumb Code     0  startup_stm32f10x_hd.o(.text)
    TIM1_BRK_IRQHandler                      0x0800292f   Thumb Code     0  startup_stm32f10x_hd.o(.text)
    TIM1_CC_IRQHandler                       0x0800292f   Thumb Code     0  startup_stm32f10x_hd.o(.text)
    TIM1_TRG_COM_IRQHandler                  0x0800292f   Thumb Code     0  startup_stm32f10x_hd.o(.text)
    TIM1_UP_IRQHandler                       0x0800292f   Thumb Code     0  startup_stm32f10x_hd.o(.text)
    TIM2_IRQHandler                          0x0800292f   Thumb Code     0  startup_stm32f10x_hd.o(.text)
    TIM4_IRQHandler                          0x0800292f   Thumb Code     0  startup_stm32f10x_hd.o(.text)
    TIM6_IRQHandler                          0x0800292f   Thumb Code     0  startup_stm32f10x_hd.o(.text)
    TIM7_IRQHandler                          0x0800292f   Thumb Code     0  startup_stm32f10x_hd.o(.text)
    TIM8_BRK_IRQHandler                      0x0800292f   Thumb Code     0  startup_stm32f10x_hd.o(.text)
    TIM8_CC_IRQHandler                       0x0800292f   Thumb Code     0  startup_stm32f10x_hd.o(.text)
    TIM8_TRG_COM_IRQHandler                  0x0800292f   Thumb Code     0  startup_stm32f10x_hd.o(.text)
    TIM8_UP_IRQHandler                       0x0800292f   Thumb Code     0  startup_stm32f10x_hd.o(.text)
    UART4_IRQHandler                         0x0800292f   Thumb Code     0  startup_stm32f10x_hd.o(.text)
    UART5_IRQHandler                         0x0800292f   Thumb Code     0  startup_stm32f10x_hd.o(.text)
    USART2_IRQHandler                        0x0800292f   Thumb Code     0  startup_stm32f10x_hd.o(.text)
    USART3_IRQHandler                        0x0800292f   Thumb Code     0  startup_stm32f10x_hd.o(.text)
    USBWakeUp_IRQHandler                     0x0800292f   Thumb Code     0  startup_stm32f10x_hd.o(.text)
    USB_HP_CAN1_TX_IRQHandler                0x0800292f   Thumb Code     0  startup_stm32f10x_hd.o(.text)
    USB_LP_CAN1_RX0_IRQHandler               0x0800292f   Thumb Code     0  startup_stm32f10x_hd.o(.text)
    WWDG_IRQHandler                          0x0800292f   Thumb Code     0  startup_stm32f10x_hd.o(.text)
    __user_initial_stackheap                 0x08002931   Thumb Code     0  startup_stm32f10x_hd.o(.text)
    NVIC_PriorityGroupConfig                 0x08002955   Thumb Code    10  misc.o(.text)
    NVIC_Init                                0x0800295f   Thumb Code   100  misc.o(.text)
    NVIC_SetVectorTable                      0x080029c3   Thumb Code    14  misc.o(.text)
    NVIC_SystemLPConfig                      0x080029d1   Thumb Code    34  misc.o(.text)
    SysTick_CLKSourceConfig                  0x080029f3   Thumb Code    40  misc.o(.text)
    GPIO_DeInit                              0x08002a31   Thumb Code   172  stm32f10x_gpio.o(.text)
    GPIO_AFIODeInit                          0x08002add   Thumb Code    20  stm32f10x_gpio.o(.text)
    GPIO_Init                                0x08002af1   Thumb Code   278  stm32f10x_gpio.o(.text)
    GPIO_StructInit                          0x08002c07   Thumb Code    16  stm32f10x_gpio.o(.text)
    GPIO_ReadInputDataBit                    0x08002c17   Thumb Code    18  stm32f10x_gpio.o(.text)
    GPIO_ReadInputData                       0x08002c29   Thumb Code     8  stm32f10x_gpio.o(.text)
    GPIO_ReadOutputDataBit                   0x08002c31   Thumb Code    18  stm32f10x_gpio.o(.text)
    GPIO_ReadOutputData                      0x08002c43   Thumb Code     8  stm32f10x_gpio.o(.text)
    GPIO_SetBits                             0x08002c4b   Thumb Code     4  stm32f10x_gpio.o(.text)
    GPIO_ResetBits                           0x08002c4f   Thumb Code     4  stm32f10x_gpio.o(.text)
    GPIO_WriteBit                            0x08002c53   Thumb Code    10  stm32f10x_gpio.o(.text)
    GPIO_Write                               0x08002c5d   Thumb Code     4  stm32f10x_gpio.o(.text)
    GPIO_PinLockConfig                       0x08002c61   Thumb Code    18  stm32f10x_gpio.o(.text)
    GPIO_EventOutputConfig                   0x08002c73   Thumb Code    26  stm32f10x_gpio.o(.text)
    GPIO_EventOutputCmd                      0x08002c8d   Thumb Code     6  stm32f10x_gpio.o(.text)
    GPIO_PinRemapConfig                      0x08002c93   Thumb Code   138  stm32f10x_gpio.o(.text)
    GPIO_EXTILineConfig                      0x08002d1d   Thumb Code    66  stm32f10x_gpio.o(.text)
    GPIO_ETH_MediaInterfaceConfig            0x08002d5f   Thumb Code     8  stm32f10x_gpio.o(.text)
    RCC_DeInit                               0x08002d8d   Thumb Code    64  stm32f10x_rcc.o(.text)
    RCC_HSEConfig                            0x08002dcd   Thumb Code    70  stm32f10x_rcc.o(.text)
    RCC_GetFlagStatus                        0x08002e13   Thumb Code    56  stm32f10x_rcc.o(.text)
    RCC_WaitForHSEStartUp                    0x08002e4b   Thumb Code    56  stm32f10x_rcc.o(.text)
    RCC_AdjustHSICalibrationValue            0x08002e83   Thumb Code    20  stm32f10x_rcc.o(.text)
    RCC_HSICmd                               0x08002e97   Thumb Code     6  stm32f10x_rcc.o(.text)
    RCC_PLLConfig                            0x08002e9d   Thumb Code    24  stm32f10x_rcc.o(.text)
    RCC_PLLCmd                               0x08002eb5   Thumb Code     6  stm32f10x_rcc.o(.text)
    RCC_SYSCLKConfig                         0x08002ebb   Thumb Code    18  stm32f10x_rcc.o(.text)
    RCC_GetSYSCLKSource                      0x08002ecd   Thumb Code    10  stm32f10x_rcc.o(.text)
    RCC_HCLKConfig                           0x08002ed7   Thumb Code    18  stm32f10x_rcc.o(.text)
    RCC_PCLK1Config                          0x08002ee9   Thumb Code    18  stm32f10x_rcc.o(.text)
    RCC_PCLK2Config                          0x08002efb   Thumb Code    20  stm32f10x_rcc.o(.text)
    RCC_ITConfig                             0x08002f0f   Thumb Code    26  stm32f10x_rcc.o(.text)
    RCC_USBCLKConfig                         0x08002f29   Thumb Code     8  stm32f10x_rcc.o(.text)
    RCC_ADCCLKConfig                         0x08002f31   Thumb Code    18  stm32f10x_rcc.o(.text)
    RCC_LSEConfig                            0x08002f43   Thumb Code    50  stm32f10x_rcc.o(.text)
    RCC_LSICmd                               0x08002f75   Thumb Code     6  stm32f10x_rcc.o(.text)
    RCC_RTCCLKConfig                         0x08002f7b   Thumb Code    12  stm32f10x_rcc.o(.text)
    RCC_RTCCLKCmd                            0x08002f87   Thumb Code     8  stm32f10x_rcc.o(.text)
    RCC_GetClocksFreq                        0x08002f8f   Thumb Code   192  stm32f10x_rcc.o(.text)
    RCC_AHBPeriphClockCmd                    0x0800304f   Thumb Code    26  stm32f10x_rcc.o(.text)
    RCC_APB2PeriphClockCmd                   0x08003069   Thumb Code    26  stm32f10x_rcc.o(.text)
    RCC_APB1PeriphClockCmd                   0x08003083   Thumb Code    26  stm32f10x_rcc.o(.text)
    RCC_APB2PeriphResetCmd                   0x0800309d   Thumb Code    26  stm32f10x_rcc.o(.text)
    RCC_APB1PeriphResetCmd                   0x080030b7   Thumb Code    26  stm32f10x_rcc.o(.text)
    RCC_BackupResetCmd                       0x080030d1   Thumb Code     8  stm32f10x_rcc.o(.text)
    RCC_ClockSecuritySystemCmd               0x080030d9   Thumb Code     6  stm32f10x_rcc.o(.text)
    RCC_MCOConfig                            0x080030df   Thumb Code     6  stm32f10x_rcc.o(.text)
    RCC_ClearFlag                            0x080030e5   Thumb Code    14  stm32f10x_rcc.o(.text)
    RCC_GetITStatus                          0x080030f3   Thumb Code    20  stm32f10x_rcc.o(.text)
    RCC_ClearITPendingBit                    0x08003107   Thumb Code     6  stm32f10x_rcc.o(.text)
    USART_DeInit                             0x08003131   Thumb Code   134  stm32f10x_usart.o(.text)
    USART_Init                               0x080031b7   Thumb Code   210  stm32f10x_usart.o(.text)
    USART_StructInit                         0x08003289   Thumb Code    24  stm32f10x_usart.o(.text)
    USART_ClockInit                          0x080032a1   Thumb Code    34  stm32f10x_usart.o(.text)
    USART_ClockStructInit                    0x080032c3   Thumb Code    12  stm32f10x_usart.o(.text)
    USART_Cmd                                0x080032cf   Thumb Code    24  stm32f10x_usart.o(.text)
    USART_ITConfig                           0x080032e7   Thumb Code    74  stm32f10x_usart.o(.text)
    USART_DMACmd                             0x08003331   Thumb Code    18  stm32f10x_usart.o(.text)
    USART_SetAddress                         0x08003343   Thumb Code    18  stm32f10x_usart.o(.text)
    USART_WakeUpConfig                       0x08003355   Thumb Code    18  stm32f10x_usart.o(.text)
    USART_ReceiverWakeUpCmd                  0x08003367   Thumb Code    24  stm32f10x_usart.o(.text)
    USART_LINBreakDetectLengthConfig         0x0800337f   Thumb Code    18  stm32f10x_usart.o(.text)
    USART_LINCmd                             0x08003391   Thumb Code    24  stm32f10x_usart.o(.text)
    USART_SendData                           0x080033a9   Thumb Code     8  stm32f10x_usart.o(.text)
    USART_ReceiveData                        0x080033b1   Thumb Code    10  stm32f10x_usart.o(.text)
    USART_SendBreak                          0x080033bb   Thumb Code    10  stm32f10x_usart.o(.text)
    USART_SetGuardTime                       0x080033c5   Thumb Code    16  stm32f10x_usart.o(.text)
    USART_SetPrescaler                       0x080033d5   Thumb Code    16  stm32f10x_usart.o(.text)
    USART_SmartCardCmd                       0x080033e5   Thumb Code    24  stm32f10x_usart.o(.text)
    USART_SmartCardNACKCmd                   0x080033fd   Thumb Code    24  stm32f10x_usart.o(.text)
    USART_HalfDuplexCmd                      0x08003415   Thumb Code    24  stm32f10x_usart.o(.text)
    USART_OverSampling8Cmd                   0x0800342d   Thumb Code    22  stm32f10x_usart.o(.text)
    USART_OneBitMethodCmd                    0x08003443   Thumb Code    24  stm32f10x_usart.o(.text)
    USART_IrDAConfig                         0x0800345b   Thumb Code    18  stm32f10x_usart.o(.text)
    USART_IrDACmd                            0x0800346d   Thumb Code    24  stm32f10x_usart.o(.text)
    USART_GetFlagStatus                      0x08003485   Thumb Code    26  stm32f10x_usart.o(.text)
    USART_ClearFlag                          0x0800349f   Thumb Code    18  stm32f10x_usart.o(.text)
    USART_GetITStatus                        0x080034b1   Thumb Code    84  stm32f10x_usart.o(.text)
    USART_ClearITPendingBit                  0x08003505   Thumb Code    52  stm32f10x_usart.o(.text)
    TIM_DeInit                               0x08003539   Thumb Code   424  stm32f10x_tim.o(.text)
    TIM_TimeBaseInit                         0x080036e1   Thumb Code   122  stm32f10x_tim.o(.text)
    TIM_OC1Init                              0x0800375b   Thumb Code   132  stm32f10x_tim.o(.text)
    TIM_OC2Init                              0x080037df   Thumb Code   154  stm32f10x_tim.o(.text)
    TIM_OC3Init                              0x08003879   Thumb Code   150  stm32f10x_tim.o(.text)
    TIM_OC4Init                              0x0800390f   Thumb Code   182  stm32f10x_tim.o(.text)
    TIM_SetIC4Prescaler                      0x080039c5   Thumb Code    26  stm32f10x_tim.o(.text)
    TIM_SetIC3Prescaler                      0x08003a61   Thumb Code    18  stm32f10x_tim.o(.text)
    TIM_SetIC2Prescaler                      0x08003aed   Thumb Code    26  stm32f10x_tim.o(.text)
    TIM_SetIC1Prescaler                      0x08003b89   Thumb Code    18  stm32f10x_tim.o(.text)
    TIM_ICInit                               0x08003c07   Thumb Code   150  stm32f10x_tim.o(.text)
    TIM_PWMIConfig                           0x08003c9d   Thumb Code   124  stm32f10x_tim.o(.text)
    TIM_BDTRConfig                           0x08003d19   Thumb Code    32  stm32f10x_tim.o(.text)
    TIM_TimeBaseStructInit                   0x08003d39   Thumb Code    18  stm32f10x_tim.o(.text)
    TIM_OCStructInit                         0x08003d4b   Thumb Code    20  stm32f10x_tim.o(.text)
    TIM_ICStructInit                         0x08003d5f   Thumb Code    18  stm32f10x_tim.o(.text)
    TIM_BDTRStructInit                       0x08003d71   Thumb Code    40  stm32f10x_tim.o(.text)
    TIM_Cmd                                  0x08003d99   Thumb Code    24  stm32f10x_tim.o(.text)
    TIM_CtrlPWMOutputs                       0x08003db1   Thumb Code    30  stm32f10x_tim.o(.text)
    TIM_ITConfig                             0x08003dcf   Thumb Code    18  stm32f10x_tim.o(.text)
    TIM_GenerateEvent                        0x08003de1   Thumb Code     4  stm32f10x_tim.o(.text)
    TIM_DMAConfig                            0x08003de5   Thumb Code    10  stm32f10x_tim.o(.text)
    TIM_DMACmd                               0x08003def   Thumb Code    18  stm32f10x_tim.o(.text)
    TIM_InternalClockConfig                  0x08003e01   Thumb Code    12  stm32f10x_tim.o(.text)
    TIM_SelectInputTrigger                   0x08003e0d   Thumb Code    18  stm32f10x_tim.o(.text)
    TIM_ITRxExternalClockConfig              0x08003e1f   Thumb Code    24  stm32f10x_tim.o(.text)
    TIM_TIxExternalClockConfig               0x08003e37   Thumb Code    62  stm32f10x_tim.o(.text)
    TIM_ETRConfig                            0x08003e75   Thumb Code    28  stm32f10x_tim.o(.text)
    TIM_ETRClockMode1Config                  0x08003e91   Thumb Code    54  stm32f10x_tim.o(.text)
    TIM_ETRClockMode2Config                  0x08003ec7   Thumb Code    32  stm32f10x_tim.o(.text)
    TIM_PrescalerConfig                      0x08003ee7   Thumb Code     6  stm32f10x_tim.o(.text)
    TIM_CounterModeConfig                    0x08003eed   Thumb Code    18  stm32f10x_tim.o(.text)
    TIM_EncoderInterfaceConfig               0x08003eff   Thumb Code    66  stm32f10x_tim.o(.text)
    TIM_ForcedOC1Config                      0x08003f41   Thumb Code    18  stm32f10x_tim.o(.text)
    TIM_ForcedOC2Config                      0x08003f53   Thumb Code    26  stm32f10x_tim.o(.text)
    TIM_ForcedOC3Config                      0x08003f6d   Thumb Code    18  stm32f10x_tim.o(.text)
    TIM_ForcedOC4Config                      0x08003f7f   Thumb Code    26  stm32f10x_tim.o(.text)
    TIM_ARRPreloadConfig                     0x08003f99   Thumb Code    24  stm32f10x_tim.o(.text)
    TIM_SelectCOM                            0x08003fb1   Thumb Code    24  stm32f10x_tim.o(.text)
    TIM_SelectCCDMA                          0x08003fc9   Thumb Code    24  stm32f10x_tim.o(.text)
    TIM_CCPreloadControl                     0x08003fe1   Thumb Code    24  stm32f10x_tim.o(.text)
    TIM_OC1PreloadConfig                     0x08003ff9   Thumb Code    18  stm32f10x_tim.o(.text)
    TIM_OC2PreloadConfig                     0x0800400b   Thumb Code    26  stm32f10x_tim.o(.text)
    TIM_OC3PreloadConfig                     0x08004025   Thumb Code    18  stm32f10x_tim.o(.text)
    TIM_OC4PreloadConfig                     0x08004037   Thumb Code    26  stm32f10x_tim.o(.text)
    TIM_OC1FastConfig                        0x08004051   Thumb Code    18  stm32f10x_tim.o(.text)
    TIM_OC2FastConfig                        0x08004063   Thumb Code    26  stm32f10x_tim.o(.text)
    TIM_OC3FastConfig                        0x0800407d   Thumb Code    18  stm32f10x_tim.o(.text)
    TIM_OC4FastConfig                        0x0800408f   Thumb Code    26  stm32f10x_tim.o(.text)
    TIM_ClearOC1Ref                          0x080040a9   Thumb Code    18  stm32f10x_tim.o(.text)
    TIM_ClearOC2Ref                          0x080040bb   Thumb Code    24  stm32f10x_tim.o(.text)
    TIM_ClearOC3Ref                          0x080040d3   Thumb Code    18  stm32f10x_tim.o(.text)
    TIM_ClearOC4Ref                          0x080040e5   Thumb Code    24  stm32f10x_tim.o(.text)
    TIM_OC1PolarityConfig                    0x080040fd   Thumb Code    18  stm32f10x_tim.o(.text)
    TIM_OC1NPolarityConfig                   0x0800410f   Thumb Code    18  stm32f10x_tim.o(.text)
    TIM_OC2PolarityConfig                    0x08004121   Thumb Code    26  stm32f10x_tim.o(.text)
    TIM_OC2NPolarityConfig                   0x0800413b   Thumb Code    26  stm32f10x_tim.o(.text)
    TIM_OC3PolarityConfig                    0x08004155   Thumb Code    26  stm32f10x_tim.o(.text)
    TIM_OC3NPolarityConfig                   0x0800416f   Thumb Code    26  stm32f10x_tim.o(.text)
    TIM_OC4PolarityConfig                    0x08004189   Thumb Code    26  stm32f10x_tim.o(.text)
    TIM_CCxCmd                               0x080041a3   Thumb Code    30  stm32f10x_tim.o(.text)
    TIM_CCxNCmd                              0x080041c1   Thumb Code    30  stm32f10x_tim.o(.text)
    TIM_SelectOCxM                           0x080041df   Thumb Code    82  stm32f10x_tim.o(.text)
    TIM_UpdateDisableConfig                  0x08004231   Thumb Code    24  stm32f10x_tim.o(.text)
    TIM_UpdateRequestConfig                  0x08004249   Thumb Code    24  stm32f10x_tim.o(.text)
    TIM_SelectHallSensor                     0x08004261   Thumb Code    24  stm32f10x_tim.o(.text)
    TIM_SelectOnePulseMode                   0x08004279   Thumb Code    18  stm32f10x_tim.o(.text)
    TIM_SelectOutputTrigger                  0x0800428b   Thumb Code    18  stm32f10x_tim.o(.text)
    TIM_SelectSlaveMode                      0x0800429d   Thumb Code    18  stm32f10x_tim.o(.text)
    TIM_SelectMasterSlaveMode                0x080042af   Thumb Code    18  stm32f10x_tim.o(.text)
    TIM_SetCounter                           0x080042c1   Thumb Code     4  stm32f10x_tim.o(.text)
    TIM_SetAutoreload                        0x080042c5   Thumb Code     4  stm32f10x_tim.o(.text)
    TIM_SetCompare1                          0x080042c9   Thumb Code     4  stm32f10x_tim.o(.text)
    TIM_SetCompare2                          0x080042cd   Thumb Code     4  stm32f10x_tim.o(.text)
    TIM_SetCompare3                          0x080042d1   Thumb Code     4  stm32f10x_tim.o(.text)
    TIM_SetCompare4                          0x080042d5   Thumb Code     6  stm32f10x_tim.o(.text)
    TIM_SetClockDivision                     0x080042db   Thumb Code    18  stm32f10x_tim.o(.text)
    TIM_GetCapture1                          0x080042ed   Thumb Code     6  stm32f10x_tim.o(.text)
    TIM_GetCapture2                          0x080042f3   Thumb Code     6  stm32f10x_tim.o(.text)
    TIM_GetCapture3                          0x080042f9   Thumb Code     6  stm32f10x_tim.o(.text)
    TIM_GetCapture4                          0x080042ff   Thumb Code     8  stm32f10x_tim.o(.text)
    TIM_GetCounter                           0x08004307   Thumb Code     6  stm32f10x_tim.o(.text)
    TIM_GetPrescaler                         0x0800430d   Thumb Code     6  stm32f10x_tim.o(.text)
    TIM_GetFlagStatus                        0x08004313   Thumb Code    18  stm32f10x_tim.o(.text)
    TIM_ClearFlag                            0x08004325   Thumb Code     6  stm32f10x_tim.o(.text)
    TIM_GetITStatus                          0x0800432b   Thumb Code    34  stm32f10x_tim.o(.text)
    TIM_ClearITPendingBit                    0x0800434d   Thumb Code     6  stm32f10x_tim.o(.text)
    ADC_DeInit                               0x08004355   Thumb Code    78  stm32f10x_adc.o(.text)
    ADC_Init                                 0x080043a3   Thumb Code    70  stm32f10x_adc.o(.text)
    ADC_StructInit                           0x080043e9   Thumb Code    18  stm32f10x_adc.o(.text)
    ADC_Cmd                                  0x080043fb   Thumb Code    22  stm32f10x_adc.o(.text)
    ADC_DMACmd                               0x08004411   Thumb Code    22  stm32f10x_adc.o(.text)
    ADC_ITConfig                             0x08004427   Thumb Code    24  stm32f10x_adc.o(.text)
    ADC_ResetCalibration                     0x0800443f   Thumb Code    10  stm32f10x_adc.o(.text)
    ADC_GetResetCalibrationStatus            0x08004449   Thumb Code    20  stm32f10x_adc.o(.text)
    ADC_StartCalibration                     0x0800445d   Thumb Code    10  stm32f10x_adc.o(.text)
    ADC_GetCalibrationStatus                 0x08004467   Thumb Code    20  stm32f10x_adc.o(.text)
    ADC_SoftwareStartConvCmd                 0x0800447b   Thumb Code    22  stm32f10x_adc.o(.text)
    ADC_GetSoftwareStartConvStatus           0x08004491   Thumb Code    20  stm32f10x_adc.o(.text)
    ADC_DiscModeChannelCountConfig           0x080044a5   Thumb Code    24  stm32f10x_adc.o(.text)
    ADC_DiscModeCmd                          0x080044bd   Thumb Code    22  stm32f10x_adc.o(.text)
    ADC_RegularChannelConfig                 0x080044d3   Thumb Code   184  stm32f10x_adc.o(.text)
    ADC_ExternalTrigConvCmd                  0x0800458b   Thumb Code    22  stm32f10x_adc.o(.text)
    ADC_GetConversionValue                   0x080045a1   Thumb Code     8  stm32f10x_adc.o(.text)
    ADC_GetDualModeConversionValue           0x080045a9   Thumb Code     8  stm32f10x_adc.o(.text)
    ADC_AutoInjectedConvCmd                  0x080045b1   Thumb Code    22  stm32f10x_adc.o(.text)
    ADC_InjectedDiscModeCmd                  0x080045c7   Thumb Code    22  stm32f10x_adc.o(.text)
    ADC_ExternalTrigInjectedConvConfig       0x080045dd   Thumb Code    16  stm32f10x_adc.o(.text)
    ADC_ExternalTrigInjectedConvCmd          0x080045ed   Thumb Code    22  stm32f10x_adc.o(.text)
    ADC_SoftwareStartInjectedConvCmd         0x08004603   Thumb Code    22  stm32f10x_adc.o(.text)
    ADC_GetSoftwareStartInjectedConvCmdStatus 0x08004619   Thumb Code    20  stm32f10x_adc.o(.text)
    ADC_InjectedChannelConfig                0x0800462d   Thumb Code   130  stm32f10x_adc.o(.text)
    ADC_InjectedSequencerLengthConfig        0x080046af   Thumb Code    24  stm32f10x_adc.o(.text)
    ADC_SetInjectedOffset                    0x080046c7   Thumb Code    20  stm32f10x_adc.o(.text)
    ADC_GetInjectedConversionValue           0x080046db   Thumb Code    28  stm32f10x_adc.o(.text)
    ADC_AnalogWatchdogCmd                    0x080046f7   Thumb Code    16  stm32f10x_adc.o(.text)
    ADC_AnalogWatchdogThresholdsConfig       0x08004707   Thumb Code     6  stm32f10x_adc.o(.text)
    ADC_AnalogWatchdogSingleChannelConfig    0x0800470d   Thumb Code    16  stm32f10x_adc.o(.text)
    ADC_TempSensorVrefintCmd                 0x0800471d   Thumb Code    64  stm32f10x_adc.o(.text)
    ADC_GetFlagStatus                        0x0800475d   Thumb Code    18  stm32f10x_adc.o(.text)
    ADC_ClearFlag                            0x0800476f   Thumb Code     6  stm32f10x_adc.o(.text)
    ADC_GetITStatus                          0x08004775   Thumb Code    36  stm32f10x_adc.o(.text)
    ADC_ClearITPendingBit                    0x08004799   Thumb Code    10  stm32f10x_adc.o(.text)
    __use_no_semihosting                     0x080047a3   Thumb Code     2  use_no_semi_2.o(.text)
    __2sprintf                               0x080047a5   Thumb Code    34  noretval__2sprintf.o(.text)
    _printf_pre_padding                      0x080047cd   Thumb Code    44  _printf_pad.o(.text)
    _printf_post_padding                     0x080047f9   Thumb Code    34  _printf_pad.o(.text)
    _printf_int_dec                          0x0800481d   Thumb Code   104  _printf_dec.o(.text)
    _printf_int_hex                          0x08004895   Thumb Code    84  _printf_hex_int.o(.text)
    _printf_longlong_hex                     0x08004895   Thumb Code     0  _printf_hex_int.o(.text)
    __printf                                 0x080048ed   Thumb Code   308  __printf_flags_wp.o(.text)
    __aeabi_memcpy                           0x08004a25   Thumb Code     0  rt_memcpy_v6.o(.text)
    __rt_memcpy                              0x08004a25   Thumb Code   138  rt_memcpy_v6.o(.text)
    _memcpy_lastbytes                        0x08004a8b   Thumb Code     0  rt_memcpy_v6.o(.text)
    __aeabi_memcpy4                          0x08004aaf   Thumb Code     0  rt_memcpy_w.o(.text)
    __aeabi_memcpy8                          0x08004aaf   Thumb Code     0  rt_memcpy_w.o(.text)
    __rt_memcpy_w                            0x08004aaf   Thumb Code   100  rt_memcpy_w.o(.text)
    _memcpy_lastbytes_aligned                0x08004af7   Thumb Code     0  rt_memcpy_w.o(.text)
    __use_two_region_memory                  0x08004b13   Thumb Code     2  heapauxi.o(.text)
    __rt_heap_escrow$2region                 0x08004b15   Thumb Code     2  heapauxi.o(.text)
    __rt_heap_expand$2region                 0x08004b17   Thumb Code     2  heapauxi.o(.text)
    __I$use$semihosting                      0x08004b19   Thumb Code     0  use_no_semi.o(.text)
    __use_no_semihosting_swi                 0x08004b19   Thumb Code     2  use_no_semi.o(.text)
    _printf_int_common                       0x08004b1b   Thumb Code   178  _printf_intcommon.o(.text)
    _printf_char_common                      0x08004bd7   Thumb Code    32  _printf_char_common.o(.text)
    _sputc                                   0x08004bfd   Thumb Code    10  _sputc.o(.text)
    __user_setup_stackheap                   0x08004c07   Thumb Code    74  sys_stackheap_outer.o(.text)
    exit                                     0x08004c51   Thumb Code    12  exit.o(.text)
    __user_libspace                          0x08004c5d   Thumb Code     8  libspace.o(.text)
    __user_perproc_libspace                  0x08004c5d   Thumb Code     0  libspace.o(.text)
    __user_perthread_libspace                0x08004c5d   Thumb Code     0  libspace.o(.text)
    _is_digit                                0x08004c65   Thumb Code    14  __printf_wp.o(i._is_digit)
    __aeabi_ddiv                             0x08004c75   Thumb Code     0  ddiv.o(x$fpl$ddiv)
    _ddiv                                    0x08004c75   Thumb Code   552  ddiv.o(x$fpl$ddiv)
    __aeabi_d2uiz                            0x08004f25   Thumb Code     0  dfixu.o(x$fpl$dfixu)
    _dfixu                                   0x08004f25   Thumb Code    90  dfixu.o(x$fpl$dfixu)
    __aeabi_ui2d                             0x08004f7f   Thumb Code     0  dflt_clz.o(x$fpl$dfltu)
    _dfltu                                   0x08004f7f   Thumb Code    38  dflt_clz.o(x$fpl$dfltu)
    __aeabi_dmul                             0x08004fa5   Thumb Code     0  dmul.o(x$fpl$dmul)
    _dmul                                    0x08004fa5   Thumb Code   332  dmul.o(x$fpl$dmul)
    __fpl_dnaninf                            0x080050f9   Thumb Code   156  dnaninf.o(x$fpl$dnaninf)
    __fpl_dretinf                            0x08005195   Thumb Code    12  dretinf.o(x$fpl$dretinf)
    __I$use$fp                               0x080051a0   Number         0  usenofp.o(x$fpl$usenofp)
    Region$$Table$$Base                      0x080051dc   Number         0  anon$$obj.o(Region$$Table)
    Region$$Table$$Limit                     0x080051fc   Number         0  anon$$obj.o(Region$$Table)
    report_flag                              0x20000000   Data           4  main.o(.data)
    check_flag                               0x20000004   Data           4  main.o(.data)
    warn_ignore_flag                         0x20000008   Data           4  main.o(.data)
    input_package_index                      0x2000000c   Data           4  main.o(.data)
    output_package_index                     0x20000010   Data           4  main.o(.data)
    module_index                             0x20000014   Data           4  main.o(.data)
    auto_control_flag                        0x20000018   Data           2  main.o(.data)
    count_flag                               0x2000001a   Data           2  main.o(.data)
    pre_count                                0x2000001c   Data           4  main.o(.data)
    cur_count                                0x20000020   Data           4  main.o(.data)
    nGUA_Battery_Check_Value                 0x20000024   Data           2  main.o(.data)
    SystemCoreClock                          0x20000028   Data           4  system_stm32f10x.o(.data)
    AHBPrescTable                            0x2000002c   Data          16  system_stm32f10x.o(.data)
    kp                                       0x2000003c   Data           8  data.o(.data)
    cur                                      0x20000044   Data          10  data.o(.data)
    ws                                       0x2000004e   Data           3  data.o(.data)
    tim                                      0x20000052   Data           6  data.o(.data)
    debug_A                                  0x20000058   Data           1  data.o(.data)
    debug_B                                  0x20000059   Data           1  data.o(.data)
    debug_C                                  0x2000005a   Data           1  data.o(.data)
    debug_D                                  0x2000005b   Data           1  data.o(.data)
    PADDING                                  0x2000005c   Data          64  md5.o(.data)
    TIM5CH1_CAPTURE_STA                      0x2000009c   Data           1  timer.o(.data)
    TIM5CH1_CAPTURE_VAL                      0x2000009e   Data           2  timer.o(.data)
    Secure_Key                               0x200000a0   Data          16  verify_helper.o(.data)
    __stdout                                 0x200000b0   Data           4  usart.o(.data)
    USART_RX_STA                             0x200000b4   Data           2  usart.o(.data)
    TIM5_ICInitStructure                     0x200000cc   Data          10  timer.o(.bss)
    USART_RX_BUF                             0x200000d6   Data         200  usart.o(.bss)
    __libspace_start                         0x200001a0   Data          96  libspace.o(.bss)
    __temporary_stack_top$libspace           0x20000200   Data           0  libspace.o(.bss)



==============================================================================

Memory Map of the image

  Image Entry point : 0x08000131

  Load Region LR_IROM1 (Base: 0x08000000, Size: 0x000052c8, Max: 0x00040000, ABSOLUTE)

    Execution Region ER_IROM1 (Base: 0x08000000, Size: 0x000051fc, Max: 0x00040000, ABSOLUTE)

    Base Addr    Size         Type   Attr      Idx    E Section Name        Object

    0x08000000   0x00000130   Data   RO          421    RESET               startup_stm32f10x_hd.o
    0x08000130   0x00000008   Code   RO          574  * !!!main             c_w.l(__main.o)
    0x08000138   0x00000034   Code   RO          758    !!!scatter          c_w.l(__scatter.o)
    0x0800016c   0x0000001a   Code   RO          760    !!handler_copy      c_w.l(__scatter_copy.o)
    0x08000186   0x00000002   PAD
    0x08000188   0x0000001c   Code   RO          762    !!handler_zi        c_w.l(__scatter_zi.o)
    0x080001a4   0x00000000   Code   RO          567    .ARM.Collect$$_printf_percent$$00000000  c_w.l(_printf_percent.o)
    0x080001a4   0x00000006   Code   RO          566    .ARM.Collect$$_printf_percent$$00000009  c_w.l(_printf_d.o)
    0x080001aa   0x00000006   Code   RO          565    .ARM.Collect$$_printf_percent$$0000000C  c_w.l(_printf_x.o)
    0x080001b0   0x00000004   Code   RO          601    .ARM.Collect$$_printf_percent$$00000017  c_w.l(_printf_percent_end.o)
    0x080001b4   0x00000002   Code   RO          633    .ARM.Collect$$libinit$$00000000  c_w.l(libinit.o)
    0x080001b6   0x00000000   Code   RO          640    .ARM.Collect$$libinit$$00000002  c_w.l(libinit2.o)
    0x080001b6   0x00000000   Code   RO          642    .ARM.Collect$$libinit$$00000004  c_w.l(libinit2.o)
    0x080001b6   0x00000000   Code   RO          645    .ARM.Collect$$libinit$$0000000A  c_w.l(libinit2.o)
    0x080001b6   0x00000000   Code   RO          647    .ARM.Collect$$libinit$$0000000C  c_w.l(libinit2.o)
    0x080001b6   0x00000000   Code   RO          649    .ARM.Collect$$libinit$$0000000E  c_w.l(libinit2.o)
    0x080001b6   0x00000000   Code   RO          652    .ARM.Collect$$libinit$$00000011  c_w.l(libinit2.o)
    0x080001b6   0x00000000   Code   RO          654    .ARM.Collect$$libinit$$00000013  c_w.l(libinit2.o)
    0x080001b6   0x00000000   Code   RO          656    .ARM.Collect$$libinit$$00000015  c_w.l(libinit2.o)
    0x080001b6   0x00000000   Code   RO          658    .ARM.Collect$$libinit$$00000017  c_w.l(libinit2.o)
    0x080001b6   0x00000000   Code   RO          660    .ARM.Collect$$libinit$$00000019  c_w.l(libinit2.o)
    0x080001b6   0x00000000   Code   RO          662    .ARM.Collect$$libinit$$0000001B  c_w.l(libinit2.o)
    0x080001b6   0x00000000   Code   RO          664    .ARM.Collect$$libinit$$0000001D  c_w.l(libinit2.o)
    0x080001b6   0x00000000   Code   RO          666    .ARM.Collect$$libinit$$0000001F  c_w.l(libinit2.o)
    0x080001b6   0x00000000   Code   RO          668    .ARM.Collect$$libinit$$00000021  c_w.l(libinit2.o)
    0x080001b6   0x00000000   Code   RO          670    .ARM.Collect$$libinit$$00000023  c_w.l(libinit2.o)
    0x080001b6   0x00000000   Code   RO          672    .ARM.Collect$$libinit$$00000025  c_w.l(libinit2.o)
    0x080001b6   0x00000000   Code   RO          676    .ARM.Collect$$libinit$$0000002C  c_w.l(libinit2.o)
    0x080001b6   0x00000000   Code   RO          678    .ARM.Collect$$libinit$$0000002E  c_w.l(libinit2.o)
    0x080001b6   0x00000000   Code   RO          680    .ARM.Collect$$libinit$$00000030  c_w.l(libinit2.o)
    0x080001b6   0x00000000   Code   RO          682    .ARM.Collect$$libinit$$00000032  c_w.l(libinit2.o)
    0x080001b6   0x00000002   Code   RO          683    .ARM.Collect$$libinit$$00000033  c_w.l(libinit2.o)
    0x080001b8   0x00000002   Code   RO          701    .ARM.Collect$$libshutdown$$00000000  c_w.l(libshutdown.o)
    0x080001ba   0x00000000   Code   RO          712    .ARM.Collect$$libshutdown$$00000003  c_w.l(libshutdown2.o)
    0x080001ba   0x00000000   Code   RO          715    .ARM.Collect$$libshutdown$$00000006  c_w.l(libshutdown2.o)
    0x080001ba   0x00000000   Code   RO          718    .ARM.Collect$$libshutdown$$00000009  c_w.l(libshutdown2.o)
    0x080001ba   0x00000000   Code   RO          720    .ARM.Collect$$libshutdown$$0000000B  c_w.l(libshutdown2.o)
    0x080001ba   0x00000000   Code   RO          723    .ARM.Collect$$libshutdown$$0000000E  c_w.l(libshutdown2.o)
    0x080001ba   0x00000002   Code   RO          724    .ARM.Collect$$libshutdown$$0000000F  c_w.l(libshutdown2.o)
    0x080001bc   0x00000000   Code   RO          594    .ARM.Collect$$rtentry$$00000000  c_w.l(__rtentry.o)
    0x080001bc   0x00000000   Code   RO          608    .ARM.Collect$$rtentry$$00000002  c_w.l(__rtentry2.o)
    0x080001bc   0x00000006   Code   RO          620    .ARM.Collect$$rtentry$$00000004  c_w.l(__rtentry4.o)
    0x080001c2   0x00000000   Code   RO          610    .ARM.Collect$$rtentry$$00000009  c_w.l(__rtentry2.o)
    0x080001c2   0x00000004   Code   RO          611    .ARM.Collect$$rtentry$$0000000A  c_w.l(__rtentry2.o)
    0x080001c6   0x00000000   Code   RO          613    .ARM.Collect$$rtentry$$0000000C  c_w.l(__rtentry2.o)
    0x080001c6   0x00000008   Code   RO          614    .ARM.Collect$$rtentry$$0000000D  c_w.l(__rtentry2.o)
    0x080001ce   0x00000002   Code   RO          637    .ARM.Collect$$rtexit$$00000000  c_w.l(rtexit.o)
    0x080001d0   0x00000000   Code   RO          685    .ARM.Collect$$rtexit$$00000002  c_w.l(rtexit2.o)
    0x080001d0   0x00000004   Code   RO          686    .ARM.Collect$$rtexit$$00000003  c_w.l(rtexit2.o)
    0x080001d4   0x00000006   Code   RO          687    .ARM.Collect$$rtexit$$00000004  c_w.l(rtexit2.o)
    0x080001da   0x00000002   PAD
    0x080001dc   0x00000984   Code   RO            1    .text               main.o
    0x08000b60   0x0000001a   Code   RO          150    .text               stm32f10x_it.o
    0x08000b7a   0x00000002   PAD
    0x08000b7c   0x000001e0   Code   RO          191    .text               system_stm32f10x.o
    0x08000d5c   0x000000fa   Code   RO          209    .text               pcf8591.o
    0x08000e56   0x00000002   PAD
    0x08000e58   0x00000554   Code   RO          221    .text               iic.o
    0x080013ac   0x00000044   Code   RO          233    .text               emv.o
    0x080013f0   0x000002a4   Code   RO          249    .text               data.o
    0x08001694   0x00000944   Code   RO          268    .text               md5.o
    0x08001fd8   0x000003e0   Code   RO          283    .text               sim.o
    0x080023b8   0x00000104   Code   RO          298    .text               timer.o
    0x080024bc   0x000000a4   Code   RO          318    .text               verify_helper.o
    0x08002560   0x00000032   Code   RO          333    .text               gua_battery_check.o
    0x08002592   0x00000002   PAD
    0x08002594   0x000000e4   Code   RO          351    .text               gua_adc1.o
    0x08002678   0x00000250   Code   RO          380    .text               usart.o
    0x080028c8   0x0000004c   Code   RO          407    .text               delay.o
    0x08002914   0x00000040   Code   RO          422    .text               startup_stm32f10x_hd.o
    0x08002954   0x000000dc   Code   RO          436    .text               misc.o
    0x08002a30   0x0000035c   Code   RO          448    .text               stm32f10x_gpio.o
    0x08002d8c   0x000003a4   Code   RO          460    .text               stm32f10x_rcc.o
    0x08003130   0x00000408   Code   RO          474    .text               stm32f10x_usart.o
    0x08003538   0x00000e1a   Code   RO          486    .text               stm32f10x_tim.o
    0x08004352   0x00000002   PAD
    0x08004354   0x0000044e   Code   RO          498    .text               stm32f10x_adc.o
    0x080047a2   0x00000002   Code   RO          512    .text               c_w.l(use_no_semi_2.o)
    0x080047a4   0x00000028   Code   RO          516    .text               c_w.l(noretval__2sprintf.o)
    0x080047cc   0x0000004e   Code   RO          520    .text               c_w.l(_printf_pad.o)
    0x0800481a   0x00000002   PAD
    0x0800481c   0x00000078   Code   RO          522    .text               c_w.l(_printf_dec.o)
    0x08004894   0x00000058   Code   RO          527    .text               c_w.l(_printf_hex_int.o)
    0x080048ec   0x00000138   Code   RO          557    .text               c_w.l(__printf_flags_wp.o)
    0x08004a24   0x0000008a   Code   RO          568    .text               c_w.l(rt_memcpy_v6.o)
    0x08004aae   0x00000064   Code   RO          570    .text               c_w.l(rt_memcpy_w.o)
    0x08004b12   0x00000006   Code   RO          572    .text               c_w.l(heapauxi.o)
    0x08004b18   0x00000002   Code   RO          592    .text               c_w.l(use_no_semi.o)
    0x08004b1a   0x000000b2   Code   RO          595    .text               c_w.l(_printf_intcommon.o)
    0x08004bcc   0x00000030   Code   RO          597    .text               c_w.l(_printf_char_common.o)
    0x08004bfc   0x0000000a   Code   RO          599    .text               c_w.l(_sputc.o)
    0x08004c06   0x0000004a   Code   RO          624    .text               c_w.l(sys_stackheap_outer.o)
    0x08004c50   0x0000000c   Code   RO          626    .text               c_w.l(exit.o)
    0x08004c5c   0x00000008   Code   RO          634    .text               c_w.l(libspace.o)
    0x08004c64   0x0000000e   Code   RO          555    i._is_digit         c_w.l(__printf_wp.o)
    0x08004c72   0x00000002   PAD
    0x08004c74   0x000002b0   Code   RO          577    x$fpl$ddiv          fz_ws.l(ddiv.o)
    0x08004f24   0x0000005a   Code   RO          580    x$fpl$dfixu         fz_ws.l(dfixu.o)
    0x08004f7e   0x00000026   Code   RO          584    x$fpl$dfltu         fz_ws.l(dflt_clz.o)
    0x08004fa4   0x00000154   Code   RO          590    x$fpl$dmul          fz_ws.l(dmul.o)
    0x080050f8   0x0000009c   Code   RO          602    x$fpl$dnaninf       fz_ws.l(dnaninf.o)
    0x08005194   0x0000000c   Code   RO          604    x$fpl$dretinf       fz_ws.l(dretinf.o)
    0x080051a0   0x00000000   Code   RO          606    x$fpl$usenofp       fz_ws.l(usenofp.o)
    0x080051a0   0x00000028   Data   RO          528    .constdata          c_w.l(_printf_hex_int.o)
    0x080051c8   0x00000011   Data   RO          558    .constdata          c_w.l(__printf_flags_wp.o)
    0x080051d9   0x00000003   PAD
    0x080051dc   0x00000020   Data   RO          756    Region$$Table       anon$$obj.o


    Execution Region RW_IRAM1 (Base: 0x20000000, Size: 0x00000800, Max: 0x0000c000, ABSOLUTE)

    Base Addr    Size         Type   Attr      Idx    E Section Name        Object

    0x20000000   0x00000026   Data   RW            2    .data               main.o
    0x20000026   0x00000002   PAD
    0x20000028   0x00000014   Data   RW          192    .data               system_stm32f10x.o
    0x2000003c   0x00000020   Data   RW          250    .data               data.o
    0x2000005c   0x00000040   Data   RW          269    .data               md5.o
    0x2000009c   0x00000004   Data   RW          300    .data               timer.o
    0x200000a0   0x00000010   Data   RW          319    .data               verify_helper.o
    0x200000b0   0x00000006   Data   RW          382    .data               usart.o
    0x200000b6   0x00000014   Data   RW          461    .data               stm32f10x_rcc.o
    0x200000ca   0x00000002   PAD
    0x200000cc   0x0000000a   Zero   RW          299    .bss                timer.o
    0x200000d6   0x000000c8   Zero   RW          381    .bss                usart.o
    0x2000019e   0x00000002   PAD
    0x200001a0   0x00000060   Zero   RW          635    .bss                c_w.l(libspace.o)
    0x20000200   0x00000200   Zero   RW          420    HEAP                startup_stm32f10x_hd.o
    0x20000400   0x00000400   Zero   RW          419    STACK               startup_stm32f10x_hd.o


==============================================================================

Image component sizes


      Code (inc. data)   RO Data    RW Data    ZI Data      Debug   Object Name

       676         38          0         32          0       3396   data.o
        76          0          0          0          0        770   delay.o
        68          6          0          0          0        626   emv.o
       228         10          0          0          0       1057   gua_adc1.o
        50          0          0          0          0       1116   gua_battery_check.o
      1364         16          0          0          0       3968   iic.o
      2436        206          0         38          0     282755   main.o
      2372        264          0         64          0       3064   md5.o
       220         22          0          0          0       1729   misc.o
       250          0          0          0          0       1990   pcf8591.o
       992        354          0          0          0       2319   sim.o
        64         26        304          0       1536        764   startup_stm32f10x_hd.o
      1102         26          0          0          0      10761   stm32f10x_adc.o
       860         38          0          0          0       5573   stm32f10x_gpio.o
        26          0          0          0          0     213194   stm32f10x_it.o
       932         36          0         20          0       8704   stm32f10x_rcc.o
      3610         88          0          0          0      22056   stm32f10x_tim.o
      1032         22          0          0          0       8296   stm32f10x_usart.o
         0          0          0          0          0         32   sys.o
       480         38          0         20          0       1631   system_stm32f10x.o
       260         16          0          4         10       1281   timer.o
       592         36          0          6        200       3884   usart.o
       164          4          0         16          0       1629   verify_helper.o

    ----------------------------------------------------------------------
     17862       1246        336        204       1748     580595   Object Totals
         0          0         32          0          0          0   (incl. Generated)
         8          0          0          4          2          0   (incl. Padding)

    ----------------------------------------------------------------------

      Code (inc. data)   RO Data    RW Data    ZI Data      Debug   Library Member Name

         8          0          0          0          0         68   __main.o
       312          4         17          0          0         92   __printf_flags_wp.o
        14          0          0          0          0         68   __printf_wp.o
         0          0          0          0          0          0   __rtentry.o
        12          0          0          0          0          0   __rtentry2.o
         6          0          0          0          0          0   __rtentry4.o
        52          8          0          0          0          0   __scatter.o
        26          0          0          0          0          0   __scatter_copy.o
        28          0          0          0          0          0   __scatter_zi.o
        48          6          0          0          0         96   _printf_char_common.o
         6          0          0          0          0          0   _printf_d.o
       120         16          0          0          0         92   _printf_dec.o
        88          4         40          0          0         88   _printf_hex_int.o
       178          0          0          0          0         88   _printf_intcommon.o
        78          0          0          0          0        108   _printf_pad.o
         0          0          0          0          0          0   _printf_percent.o
         4          0          0          0          0          0   _printf_percent_end.o
         6          0          0          0          0          0   _printf_x.o
        10          0          0          0          0         68   _sputc.o
        12          0          0          0          0         72   exit.o
         6          0          0          0          0        152   heapauxi.o
         2          0          0          0          0          0   libinit.o
         2          0          0          0          0          0   libinit2.o
         2          0          0          0          0          0   libshutdown.o
         2          0          0          0          0          0   libshutdown2.o
         8          4          0          0         96         68   libspace.o
        40          6          0          0          0         84   noretval__2sprintf.o
       138          0          0          0          0         68   rt_memcpy_v6.o
       100          0          0          0          0         80   rt_memcpy_w.o
         2          0          0          0          0          0   rtexit.o
        10          0          0          0          0          0   rtexit2.o
        74          0          0          0          0         80   sys_stackheap_outer.o
         2          0          0          0          0         68   use_no_semi.o
         2          0          0          0          0         68   use_no_semi_2.o
       688        140          0          0          0        208   ddiv.o
        90          4          0          0          0         92   dfixu.o
        38          0          0          0          0         68   dflt_clz.o
       340         12          0          0          0        104   dmul.o
       156          4          0          0          0         92   dnaninf.o
        12          0          0          0          0         68   dretinf.o
         0          0          0          0          0          0   usenofp.o

    ----------------------------------------------------------------------
      2730        208         60          0         96       2140   Library Totals
         8          0          3          0          0          0   (incl. Padding)

    ----------------------------------------------------------------------

      Code (inc. data)   RO Data    RW Data    ZI Data      Debug   Library Name

      1398         48         57          0         96       1508   c_w.l
      1324        160          0          0          0        632   fz_ws.l

    ----------------------------------------------------------------------
      2730        208         60          0         96       2140   Library Totals

    ----------------------------------------------------------------------

==============================================================================


      Code (inc. data)   RO Data    RW Data    ZI Data      Debug   

     20592       1454        396        204       1844     579819   Grand Totals
     20592       1454        396        204       1844     579819   ELF Image Totals
     20592       1454        396        204          0          0   ROM Totals

==============================================================================

    Total RO  Size (Code + RO Data)                20988 (  20.50kB)
    Total RW  Size (RW Data + ZI Data)              2048 (   2.00kB)
    Total ROM Size (Code + RO Data + RW Data)      21192 (  20.70kB)

==============================================================================

