Component: ARM Compiler 5.05 update 1 (build 106) Tool: armlink [4d0efa]

==============================================================================

Section Cross References

    main.o(.text) refers to emv.o(.text) for EMV_close
    main.o(.text) refers to verify_helper.o(.text) for sign_message
    main.o(.text) refers to usart.o(.text) for UART_SendBytes
    main.o(.text) refers to data.o(.text) for report_curstate
    main.o(.text) refers to sim.o(.text) for modify_heartbeat_content
    main.o(.text) refers to led.o(.text) for LED_GPIO_init
    main.o(.text) refers to misc.o(.text) for NVIC_PriorityGroupConfig
    main.o(.text) refers to pcf8591.o(.text) for PCF8591a_Init
    main.o(.text) refers to main.o(.data) for output_package_index
    main.o(.text) refers to data.o(.data) for kp
    main.o(.text) refers to delay.o(.text) for delay_ms
    main.o(.text) refers to stm32f10x_gpio.o(.text) for GPIO_ReadInputDataBit
    main.o(.text) refers to ps.o(.text) for power_save_mode
    main.o(.text) refers to usart.o(.data) for USART_RX_STA
    main.o(.text) refers to usart.o(.bss) for USART_RX_BUF
    main.o(.text) refers to stm32f10x_exti.o(.text) for EXTI_ClearITPendingBit
    system_stm32f10x.o(.text) refers to system_stm32f10x.o(.data) for SystemCoreClock
    data.o(.text) refers to pcf8591.o(.text) for pcf8591a_ad_write
    data.o(.text) refers to delay.o(.text) for delay_us
    data.o(.text) refers to data.o(.data) for kp
    data.o(.text) refers to main.o(.data) for cur_count
    emv.o(.text) refers to stm32f10x_rcc.o(.text) for RCC_APB2PeriphClockCmd
    emv.o(.text) refers to stm32f10x_gpio.o(.text) for GPIO_Init
    emv.o(.text) refers to delay.o(.text) for delay_ms
    pcf8591.o(.text) refers to iic.o(.text) for IIC1_Init
    iic.o(.text) refers to stm32f10x_rcc.o(.text) for RCC_APB2PeriphClockCmd
    iic.o(.text) refers to stm32f10x_gpio.o(.text) for GPIO_Init
    iic.o(.text) refers to delay.o(.text) for delay_us
    sim.o(.text) refers to _printf_percent.o(.ARM.Collect$$_printf_percent$$00000000) for _printf_percent
    sim.o(.text) refers to _printf_d.o(.ARM.Collect$$_printf_percent$$00000009) for _printf_d
    sim.o(.text) refers to _printf_dec.o(.text) for _printf_int_dec
    sim.o(.text) refers to _printf_pad.o(.text) for _printf_pre_padding
    sim.o(.text) refers to _printf_x.o(.ARM.Collect$$_printf_percent$$0000000C) for _printf_x
    sim.o(.text) refers to _printf_hex_int.o(.text) for _printf_longlong_hex
    sim.o(.text) refers to usart.o(.text) for UART_SendByte
    sim.o(.text) refers to delay.o(.text) for delay_ms
    sim.o(.text) refers to stm32f10x_rcc.o(.text) for RCC_APB2PeriphClockCmd
    sim.o(.text) refers to stm32f10x_gpio.o(.text) for GPIO_Init
    sim.o(.text) refers to noretval__2sprintf.o(.text) for __2sprintf
    sim.o(.text) refers to rt_memcpy_v6.o(.text) for __aeabi_memcpy
    sim.o(.text) refers to rt_memcpy_w.o(.text) for __aeabi_memcpy4
    timer.o(.text) refers to stm32f10x_rcc.o(.text) for RCC_APB1PeriphClockCmd
    timer.o(.text) refers to stm32f10x_tim.o(.text) for TIM_TimeBaseInit
    timer.o(.text) refers to misc.o(.text) for NVIC_Init
    md5.o(.text) refers to rt_memcpy_v6.o(.text) for __aeabi_memcpy
    md5.o(.text) refers to md5.o(.data) for PADDING
    verify_helper.o(.text) refers to md5.o(.text) for MD5Init
    verify_helper.o(.text) refers to verify_helper.o(.data) for Secure_Key
    led.o(.text) refers to stm32f10x_rcc.o(.text) for RCC_APB2PeriphClockCmd
    led.o(.text) refers to stm32f10x_gpio.o(.text) for GPIO_Init
    led.o(.text) refers to delay.o(.text) for delay_ms
    ps.o(.text) refers to stm32f10x_usart.o(.text) for USART_ITConfig
    ps.o(.text) refers to stm32f10x_gpio.o(.text) for GPIO_Init
    ps.o(.text) refers to stm32f10x_rcc.o(.text) for RCC_APB2PeriphClockCmd
    ps.o(.text) refers to stm32f10x_exti.o(.text) for EXTI_Init
    ps.o(.text) refers to misc.o(.text) for NVIC_Init
    ps.o(.text) refers to stm32f10x_pwr.o(.text) for PWR_EnterSTOPMode
    ps.o(.text) refers to system_stm32f10x.o(.text) for SystemInit
    ps.o(.text) refers to led.o(.text) for LED_GPIO_init
    ps.o(.text) refers to pcf8591.o(.text) for PCF8591a_Init
    ps.o(.text) refers to emv.o(.text) for EMV_init
    ps.o(.text) refers to usart.o(.text) for uart_init
    ps.o(.text) refers to usart.o(.data) for USART_RX_STA
    usart.o(.text) refers (Special) to use_no_semi_2.o(.text) for __use_no_semihosting
    usart.o(.text) refers to stm32f10x_rcc.o(.text) for RCC_APB2PeriphClockCmd
    usart.o(.text) refers to stm32f10x_gpio.o(.text) for GPIO_Init
    usart.o(.text) refers to misc.o(.text) for NVIC_Init
    usart.o(.text) refers to stm32f10x_usart.o(.text) for USART_Init
    usart.o(.text) refers to delay.o(.text) for delay_us
    usart.o(.text) refers to rt_memcpy_w.o(.text) for __aeabi_memcpy4
    usart.o(.text) refers to usart.o(.data) for USART_RX_STA
    usart.o(.text) refers to usart.o(.bss) for USART_RX_BUF
[...]
    libshutdown.o(.ARM.Collect$$libshutdown$$00000000) refers (Special) to libshutdown2.o(.ARM.Collect$$libshutdown$$00000006) for __rt_lib_shutdown_fp_trap_1
    libshutdown.o(.ARM.Collect$$libshutdown$$00000000) refers (Special) to libshutdown2.o(.ARM.Collect$$libshutdown$$0000000E) for __rt_lib_shutdown_heap_1
    libshutdown.o(.ARM.Collect$$libshutdown$$00000000) refers (Special) to libshutdown2.o(.ARM.Collect$$libshutdown$$0000000F) for __rt_lib_shutdown_return
    libshutdown.o(.ARM.Collect$$libshutdown$$00000000) refers (Special) to libshutdown2.o(.ARM.Collect$$libshutdown$$00000009) for __rt_lib_shutdown_signal_1
    libshutdown.o(.ARM.Collect$$libshutdown$$00000000) refers (Special) to libshutdown2.o(.ARM.Collect$$libshutdown$$00000003) for __rt_lib_shutdown_stdio_1
    libshutdown.o(.ARM.Collect$$libshutdown$$00000000) refers (Special) to libshutdown2.o(.ARM.Collect$$libshutdown$$0000000B) for __rt_lib_shutdown_user_alloc_1
    sys_command.o(.text) refers (Special) to use_no_semi.o(.text) for __I$use$semihosting
    sys_command.o(.text) refers (Special) to indicate_semi.o(.text) for __semihosting_library_function
    defsig_rtmem_outer.o(.text) refers to defsig_rtmem_inner.o(.text) for __rt_SIGRTMEM_inner
    defsig_rtmem_outer.o(.text) refers to defsig_exit.o(.text) for __sig_exit
    defsig_rtmem_formal.o(.text) refers to rt_raise.o(.text) for __rt_raise
    rt_raise.o(.text) refers to __raise.o(.text) for __raise
    rt_raise.o(.text) refers to usart.o(.text) for _sys_exit
    defsig_exit.o(.text) refers to usart.o(.text) for _sys_exit
    defsig_rtmem_inner.o(.text) refers to defsig_general.o(.text) for __default_signal_display
    __raise.o(.text) refers to defsig.o(CL$$defsig) for __default_signal_handler
    defsig_general.o(.text) refers to sys_wrch.o(.text) for _ttywrch
    sys_wrch.o(.text) refers (Special) to use_no_semi.o(.text) for __I$use$semihosting
    sys_wrch.o(.text) refers (Special) to indicate_semi.o(.text) for __semihosting_library_function
    defsig.o(CL$$defsig) refers to defsig_rtmem_inner.o(.text) for __rt_SIGRTMEM_inner
    defsig_abrt_inner.o(.text) refers to defsig_general.o(.text) for __default_signal_display
    defsig_fpe_inner.o(.text) refers to defsig_general.o(.text) for __default_signal_display
    defsig_rtred_inner.o(.text) refers to defsig_general.o(.text) for __default_signal_display
    defsig_stak_inner.o(.text) refers to defsig_general.o(.text) for __default_signal_display
    defsig_pvfn_inner.o(.text) refers to defsig_general.o(.text) for __default_signal_display
    defsig_cppl_inner.o(.text) refers to defsig_general.o(.text) for __default_signal_display
    defsig_segv_inner.o(.text) refers to defsig_general.o(.text) for __default_signal_display
    defsig_other.o(.text) refers to defsig_general.o(.text) for __default_signal_display


==============================================================================

Removing Unused input sections from the image.

    Removing sys.o(.emb_text), (6 bytes).
    Removing sys.o(.text), (12 bytes).
    Removing core_cm3.o(.emb_text), (32 bytes).
    Removing stm32f10x_adc.o(.text), (1102 bytes).

4 unused section(s) (total 1152 bytes) removed from the image.

==============================================================================

Image Symbol Table

    Local Symbols

    Symbol Name                              Value     Ov Type        Size  Object(Section)

    ../clib/angel/boardlib.s                 0x00000000   Number         0  boardinit2.o ABSOLUTE
    ../clib/angel/boardlib.s                 0x00000000   Number         0  boardinit1.o ABSOLUTE
    ../clib/angel/boardlib.s                 0x00000000   Number         0  boardshut.o ABSOLUTE
    ../clib/angel/boardlib.s                 0x00000000   Number         0  boardinit3.o ABSOLUTE
    ../clib/angel/handlers.s                 0x00000000   Number         0  __scatter_zi.o ABSOLUTE
    ../clib/angel/handlers.s                 0x00000000   Number         0  __scatter_copy.o ABSOLUTE
    ../clib/angel/kernel.s                   0x00000000   Number         0  rtexit.o ABSOLUTE
    ../clib/angel/kernel.s                   0x00000000   Number         0  rtexit2.o ABSOLUTE
    ../clib/angel/kernel.s                   0x00000000   Number         0  __rtentry.o ABSOLUTE
    ../clib/angel/kernel.s                   0x00000000   Number         0  __rtentry4.o ABSOLUTE
    ../clib/angel/kernel.s                   0x00000000   Number         0  __rtentry2.o ABSOLUTE
    ../clib/angel/rt.s                       0x00000000   Number         0  rt_raise.o ABSOLUTE
    ../clib/angel/scatter.s                  0x00000000   Number         0  __scatter.o ABSOLUTE
    ../clib/angel/startup.s                  0x00000000   Number         0  __main.o ABSOLUTE
    ../clib/angel/sys.s                      0x00000000   Number         0  sys_stackheap_outer.o ABSOLUTE
    ../clib/angel/sys.s                      0x00000000   Number         0  libspace.o ABSOLUTE
    ../clib/angel/sys.s                      0x00000000   Number         0  use_no_semi.o ABSOLUTE
    ../clib/angel/sys.s                      0x00000000   Number         0  indicate_semi.o ABSOLUTE
    ../clib/angel/sys.s                      0x00000000   Number         0  use_no_semi_2.o ABSOLUTE
    ../clib/angel/sysapp.c                   0x00000000   Number         0  sys_command.o ABSOLUTE
    ../clib/angel/sysapp.c                   0x00000000   Number         0  sys_wrch.o ABSOLUTE
    ../clib/armsys.c                         0x00000000   Number         0  argv_veneer.o ABSOLUTE
    ../clib/armsys.c                         0x00000000   Number         0  _get_argv_nomalloc.o ABSOLUTE
    ../clib/armsys.c                         0x00000000   Number         0  argv_veneer.o ABSOLUTE
    ../clib/armsys.c                         0x00000000   Number         0  no_argv.o ABSOLUTE
    ../clib/heapalloc.c                      0x00000000   Number         0  hrguard.o ABSOLUTE
    ../clib/heapaux.c                        0x00000000   Number         0  heapauxi.o ABSOLUTE
    ../clib/libinit.s                        0x00000000   Number         0  libinit2.o ABSOLUTE
    ../clib/libinit.s                        0x00000000   Number         0  libshutdown2.o ABSOLUTE
    ../clib/libinit.s                        0x00000000   Number         0  libshutdown.o ABSOLUTE
    ../clib/libinit.s                        0x00000000   Number         0  libinit.o ABSOLUTE
    ../clib/memcpset.s                       0x00000000   Number         0  rt_memcpy_w.o ABSOLUTE
    ../clib/memcpset.s                       0x00000000   Number         0  rt_memcpy_v6.o ABSOLUTE
    ../clib/misc.s                           0x00000000   Number         0  printf_stubs.o ABSOLUTE
    ../clib/printf.c                         0x00000000   Number         0  _printf_pad.o ABSOLUTE
    ../clib/printf.c                         0x00000000   Number         0  __printf.o ABSOLUTE
    ../clib/printf.c                         0x00000000   Number         0  __printf_nopercent.o ABSOLUTE
    ../clib/printf.c                         0x00000000   Number         0  noretval__2sprintf.o ABSOLUTE
    ../clib/printf.c                         0x00000000   Number         0  __printf_flags_ss.o ABSOLUTE
    ../clib/printf.c                         0x00000000   Number         0  __2sprintf.o ABSOLUTE
    ../clib/printf.c                         0x00000000   Number         0  _printf_char_common.o ABSOLUTE
    ../clib/printf.c                         0x00000000   Number         0  _printf_hex_int.o ABSOLUTE
    ../clib/printf.c                         0x00000000   Number         0  _sputc.o ABSOLUTE
    ../clib/printf.c                         0x00000000   Number         0  _printf_intcommon.o ABSOLUTE
    ../clib/printf.c                         0x00000000   Number         0  _printf_hex_int_ll.o ABSOLUTE
    ../clib/printf.c                         0x00000000   Number         0  _printf_hex_ptr.o ABSOLUTE
    ../clib/printf.c                         0x00000000   Number         0  _printf_hex_int_ptr.o ABSOLUTE
    ../clib/printf.c                         0x00000000   Number         0  _printf_hex_ll_ptr.o ABSOLUTE
    ../clib/printf.c                         0x00000000   Number         0  _printf_hex_int_ll_ptr.o ABSOLUTE
    ../clib/printf.c                         0x00000000   Number         0  __printf_flags.o ABSOLUTE
    ../clib/printf.c                         0x00000000   Number         0  __printf_ss.o ABSOLUTE
    ../clib/printf.c                         0x00000000   Number         0  __printf_wp.o ABSOLUTE
    ../clib/printf.c                         0x00000000   Number         0  __printf_flags_wp.o ABSOLUTE
    ../clib/printf.c                         0x00000000   Number         0  __printf_ss_wp.o ABSOLUTE
    ../clib/printf.c                         0x00000000   Number         0  __printf_flags_ss_wp.o ABSOLUTE
    ../clib/printf.c                         0x00000000   Number         0  _printf_dec.o ABSOLUTE
    ../clib/printf.c                         0x00000000   Number         0  _printf_hex_ll.o ABSOLUTE
    ../clib/printf_percent.s                 0x00000000   Number         0  _printf_percent_end.o ABSOLUTE
    ../clib/printf_percent.s                 0x00000000   Number         0  _printf_x.o ABSOLUTE
    ../clib/printf_percent.s                 0x00000000   Number         0  _printf_d.o ABSOLUTE
    ../clib/printf_percent.s                 0x00000000   Number         0  _printf_percent.o ABSOLUTE
    ../clib/signal.c                         0x00000000   Number         0  defsig_rtmem_outer.o ABSOLUTE
    ../clib/signal.c                         0x00000000   Number         0  defsig_cppl_inner.o ABSOLUTE
    ../clib/signal.c                         0x00000000   Number         0  defsig_exit.o ABSOLUTE
    ../clib/signal.c                         0x00000000   Number         0  defsig_rtmem_inner.o ABSOLUTE
    ../clib/signal.c                         0x00000000   Number         0  __raise.o ABSOLUTE
    ../clib/signal.c                         0x00000000   Number         0  defsig_general.o ABSOLUTE
    ../clib/signal.c                         0x00000000   Number         0  defsig_abrt_inner.o ABSOLUTE
    ../clib/signal.c                         0x00000000   Number         0  defsig_rtmem_formal.o ABSOLUTE
    ../clib/signal.c                         0x00000000   Number         0  defsig_fpe_inner.o ABSOLUTE
    ../clib/signal.c                         0x00000000   Number         0  defsig_segv_inner.o ABSOLUTE
    ../clib/signal.c                         0x00000000   Number         0  defsig_other.o ABSOLUTE
    ../clib/signal.c                         0x00000000   Number         0  defsig_rtred_inner.o ABSOLUTE
    ../clib/signal.c                         0x00000000   Number         0  defsig_stak_inner.o ABSOLUTE
    ../clib/signal.c                         0x00000000   Number         0  defsig_pvfn_inner.o ABSOLUTE
    ../clib/signal.s                         0x00000000   Number         0  defsig.o ABSOLUTE
    ../clib/stdlib.c                         0x00000000   Number         0  exit.o ABSOLUTE
    ../fplib/fpinit.s                        0x00000000   Number         0  fpinit.o ABSOLUTE
    ..\CORE\core_cm3.c                       0x00000000   Number         0  core_cm3.o ABSOLUTE
    ..\CORE\startup_stm32f10x_hd.s           0x00000000   Number         0  startup_stm32f10x_hd.o ABSOLUTE
    ..\STM32F10x_FWLib\src\misc.c            0x00000000   Number         0  misc.o ABSOLUTE
    ..\STM32F10x_FWLib\src\stm32f10x_adc.c   0x00000000   Number         0  stm32f10x_adc.o ABSOLUTE
    ..\STM32F10x_FWLib\src\stm32f10x_exti.c  0x00000000   Number         0  stm32f10x_exti.o ABSOLUTE
    ..\STM32F10x_FWLib\src\stm32f10x_gpio.c  0x00000000   Number         0  stm32f10x_gpio.o ABSOLUTE
    ..\STM32F10x_FWLib\src\stm32f10x_pwr.c   0x00000000   Number         0  stm32f10x_pwr.o ABSOLUTE
    ..\STM32F10x_FWLib\src\stm32f10x_rcc.c   0x00000000   Number         0  stm32f10x_rcc.o ABSOLUTE
    ..\STM32F10x_FWLib\src\stm32f10x_tim.c   0x00000000   Number         0  stm32f10x_tim.o ABSOLUTE
    ..\STM32F10x_FWLib\src\stm32f10x_usart.c 0x00000000   Number         0  stm32f10x_usart.o ABSOLUTE
    ..\SYSTEM\delay\delay.c                  0x00000000   Number         0  delay.o ABSOLUTE
    ..\SYSTEM\sys\sys.c                      0x00000000   Number         0  sys.o ABSOLUTE
    ..\SYSTEM\usart\usart.c                  0x00000000   Number         0  usart.o ABSOLUTE
    ..\\CORE\\core_cm3.c                     0x00000000   Number         0  core_cm3.o ABSOLUTE
    ..\\SYSTEM\\sys\\sys.c                   0x00000000   Number         0  sys.o ABSOLUTE
    EMV\EMV.c                                0x00000000   Number         0  emv.o ABSOLUTE
    LED\led.c                                0x00000000   Number         0  led.o ABSOLUTE
    PCF8591\PCF8591.c                        0x00000000   Number         0  pcf8591.o ABSOLUTE
    PCF8591\iic\iic.c                        0x00000000   Number         0  iic.o ABSOLUTE
    SIM\SIM.c                                0x00000000   Number         0  sim.o ABSOLUTE
    data\data.c                              0x00000000   Number         0  data.o ABSOLUTE
    dc.s                                     0x00000000   Number         0  dc.o ABSOLUTE
    main.c                                   0x00000000   Number         0  main.o ABSOLUTE
    power_save\ps.c                          0x00000000   Number         0  ps.o ABSOLUTE
    stm32f10x_it.c                           0x00000000   Number         0  stm32f10x_it.o ABSOLUTE
    system_stm32f10x.c                       0x00000000   Number         0  system_stm32f10x.o ABSOLUTE
    timer\timer.c                            0x00000000   Number         0  timer.o ABSOLUTE
    verifier\Verify_Helper.c                 0x00000000   Number         0  verify_helper.o ABSOLUTE
    verifier\md5.c                           0x00000000   Number         0  md5.o ABSOLUTE
    RESET                                    0x08000000   Section      304  startup_stm32f10x_hd.o(RESET)
    !!!main                                  0x08000130   Section        8  __main.o(!!!main)
    !!!scatter                               0x08000138   Section       52  __scatter.o(!!!scatter)
    !!handler_copy                           0x0800016c   Section       26  __scatter_copy.o(!!handler_copy)
    !!handler_zi                             0x08000188   Section       28  __scatter_zi.o(!!handler_zi)
    .ARM.Collect$$_printf_percent$$00000000  0x080001a4   Section        0  _printf_percent.o(.ARM.Collect$$_printf_percent$$00000000)
    .ARM.Collect$$_printf_percent$$00000009  0x080001a4   Section        6  _printf_d.o(.ARM.Collect$$_printf_percent$$00000009)
    .ARM.Collect$$_printf_percent$$0000000C  0x080001aa   Section        6  _printf_x.o(.ARM.Collect$$_printf_percent$$0000000C)
    .ARM.Collect$$_printf_percent$$00000017  0x080001b0   Section        4  _printf_percent_end.o(.ARM.Collect$$_printf_percent$$00000017)
    .ARM.Collect$$libinit$$00000000          0x080001b4   Section        2  libinit.o(.ARM.Collect$$libinit$$00000000)
    .ARM.Collect$$libinit$$00000002          0x080001b6   Section        0  libinit2.o(.ARM.Collect$$libinit$$00000002)
    .ARM.Collect$$libinit$$00000004          0x080001b6   Section        0  libinit2.o(.ARM.Collect$$libinit$$00000004)
    .ARM.Collect$$libinit$$0000000A          0x080001b6   Section        0  libinit2.o(.ARM.Collect$$libinit$$0000000A)
    .ARM.Collect$$libinit$$0000000C          0x080001b6   Section        0  libinit2.o(.ARM.Collect$$libinit$$0000000C)
    .ARM.Collect$$libinit$$0000000E          0x080001b6   Section        0  libinit2.o(.ARM.Collect$$libinit$$0000000E)
    .ARM.Collect$$libinit$$00000011          0x080001b6   Section        0  libinit2.o(.ARM.Collect$$libinit$$00000011)
    .ARM.Collect$$libinit$$00000013          0x080001b6   Section        0  libinit2.o(.ARM.Collect$$libinit$$00000013)
    .ARM.Collect$$libinit$$00000015          0x080001b6   Section        0  libinit2.o(.ARM.Collect$$libinit$$00000015)
    .ARM.Collect$$libinit$$00000017          0x080001b6   Section        0  libinit2.o(.ARM.Collect$$libinit$$00000017)
    .ARM.Collect$$libinit$$00000019          0x080001b6   Section        0  libinit2.o(.ARM.Collect$$libinit$$00000019)
    .ARM.Collect$$libinit$$0000001B          0x080001b6   Section        0  libinit2.o(.ARM.Collect$$libinit$$0000001B)
    .ARM.Collect$$libinit$$0000001D          0x080001b6   Section        0  libinit2.o(.ARM.Collect$$libinit$$0000001D)
    .ARM.Collect$$libinit$$0000001F          0x080001b6   Section        0  libinit2.o(.ARM.Collect$$libinit$$0000001F)
    .ARM.Collect$$libinit$$00000021          0x080001b6   Section        0  libinit2.o(.ARM.Collect$$libinit$$00000021)
    .ARM.Collect$$libinit$$00000023          0x080001b6   Section        0  libinit2.o(.ARM.Collect$$libinit$$00000023)
    .ARM.Collect$$libinit$$00000025          0x080001b6   Section        0  libinit2.o(.ARM.Collect$$libinit$$00000025)
    .ARM.Collect$$libinit$$0000002C          0x080001b6   Section        0  libinit2.o(.ARM.Collect$$libinit$$0000002C)
    .ARM.Collect$$libinit$$0000002E          0x080001b6   Section        0  libinit2.o(.ARM.Collect$$libinit$$0000002E)
    .ARM.Collect$$libinit$$00000030          0x080001b6   Section        0  libinit2.o(.ARM.Collect$$libinit$$00000030)
    .ARM.Collect$$libinit$$00000032          0x080001b6   Section        0  libinit2.o(.ARM.Collect$$libinit$$00000032)
    .ARM.Collect$$libinit$$00000033          0x080001b6   Section        2  libinit2.o(.ARM.Collect$$libinit$$00000033)
    .ARM.Collect$$libshutdown$$00000000      0x080001b8   Section        2  libshutdown.o(.ARM.Collect$$libshutdown$$00000000)
    .ARM.Collect$$libshutdown$$00000003      0x080001ba   Section        0  libshutdown2.o(.ARM.Collect$$libshutdown$$00000003)
    .ARM.Collect$$libshutdown$$00000006      0x080001ba   Section        0  libshutdown2.o(.ARM.Collect$$libshutdown$$00000006)
    .ARM.Collect$$libshutdown$$00000009      0x080001ba   Section        0  libshutdown2.o(.ARM.Collect$$libshutdown$$00000009)
    .ARM.Collect$$libshutdown$$0000000B      0x080001ba   Section        0  libshutdown2.o(.ARM.Collect$$libshutdown$$0000000B)
    .ARM.Collect$$libshutdown$$0000000E      0x080001ba   Section        0  libshutdown2.o(.ARM.Collect$$libshutdown$$0000000E)
    .ARM.Collect$$libshutdown$$0000000F      0x080001ba   Section        2  libshutdown2.o(.ARM.Collect$$libshutdown$$0000000F)
    .ARM.Collect$$rtentry$$00000000          0x080001bc   Section        0  __rtentry.o(.ARM.Collect$$rtentry$$00000000)
    .ARM.Collect$$rtentry$$00000002          0x080001bc   Section        0  __rtentry2.o(.ARM.Collect$$rtentry$$00000002)
    .ARM.Collect$$rtentry$$00000004          0x080001bc   Section        6  __rtentry4.o(.ARM.Collect$$rtentry$$00000004)
    .ARM.Collect$$rtentry$$00000009          0x080001c2   Section        0  __rtentry2.o(.ARM.Collect$$rtentry$$00000009)
    .ARM.Collect$$rtentry$$0000000A          0x080001c2   Section        4  __rtentry2.o(.ARM.Collect$$rtentry$$0000000A)
    .ARM.Collect$$rtentry$$0000000C          0x080001c6   Section        0  __rtentry2.o(.ARM.Collect$$rtentry$$0000000C)
    .ARM.Collect$$rtentry$$0000000D          0x080001c6   Section        8  __rtentry2.o(.ARM.Collect$$rtentry$$0000000D)
    .ARM.Collect$$rtexit$$00000000           0x080001ce   Section        2  rtexit.o(.ARM.Collect$$rtexit$$00000000)
    .ARM.Collect$$rtexit$$00000002           0x080001d0   Section        0  rtexit2.o(.ARM.Collect$$rtexit$$00000002)
    .ARM.Collect$$rtexit$$00000003           0x080001d0   Section        4  rtexit2.o(.ARM.Collect$$rtexit$$00000003)
    .ARM.Collect$$rtexit$$00000004           0x080001d4   Section        6  rtexit2.o(.ARM.Collect$$rtexit$$00000004)
    .text                                    0x080001dc   Section        0  main.o(.text)
    .text                                    0x08000af0   Section        0  stm32f10x_it.o(.text)
    .text                                    0x08000b0c   Section        0  system_stm32f10x.o(.text)
    SetSysClockTo72                          0x08000b0d   Thumb Code   214  system_stm32f10x.o(.text)
    SetSysClock                              0x08000be3   Thumb Code     8  system_stm32f10x.o(.text)
    .text                                    0x08000cec   Section        0  data.o(.text)
    .text                                    0x08000f98   Section        0  emv.o(.text)
    .text                                    0x0800105c   Section        0  pcf8591.o(.text)
    .text                                    0x08001118   Section        0  iic.o(.text)
    .text                                    0x08001628   Section        0  sim.o(.text)
    .text                                    0x08001b58   Section        0  timer.o(.text)
    .text                                    0x08001bc4   Section        0  md5.o(.text)
    .text                                    0x08002508   Section        0  verify_helper.o(.text)
    .text                                    0x080025ac   Section        0  led.o(.text)
    .text                                    0x0800267c   Section        0  ps.o(.text)
    .text                                    0x08002774   Section        0  usart.o(.text)
    .text                                    0x080029f4   Section        0  delay.o(.text)
    .text                                    0x08002a40   Section       64  startup_stm32f10x_hd.o(.text)
    .text                                    0x08002a80   Section        0  misc.o(.text)
    .text                                    0x08002b5c   Section        0  stm32f10x_gpio.o(.text)
    .text                                    0x08002eb8   Section        0  stm32f10x_rcc.o(.text)
    .text                                    0x0800325c   Section        0  stm32f10x_usart.o(.text)
    .text                                    0x08003664   Section        0  stm32f10x_tim.o(.text)
    TI4_Config                               0x08003b0b   Thumb Code   130  stm32f10x_tim.o(.text)
    TI3_Config                               0x08003b9f   Thumb Code   122  stm32f10x_tim.o(.text)
    TI2_Config                               0x08003c33   Thumb Code   130  stm32f10x_tim.o(.text)
    TI1_Config                               0x08003cc7   Thumb Code   108  stm32f10x_tim.o(.text)
    .text                                    0x08004480   Section        0  stm32f10x_exti.o(.text)
    .text                                    0x0800459c   Section        0  stm32f10x_pwr.o(.text)
    .text                                    0x08004668   Section        2  use_no_semi_2.o(.text)
    .text                                    0x0800466c   Section        0  noretval__2sprintf.o(.text)
    .text                                    0x08004694   Section        0  _printf_pad.o(.text)
    .text                                    0x080046e4   Section        0  _printf_dec.o(.text)
    .text                                    0x0800475c   Section        0  _printf_hex_int.o(.text)
    .text                                    0x080047b4   Section        0  __printf_flags_wp.o(.text)
    .text                                    0x080048ec   Section      138  rt_memcpy_v6.o(.text)
    .text                                    0x08004976   Section      100  rt_memcpy_w.o(.text)
    .text                                    0x080049da   Section        0  heapauxi.o(.text)
    .text                                    0x080049e0   Section        2  use_no_semi.o(.text)
    .text                                    0x080049e2   Section        0  _printf_intcommon.o(.text)
    .text                                    0x08004a94   Section        0  _printf_char_common.o(.text)
    _printf_input_char                       0x08004a95   Thumb Code    10  _printf_char_common.o(.text)
    .text                                    0x08004ac4   Section        0  _sputc.o(.text)
    .text                                    0x08004ace   Section       74  sys_stackheap_outer.o(.text)
    .text                                    0x08004b18   Section        0  exit.o(.text)
    .text                                    0x08004b24   Section        8  libspace.o(.text)
    i._is_digit                              0x08004b2c   Section        0  __printf_wp.o(i._is_digit)
    .constdata                               0x08004b3a   Section       40  _printf_hex_int.o(.constdata)
    uc_hextab                                0x08004b3a   Data          20  _printf_hex_int.o(.constdata)
    lc_hextab                                0x08004b4e   Data          20  _printf_hex_int.o(.constdata)
    .constdata                               0x08004b62   Section       17  __printf_flags_wp.o(.constdata)
    maptable                                 0x08004b62   Data          17  __printf_flags_wp.o(.constdata)
    .data                                    0x20000000   Section       50  main.o(.data)
    .data                                    0x20000034   Section       20  system_stm32f10x.o(.data)
    .data                                    0x20000048   Section       36  data.o(.data)
    .data                                    0x2000006c   Section       64  md5.o(.data)
    .data                                    0x200000ac   Section       16  verify_helper.o(.data)
    .data                                    0x200000bc   Section        6  usart.o(.data)
    .data                                    0x200000c2   Section       20  stm32f10x_rcc.o(.data)
    APBAHBPrescTable                         0x200000c2   Data          16  stm32f10x_rcc.o(.data)
    ADCPrescTable                            0x200000d2   Data           4  stm32f10x_rcc.o(.data)
    .bss                                     0x200000d8   Section      200  usart.o(.bss)
    .bss                                     0x200001a0   Section       96  libspace.o(.bss)
    HEAP                                     0x20000200   Section      512  startup_stm32f10x_hd.o(HEAP)
    Heap_Mem                                 0x20000200   Data         512  startup_stm32f10x_hd.o(HEAP)
    STACK                                    0x20000400   Section     1024  startup_stm32f10x_hd.o(STACK)
    Stack_Mem                                0x20000400   Data        1024  startup_stm32f10x_hd.o(STACK)
    __initial_sp                             0x20000800   Data           0  startup_stm32f10x_hd.o(STACK)

    Global Symbols

    Symbol Name                              Value     Ov Type        Size  Object(Section)

    BuildAttributes$$THM_ISAv4$P$D$K$B$S$PE$A:L22UL41UL21$X:L11$S22US41US21$IEEE1$IW$USESV6$~STKCKD$USESV7$~SHL$OSPACE$ROPI$EBA8$UX$STANDARDLIB$REQ8$PRES8$EABIv2 0x00000000   Number         0  anon$$obj.o ABSOLUTE
    __ARM_use_no_argv                        0x00000000   Number         0  main.o ABSOLUTE
    _printf_flags                            0x00000000   Number         0  printf_stubs.o ABSOLUTE
    _printf_return_value                     0x00000000   Number         0  printf_stubs.o ABSOLUTE
    _printf_sizespec                         0x00000000   Number         0  printf_stubs.o ABSOLUTE
    _printf_widthprec                        0x00000000   Number         0  printf_stubs.o ABSOLUTE
    __ARM_exceptions_init                     - Undefined Weak Reference
    __alloca_initialize                       - Undefined Weak Reference
    __arm_preinit_                            - Undefined Weak Reference
    __cpp_initialize__aeabi_                  - Undefined Weak Reference
    __cxa_finalize                            - Undefined Weak Reference
    __rt_locale                               - Undefined Weak Reference
    __sigvec_lookup                           - Undefined Weak Reference
    _atexit_init                              - Undefined Weak Reference
    _call_atexit_fns                          - Undefined Weak Reference
    _clock_init                               - Undefined Weak Reference
    _fp_trap_init                             - Undefined Weak Reference
    _fp_trap_shutdown                         - Undefined Weak Reference
    _get_lc_collate                           - Undefined Weak Reference
    _get_lc_ctype                             - Undefined Weak Reference
    _get_lc_monetary                          - Undefined Weak Reference
    _get_lc_numeric                           - Undefined Weak Reference
    _get_lc_time                              - Undefined Weak Reference
    _getenv_init                              - Undefined Weak Reference
    _handle_redirection                       - Undefined Weak Reference
    _init_alloc                               - Undefined Weak Reference
    _init_user_alloc                          - Undefined Weak Reference
    _initio                                   - Undefined Weak Reference
    _printf_truncate_signed                   - Undefined Weak Reference
    _printf_truncate_unsigned                 - Undefined Weak Reference
    _rand_init                                - Undefined Weak Reference
    _signal_finish                            - Undefined Weak Reference
    _signal_init                              - Undefined Weak Reference
    _terminate_alloc                          - Undefined Weak Reference
    _terminate_user_alloc                     - Undefined Weak Reference
    _terminateio                              - Undefined Weak Reference
    __Vectors_Size                           0x00000130   Number         0  startup_stm32f10x_hd.o ABSOLUTE
    __Vectors                                0x08000000   Data           4  startup_stm32f10x_hd.o(RESET)
    __Vectors_End                            0x08000130   Data           0  startup_stm32f10x_hd.o(RESET)
    __main                                   0x08000131   Thumb Code     8  __main.o(!!!main)
    __scatterload                            0x08000139   Thumb Code     0  __scatter.o(!!!scatter)
    __scatterload_rt2                        0x08000139   Thumb Code    44  __scatter.o(!!!scatter)
    __scatterload_rt2_thumb_only             0x08000139   Thumb Code     0  __scatter.o(!!!scatter)
    __scatterload_null                       0x08000147   Thumb Code     0  __scatter.o(!!!scatter)
    __scatterload_copy                       0x0800016d   Thumb Code    26  __scatter_copy.o(!!handler_copy)
    __scatterload_zeroinit                   0x08000189   Thumb Code    28  __scatter_zi.o(!!handler_zi)
    _printf_d                                0x080001a5   Thumb Code     0  _printf_d.o(.ARM.Collect$$_printf_percent$$00000009)
    _printf_percent                          0x080001a5   Thumb Code     0  _printf_percent.o(.ARM.Collect$$_printf_percent$$00000000)
    _printf_x                                0x080001ab   Thumb Code     0  _printf_x.o(.ARM.Collect$$_printf_percent$$0000000C)
    _printf_percent_end                      0x080001b1   Thumb Code     0  _printf_percent_end.o(.ARM.Collect$$_printf_percent$$00000017)
    __rt_lib_init                            0x080001b5   Thumb Code     0  libinit.o(.ARM.Collect$$libinit$$00000000)
    __rt_lib_init_alloca_1                   0x080001b7   Thumb Code     0  libinit2.o(.ARM.Collect$$libinit$$0000002E)
    __rt_lib_init_argv_1                     0x080001b7   Thumb Code     0  libinit2.o(.ARM.Collect$$libinit$$0000002C)
    __rt_lib_init_atexit_1                   0x080001b7   Thumb Code     0  libinit2.o(.ARM.Collect$$libinit$$0000001B)
    __rt_lib_init_clock_1                    0x080001b7   Thumb Code     0  libinit2.o(.ARM.Collect$$libinit$$00000021)
    __rt_lib_init_cpp_1                      0x080001b7   Thumb Code     0  libinit2.o(.ARM.Collect$$libinit$$00000032)
    __rt_lib_init_exceptions_1               0x080001b7   Thumb Code     0  libinit2.o(.ARM.Collect$$libinit$$00000030)
    __rt_lib_init_fp_1                       0x080001b7   Thumb Code     0  libinit2.o(.ARM.Collect$$libinit$$00000002)
    __rt_lib_init_fp_trap_1                  0x080001b7   Thumb Code     0  libinit2.o(.ARM.Collect$$libinit$$0000001F)
    __rt_lib_init_getenv_1                   0x080001b7   Thumb Code     0  libinit2.o(.ARM.Collect$$libinit$$00000023)
    __rt_lib_init_heap_1                     0x080001b7   Thumb Code     0  libinit2.o(.ARM.Collect$$libinit$$0000000A)
    __rt_lib_init_lc_collate_1               0x080001b7   Thumb Code     0  libinit2.o(.ARM.Collect$$libinit$$00000011)
    __rt_lib_init_lc_ctype_1                 0x080001b7   Thumb Code     0  libinit2.o(.ARM.Collect$$libinit$$00000013)
    __rt_lib_init_lc_monetary_1              0x080001b7   Thumb Code     0  libinit2.o(.ARM.Collect$$libinit$$00000015)
    __rt_lib_init_lc_numeric_1               0x080001b7   Thumb Code     0  libinit2.o(.ARM.Collect$$libinit$$00000017)
    __rt_lib_init_lc_time_1                  0x080001b7   Thumb Code     0  libinit2.o(.ARM.Collect$$libinit$$00000019)
    __rt_lib_init_preinit_1                  0x080001b7   Thumb Code     0  libinit2.o(.ARM.Collect$$libinit$$00000004)
    __rt_lib_init_rand_1                     0x080001b7   Thumb Code     0  libinit2.o(.ARM.Collect$$libinit$$0000000E)
    __rt_lib_init_return                     0x080001b7   Thumb Code     0  libinit2.o(.ARM.Collect$$libinit$$00000033)
    __rt_lib_init_signal_1                   0x080001b7   Thumb Code     0  libinit2.o(.ARM.Collect$$libinit$$0000001D)
    __rt_lib_init_stdio_1                    0x080001b7   Thumb Code     0  libinit2.o(.ARM.Collect$$libinit$$00000025)
    __rt_lib_init_user_alloc_1               0x080001b7   Thumb Code     0  libinit2.o(.ARM.Collect$$libinit$$0000000C)
    __rt_lib_shutdown                        0x080001b9   Thumb Code     0  libshutdown.o(.ARM.Collect$$libshutdown$$00000000)
    __rt_lib_shutdown_fp_trap_1              0x080001bb   Thumb Code     0  libshutdown2.o(.ARM.Collect$$libshutdown$$00000006)
    __rt_lib_shutdown_heap_1                 0x080001bb   Thumb Code     0  libshutdown2.o(.ARM.Collect$$libshutdown$$0000000E)
    __rt_lib_shutdown_return                 0x080001bb   Thumb Code     0  libshutdown2.o(.ARM.Collect$$libshutdown$$0000000F)
    __rt_lib_shutdown_signal_1               0x080001bb   Thumb Code     0  libshutdown2.o(.ARM.Collect$$libshutdown$$00000009)
    __rt_lib_shutdown_stdio_1                0x080001bb   Thumb Code     0  libshutdown2.o(.ARM.Collect$$libshutdown$$00000003)
    __rt_lib_shutdown_user_alloc_1           0x080001bb   Thumb Code     0  libshutdown2.o(.ARM.Collect$$libshutdown$$0000000B)
    __rt_entry                               0x080001bd   Thumb Code     0  __rtentry.o(.ARM.Collect$$rtentry$$00000000)
    __rt_entry_presh_1                       0x080001bd   Thumb Code     0  __rtentry2.o(.ARM.Collect$$rtentry$$00000002)
    __rt_entry_sh                            0x080001bd   Thumb Code     0  __rtentry4.o(.ARM.Collect$$rtentry$$00000004)
    __rt_entry_li                            0x080001c3   Thumb Code     0  __rtentry2.o(.ARM.Collect$$rtentry$$0000000A)
    __rt_entry_postsh_1                      0x080001c3   Thumb Code     0  __rtentry2.o(.ARM.Collect$$rtentry$$00000009)
    __rt_entry_main                          0x080001c7   Thumb Code     0  __rtentry2.o(.ARM.Collect$$rtentry$$0000000D)
    __rt_entry_postli_1                      0x080001c7   Thumb Code     0  __rtentry2.o(.ARM.Collect$$rtentry$$0000000C)
    __rt_exit                                0x080001cf   Thumb Code     0  rtexit.o(.ARM.Collect$$rtexit$$00000000)
    __rt_exit_ls                             0x080001d1   Thumb Code     0  rtexit2.o(.ARM.Collect$$rtexit$$00000003)
    __rt_exit_prels_1                        0x080001d1   Thumb Code     0  rtexit2.o(.ARM.Collect$$rtexit$$00000002)
    __rt_exit_exit                           0x080001d5   Thumb Code     0  rtexit2.o(.ARM.Collect$$rtexit$$00000004)
    GetIDAdd_12byte                          0x080001dd   Thumb Code    16  main.o(.text)
    SoftReset                                0x080001ed   Thumb Code    38  main.o(.text)
    control_EMV                              0x08000213   Thumb Code    20  main.o(.text)
    generate_header                          0x08000227   Thumb Code    38  main.o(.text)
    generate_regist                          0x0800024d   Thumb Code    80  main.o(.text)
    generate_report                          0x0800029d   Thumb Code    82  main.o(.text)
    generate_status                          0x080002ef   Thumb Code   212  main.o(.text)
    generate_warning                         0x080003c3   Thumb Code    76  main.o(.text)
    generate_ack                             0x0800040f   Thumb Code   112  main.o(.text)
    generate_wakeup_report                   0x0800047f   Thumb Code    42  main.o(.text)
    generate_reconnect_report                0x080004a9   Thumb Code    42  main.o(.text)
    heartbeat_report_control                 0x080004d3   Thumb Code    50  main.o(.text)
    system_init                              0x08000505   Thumb Code    82  main.o(.text)
    cycle_check                              0x08000557   Thumb Code   340  main.o(.text)
    main                                     0x080006ab   Thumb Code  1050  main.o(.text)
    EXTI15_10_IRQHandler                     0x08000ac5   Thumb Code    32  main.o(.text)
    NMI_Handler                              0x08000af1   Thumb Code     2  stm32f10x_it.o(.text)
    HardFault_Handler                        0x08000af3   Thumb Code     4  stm32f10x_it.o(.text)
    MemManage_Handler                        0x08000af7   Thumb Code     4  stm32f10x_it.o(.text)
    BusFault_Handler                         0x08000afb   Thumb Code     4  stm32f10x_it.o(.text)
    UsageFault_Handler                       0x08000aff   Thumb Code     4  stm32f10x_it.o(.text)
    SVC_Handler                              0x08000b03   Thumb Code     2  stm32f10x_it.o(.text)
    DebugMon_Handler                         0x08000b05   Thumb Code     2  stm32f10x_it.o(.text)
    PendSV_Handler                           0x08000b07   Thumb Code     2  stm32f10x_it.o(.text)
    SysTick_Handler                          0x08000b09   Thumb Code     2  stm32f10x_it.o(.text)
    SystemInit                               0x08000beb   Thumb Code    78  system_stm32f10x.o(.text)
    SystemCoreClockUpdate                    0x08000c39   Thumb Code   142  system_stm32f10x.o(.text)
    ADa_generate_data                        0x08000ced   Thumb Code    30  data.o(.text)
    ADb_generate_data                        0x08000d0b   Thumb Code    30  data.o(.text)
    byte2bit                                 0x08000d29   Thumb Code    70  data.o(.text)
    bit2byte                                 0x08000d6f   Thumb Code    50  data.o(.text)
    set_keeper                               0x08000da1   Thumb Code    22  data.o(.text)
    set_timing                               0x08000db7   Thumb Code    10  data.o(.text)
    alarm                                    0x08000dc1   Thumb Code   116  data.o(.text)
    get_sensor_data                          0x08000e35   Thumb Code    84  data.o(.text)
    FourChannelADRead                        0x08000e89   Thumb Code    72  data.o(.text)
    report_curstate                          0x08000ed1   Thumb Code   102  data.o(.text)
    report_warningstate                      0x08000f37   Thumb Code    46  data.o(.text)
    EMV_init                                 0x08000f99   Thumb Code    88  emv.o(.text)
    EMV_open                                 0x08000ff1   Thumb Code    52  emv.o(.text)
    EMV_close                                0x08001025   Thumb Code    52  emv.o(.text)
    PCF8591a_Init                            0x0800105d   Thumb Code     8  pcf8591.o(.text)
    pcf8591a_ad_write                        0x08001065   Thumb Code    26  pcf8591.o(.text)
    pcf8591a_ad_read                         0x0800107f   Thumb Code    28  pcf8591.o(.text)
    pcf8591a_da_write                        0x0800109b   Thumb Code    32  pcf8591.o(.text)
    PCF8591b_Init                            0x080010bb   Thumb Code     8  pcf8591.o(.text)
    pcf8591b_ad_write                        0x080010c3   Thumb Code    26  pcf8591.o(.text)
    pcf8591b_ad_read                         0x080010dd   Thumb Code    28  pcf8591.o(.text)
    pcf8591b_da_write                        0x080010f9   Thumb Code    32  pcf8591.o(.text)
    IIC1_Init                                0x08001119   Thumb Code    46  iic.o(.text)
    SDA1_OUT                                 0x08001147   Thumb Code    30  iic.o(.text)
    SDA1_IN                                  0x08001165   Thumb Code    30  iic.o(.text)
    IIC1_Start                               0x08001183   Thumb Code    52  iic.o(.text)
    IIC1_Stop                                0x080011b7   Thumb Code    52  iic.o(.text)
    IIC1_Wait_Ack                            0x080011eb   Thumb Code    78  iic.o(.text)
    IIC1_Ack                                 0x08001239   Thumb Code    52  iic.o(.text)
    IIC1_NAck                                0x0800126d   Thumb Code    52  iic.o(.text)
    IIC1_Send_Byte                           0x080012a1   Thumb Code   132  iic.o(.text)
    IIC1_Read_Byte                           0x08001325   Thumb Code    84  iic.o(.text)
    IIC2_Init                                0x08001379   Thumb Code    50  iic.o(.text)
    SDA2_OUT                                 0x080013ab   Thumb Code    32  iic.o(.text)
    SDA2_IN                                  0x080013cb   Thumb Code    32  iic.o(.text)
    IIC2_Start                               0x080013eb   Thumb Code    60  iic.o(.text)
    IIC2_Stop                                0x08001427   Thumb Code    60  iic.o(.text)
    IIC2_Wait_Ack                            0x08001463   Thumb Code    86  iic.o(.text)
    IIC2_Ack                                 0x080014b9   Thumb Code    60  iic.o(.text)
    IIC2_NAck                                0x080014f5   Thumb Code    64  iic.o(.text)
    IIC2_Send_Byte                           0x08001535   Thumb Code   148  iic.o(.text)
    IIC2_Read_Byte                           0x080015c9   Thumb Code    90  iic.o(.text)
    enter_configuration_mode                 0x08001629   Thumb Code    36  sim.o(.text)
    enter_com_mode                           0x0800164d   Thumb Code    14  sim.o(.text)
    link_gpio_init                           0x0800165b   Thumb Code    40  sim.o(.text)
    SIM_module_init                          0x08001683   Thumb Code   236  sim.o(.text)
    enter_sleep_mode                         0x0800176f   Thumb Code    40  sim.o(.text)
    modify_heartbeat_time                    0x08001797   Thumb Code   104  sim.o(.text)
    init_hbid_and_slptim                     0x080017ff   Thumb Code   128  sim.o(.text)
    modify_heartbeat_content                 0x0800187f   Thumb Code   142  sim.o(.text)
    modify_SIM_server                        0x0800190d   Thumb Code   134  sim.o(.text)
    module_restart                           0x08001993   Thumb Code    22  sim.o(.text)
    modify_cmnet                             0x080019a9   Thumb Code    22  sim.o(.text)
    save_modify                              0x080019bf   Thumb Code    22  sim.o(.text)
    TIM3_Int_Init                            0x08001b59   Thumb Code    90  timer.o(.text)
    TIM3_IRQHandler                          0x08001bb3   Thumb Code    12  timer.o(.text)
    MD5Init                                  0x08001bc5   Thumb Code    26  md5.o(.text)
    MD5Decode                                0x08001bdf   Thumb Code    50  md5.o(.text)
    MD5Transform                             0x08001c11   Thumb Code  1886  md5.o(.text)
    MD5Update                                0x0800236f   Thumb Code   140  md5.o(.text)
    MD5Encode                                0x080023fb   Thumb Code    62  md5.o(.text)
    MD5Final                                 0x08002439   Thumb Code   204  md5.o(.text)
    mmcpy                                    0x08002509   Thumb Code    22  verify_helper.o(.text)
    sign_message                             0x0800251f   Thumb Code    74  verify_helper.o(.text)
    check_sign                               0x08002569   Thumb Code    64  verify_helper.o(.text)
    LED_GPIO_init                            0x080025ad   Thumb Code    92  led.o(.text)
    flash_LED0                               0x08002609   Thumb Code    56  led.o(.text)
    flash_LED1                               0x08002641   Thumb Code    52  led.o(.text)
    power_save_mode                          0x0800267d   Thumb Code   176  ps.o(.text)
    wakeup                                   0x0800272d   Thumb Code    50  ps.o(.text)
    _sys_exit                                0x08002775   Thumb Code     6  usart.o(.text)
    fputc                                    0x0800277b   Thumb Code    24  usart.o(.text)
    uart_init                                0x08002793   Thumb Code   152  usart.o(.text)
    USART1_IRQHandler                        0x0800282b   Thumb Code   208  usart.o(.text)
    UART_SendByte                            0x080028fb   Thumb Code    34  usart.o(.text)
    UART_ClearSend                           0x0800291d   Thumb Code    48  usart.o(.text)
    UART_SendBytes                           0x0800294d   Thumb Code    98  usart.o(.text)
    UART_sendWelcome                         0x080029af   Thumb Code    34  usart.o(.text)
    delay_us                                 0x080029f5   Thumb Code    30  delay.o(.text)
    delay_ms                                 0x08002a13   Thumb Code    32  delay.o(.text)
    delay                                    0x08002a33   Thumb Code    14  delay.o(.text)
    Reset_Handler                            0x08002a41   Thumb Code     8  startup_stm32f10x_hd.o(.text)
    ADC1_2_IRQHandler                        0x08002a5b   Thumb Code     0  startup_stm32f10x_hd.o(.text)
    ADC3_IRQHandler                          0x08002a5b   Thumb Code     0  startup_stm32f10x_hd.o(.text)
    CAN1_RX1_IRQHandler                      0x08002a5b   Thumb Code     0  startup_stm32f10x_hd.o(.text)
    CAN1_SCE_IRQHandler                      0x08002a5b   Thumb Code     0  startup_stm32f10x_hd.o(.text)
    DMA1_Channel1_IRQHandler                 0x08002a5b   Thumb Code     0  startup_stm32f10x_hd.o(.text)
    DMA1_Channel2_IRQHandler                 0x08002a5b   Thumb Code     0  startup_stm32f10x_hd.o(.text)
    DMA1_Channel3_IRQHandler                 0x08002a5b   Thumb Code     0  startup_stm32f10x_hd.o(.text)
    DMA1_Channel4_IRQHandler                 0x08002a5b   Thumb Code     0  startup_stm32f10x_hd.o(.text)
    DMA1_Channel5_IRQHandler                 0x08002a5b   Thumb Code     0  startup_stm32f10x_hd.o(.text)
    DMA1_Channel6_IRQHandler                 0x08002a5b   Thumb Code     0  startup_stm32f10x_hd.o(.text)
    DMA1_Channel7_IRQHandler                 0x08002a5b   Thumb Code     0  startup_stm32f10x_hd.o(.text)
    DMA2_Channel1_IRQHandler                 0x08002a5b   Thumb Code     0  startup_stm32f10x_hd.o(.text)
    DMA2_Channel2_IRQHandler                 0x08002a5b   Thumb Code     0  startup_stm32f10x_hd.o(.text)
    DMA2_Channel3_IRQHandler                 0x08002a5b   Thumb Code     0  startup_stm32f10x_hd.o(.text)
    DMA2_Channel4_5_IRQHandler               0x08002a5b   Thumb Code     0  startup_stm32f10x_hd.o(.text)
    EXTI0_IRQHandler                         0x08002a5b   Thumb Code     0  startup_stm32f10x_hd.o(.text)
    EXTI1_IRQHandler                         0x08002a5b   Thumb Code     0  startup_stm32f10x_hd.o(.text)
    EXTI2_IRQHandler                         0x08002a5b   Thumb Code     0  startup_stm32f10x_hd.o(.text)
    EXTI3_IRQHandler                         0x08002a5b   Thumb Code     0  startup_stm32f10x_hd.o(.text)
    EXTI4_IRQHandler                         0x08002a5b   Thumb Code     0  startup_stm32f10x_hd.o(.text)
    EXTI9_5_IRQHandler                       0x08002a5b   Thumb Code     0  startup_stm32f10x_hd.o(.text)
    FLASH_IRQHandler                         0x08002a5b   Thumb Code     0  startup_stm32f10x_hd.o(.text)
    FSMC_IRQHandler                          0x08002a5b   Thumb Code     0  startup_stm32f10x_hd.o(.text)
    I2C1_ER_IRQHandler                       0x08002a5b   Thumb Code     0  startup_stm32f10x_hd.o(.text)
    I2C1_EV_IRQHandler                       0x08002a5b   Thumb Code     0  startup_stm32f10x_hd.o(.text)
    I2C2_ER_IRQHandler                       0x08002a5b   Thumb Code     0  startup_stm32f10x_hd.o(.text)
    I2C2_EV_IRQHandler                       0x08002a5b   Thumb Code     0  startup_stm32f10x_hd.o(.text)
    PVD_IRQHandler                           0x08002a5b   Thumb Code     0  startup_stm32f10x_hd.o(.text)
    RCC_IRQHandler                           0x08002a5b   Thumb Code     0  startup_stm32f10x_hd.o(.text)
    RTCAlarm_IRQHandler                      0x08002a5b   Thumb Code     0  startup_stm32f10x_hd.o(.text)
    RTC_IRQHandler                           0x08002a5b   Thumb Code     0  startup_stm32f10x_hd.o(.text)
    SDIO_IRQHandler                          0x08002a5b   Thumb Code     0  startup_stm32f10x_hd.o(.text)
    SPI1_IRQHandler                          0x08002a5b   Thumb Code     0  startup_stm32f10x_hd.o(.text)
    SPI2_IRQHandler                          0x08002a5b   Thumb Code     0  startup_stm32f10x_hd.o(.text)
    SPI3_IRQHandler                          0x08002a5b   Thumb Code     0  startup_stm32f10x_hd.o(.text)
    TAMPER_IRQHandler                        0x08002a5b   Thumb Code     0  startup_stm32f10x_hd.o(.text)
    TIM1_BRK_IRQHandler                      0x08002a5b   Thumb Code     0  startup_stm32f10x_hd.o(.text)
    TIM1_CC_IRQHandler                       0x08002a5b   Thumb Code     0  startup_stm32f10x_hd.o(.text)
    TIM1_TRG_COM_IRQHandler                  0x08002a5b   Thumb Code     0  startup_stm32f10x_hd.o(.text)
    TIM1_UP_IRQHandler                       0x08002a5b   Thumb Code     0  startup_stm32f10x_hd.o(.text)
    TIM2_IRQHandler                          0x08002a5b   Thumb Code     0  startup_stm32f10x_hd.o(.text)
    TIM4_IRQHandler                          0x08002a5b   Thumb Code     0  startup_stm32f10x_hd.o(.text)
    TIM5_IRQHandler                          0x08002a5b   Thumb Code     0  startup_stm32f10x_hd.o(.text)
    TIM6_IRQHandler                          0x08002a5b   Thumb Code     0  startup_stm32f10x_hd.o(.text)
    TIM7_IRQHandler                          0x08002a5b   Thumb Code     0  startup_stm32f10x_hd.o(.text)
    TIM8_BRK_IRQHandler                      0x08002a5b   Thumb Code     0  startup_stm32f10x_hd.o(.text)
    TIM8_CC_IRQHandler                       0x08002a5b   Thumb Code     0  startup_stm32f10x_hd.o(.text)
    TIM8_TRG_COM_IRQHandler                  0x08002a5b   Thumb Code     0  startup_stm32f10x_hd.o(.text)
    TIM8_UP_IRQHandler                       0x08002a5b   Thumb Code     0  startup_stm32f10x_hd.o(.text)
    UART4_IRQHandler                         0x08002a5b   Thumb Code     0  startup_stm32f10x_hd.o(.text)
    UART5_IRQHandler                         0x08002a5b   Thumb Code     0  startup_stm32f10x_hd.o(.text)
    USART2_IRQHandler                        0x08002a5b   Thumb Code     0  startup_stm32f10x_hd.o(.text)
    USART3_IRQHandler                        0x08002a5b   Thumb Code     0  startup_stm32f10x_hd.o(.text)
    USBWakeUp_IRQHandler                     0x08002a5b   Thumb Code     0  startup_stm32f10x_hd.o(.text)
    USB_HP_CAN1_TX_IRQHandler                0x08002a5b   Thumb Code     0  startup_stm32f10x_hd.o(.text)
    USB_LP_CAN1_RX0_IRQHandler               0x08002a5b   Thumb Code     0  startup_stm32f10x_hd.o(.text)
    WWDG_IRQHandler                          0x08002a5b   Thumb Code     0  startup_stm32f10x_hd.o(.text)
    __user_initial_stackheap                 0x08002a5d   Thumb Code     0  startup_stm32f10x_hd.o(.text)
    NVIC_PriorityGroupConfig                 0x08002a81   Thumb Code    10  misc.o(.text)
    NVIC_Init                                0x08002a8b   Thumb Code   100  misc.o(.text)
    NVIC_SetVectorTable                      0x08002aef   Thumb Code    14  misc.o(.text)
    NVIC_SystemLPConfig                      0x08002afd   Thumb Code    34  misc.o(.text)
    SysTick_CLKSourceConfig                  0x08002b1f   Thumb Code    40  misc.o(.text)
    GPIO_DeInit                              0x08002b5d   Thumb Code   172  stm32f10x_gpio.o(.text)
    GPIO_AFIODeInit                          0x08002c09   Thumb Code    20  stm32f10x_gpio.o(.text)
    GPIO_Init                                0x08002c1d   Thumb Code   278  stm32f10x_gpio.o(.text)
    GPIO_StructInit                          0x08002d33   Thumb Code    16  stm32f10x_gpio.o(.text)
    GPIO_ReadInputDataBit                    0x08002d43   Thumb Code    18  stm32f10x_gpio.o(.text)
    GPIO_ReadInputData                       0x08002d55   Thumb Code     8  stm32f10x_gpio.o(.text)
    GPIO_ReadOutputDataBit                   0x08002d5d   Thumb Code    18  stm32f10x_gpio.o(.text)
    GPIO_ReadOutputData                      0x08002d6f   Thumb Code     8  stm32f10x_gpio.o(.text)
    GPIO_SetBits                             0x08002d77   Thumb Code     4  stm32f10x_gpio.o(.text)
    GPIO_ResetBits                           0x08002d7b   Thumb Code     4  stm32f10x_gpio.o(.text)
    GPIO_WriteBit                            0x08002d7f   Thumb Code    10  stm32f10x_gpio.o(.text)
    GPIO_Write                               0x08002d89   Thumb Code     4  stm32f10x_gpio.o(.text)
    GPIO_PinLockConfig                       0x08002d8d   Thumb Code    18  stm32f10x_gpio.o(.text)
    GPIO_EventOutputConfig                   0x08002d9f   Thumb Code    26  stm32f10x_gpio.o(.text)
    GPIO_EventOutputCmd                      0x08002db9   Thumb Code     6  stm32f10x_gpio.o(.text)
    GPIO_PinRemapConfig                      0x08002dbf   Thumb Code   138  stm32f10x_gpio.o(.text)
    GPIO_EXTILineConfig                      0x08002e49   Thumb Code    66  stm32f10x_gpio.o(.text)
    GPIO_ETH_MediaInterfaceConfig            0x08002e8b   Thumb Code     8  stm32f10x_gpio.o(.text)
    RCC_DeInit                               0x08002eb9   Thumb Code    64  stm32f10x_rcc.o(.text)
    RCC_HSEConfig                            0x08002ef9   Thumb Code    70  stm32f10x_rcc.o(.text)
    RCC_GetFlagStatus                        0x08002f3f   Thumb Code    56  stm32f10x_rcc.o(.text)
    RCC_WaitForHSEStartUp                    0x08002f77   Thumb Code    56  stm32f10x_rcc.o(.text)
    RCC_AdjustHSICalibrationValue            0x08002faf   Thumb Code    20  stm32f10x_rcc.o(.text)
    RCC_HSICmd                               0x08002fc3   Thumb Code     6  stm32f10x_rcc.o(.text)
    RCC_PLLConfig                            0x08002fc9   Thumb Code    24  stm32f10x_rcc.o(.text)
    RCC_PLLCmd                               0x08002fe1   Thumb Code     6  stm32f10x_rcc.o(.text)
    RCC_SYSCLKConfig                         0x08002fe7   Thumb Code    18  stm32f10x_rcc.o(.text)
    RCC_GetSYSCLKSource                      0x08002ff9   Thumb Code    10  stm32f10x_rcc.o(.text)
    RCC_HCLKConfig                           0x08003003   Thumb Code    18  stm32f10x_rcc.o(.text)
    RCC_PCLK1Config                          0x08003015   Thumb Code    18  stm32f10x_rcc.o(.text)
    RCC_PCLK2Config                          0x08003027   Thumb Code    20  stm32f10x_rcc.o(.text)
    RCC_ITConfig                             0x0800303b   Thumb Code    26  stm32f10x_rcc.o(.text)
    RCC_USBCLKConfig                         0x08003055   Thumb Code     8  stm32f10x_rcc.o(.text)
    RCC_ADCCLKConfig                         0x0800305d   Thumb Code    18  stm32f10x_rcc.o(.text)
    RCC_LSEConfig                            0x0800306f   Thumb Code    50  stm32f10x_rcc.o(.text)
    RCC_LSICmd                               0x080030a1   Thumb Code     6  stm32f10x_rcc.o(.text)
    RCC_RTCCLKConfig                         0x080030a7   Thumb Code    12  stm32f10x_rcc.o(.text)
    RCC_RTCCLKCmd                            0x080030b3   Thumb Code     8  stm32f10x_rcc.o(.text)
    RCC_GetClocksFreq                        0x080030bb   Thumb Code   192  stm32f10x_rcc.o(.text)
    RCC_AHBPeriphClockCmd                    0x0800317b   Thumb Code    26  stm32f10x_rcc.o(.text)
    RCC_APB2PeriphClockCmd                   0x08003195   Thumb Code    26  stm32f10x_rcc.o(.text)
    RCC_APB1PeriphClockCmd                   0x080031af   Thumb Code    26  stm32f10x_rcc.o(.text)
    RCC_APB2PeriphResetCmd                   0x080031c9   Thumb Code    26  stm32f10x_rcc.o(.text)
    RCC_APB1PeriphResetCmd                   0x080031e3   Thumb Code    26  stm32f10x_rcc.o(.text)
    RCC_BackupResetCmd                       0x080031fd   Thumb Code     8  stm32f10x_rcc.o(.text)
    RCC_ClockSecuritySystemCmd               0x08003205   Thumb Code     6  stm32f10x_rcc.o(.text)
    RCC_MCOConfig                            0x0800320b   Thumb Code     6  stm32f10x_rcc.o(.text)
    RCC_ClearFlag                            0x08003211   Thumb Code    14  stm32f10x_rcc.o(.text)
    RCC_GetITStatus                          0x0800321f   Thumb Code    20  stm32f10x_rcc.o(.text)
    RCC_ClearITPendingBit                    0x08003233   Thumb Code     6  stm32f10x_rcc.o(.text)
    USART_DeInit                             0x0800325d   Thumb Code   134  stm32f10x_usart.o(.text)
    USART_Init                               0x080032e3   Thumb Code   210  stm32f10x_usart.o(.text)
    USART_StructInit                         0x080033b5   Thumb Code    24  stm32f10x_usart.o(.text)
    USART_ClockInit                          0x080033cd   Thumb Code    34  stm32f10x_usart.o(.text)
    USART_ClockStructInit                    0x080033ef   Thumb Code    12  stm32f10x_usart.o(.text)
    USART_Cmd                                0x080033fb   Thumb Code    24  stm32f10x_usart.o(.text)
    USART_ITConfig                           0x08003413   Thumb Code    74  stm32f10x_usart.o(.text)
    USART_DMACmd                             0x0800345d   Thumb Code    18  stm32f10x_usart.o(.text)
    USART_SetAddress                         0x0800346f   Thumb Code    18  stm32f10x_usart.o(.text)
    USART_WakeUpConfig                       0x08003481   Thumb Code    18  stm32f10x_usart.o(.text)
    USART_ReceiverWakeUpCmd                  0x08003493   Thumb Code    24  stm32f10x_usart.o(.text)
    USART_LINBreakDetectLengthConfig         0x080034ab   Thumb Code    18  stm32f10x_usart.o(.text)
    USART_LINCmd                             0x080034bd   Thumb Code    24  stm32f10x_usart.o(.text)
    USART_SendData                           0x080034d5   Thumb Code     8  stm32f10x_usart.o(.text)
    USART_ReceiveData                        0x080034dd   Thumb Code    10  stm32f10x_usart.o(.text)
    USART_SendBreak                          0x080034e7   Thumb Code    10  stm32f10x_usart.o(.text)
    USART_SetGuardTime                       0x080034f1   Thumb Code    16  stm32f10x_usart.o(.text)
    USART_SetPrescaler                       0x08003501   Thumb Code    16  stm32f10x_usart.o(.text)
    USART_SmartCardCmd                       0x08003511   Thumb Code    24  stm32f10x_usart.o(.text)
    USART_SmartCardNACKCmd                   0x08003529   Thumb Code    24  stm32f10x_usart.o(.text)
    USART_HalfDuplexCmd                      0x08003541   Thumb Code    24  stm32f10x_usart.o(.text)
    USART_OverSampling8Cmd                   0x08003559   Thumb Code    22  stm32f10x_usart.o(.text)
    USART_OneBitMethodCmd                    0x0800356f   Thumb Code    24  stm32f10x_usart.o(.text)
    USART_IrDAConfig                         0x08003587   Thumb Code    18  stm32f10x_usart.o(.text)
    USART_IrDACmd                            0x08003599   Thumb Code    24  stm32f10x_usart.o(.text)
    USART_GetFlagStatus                      0x080035b1   Thumb Code    26  stm32f10x_usart.o(.text)
    USART_ClearFlag                          0x080035cb   Thumb Code    18  stm32f10x_usart.o(.text)
    USART_GetITStatus                        0x080035dd   Thumb Code    84  stm32f10x_usart.o(.text)
    USART_ClearITPendingBit                  0x08003631   Thumb Code    52  stm32f10x_usart.o(.text)
    TIM_DeInit                               0x08003665   Thumb Code   424  stm32f10x_tim.o(.text)
    TIM_TimeBaseInit                         0x0800380d   Thumb Code   122  stm32f10x_tim.o(.text)
    TIM_OC1Init                              0x08003887   Thumb Code   132  stm32f10x_tim.o(.text)
    TIM_OC2Init                              0x0800390b   Thumb Code   154  stm32f10x_tim.o(.text)
    TIM_OC3Init                              0x080039a5   Thumb Code   150  stm32f10x_tim.o(.text)
    TIM_OC4Init                              0x08003a3b   Thumb Code   182  stm32f10x_tim.o(.text)
    TIM_SetIC4Prescaler                      0x08003af1   Thumb Code    26  stm32f10x_tim.o(.text)
    TIM_SetIC3Prescaler                      0x08003b8d   Thumb Code    18  stm32f10x_tim.o(.text)
    TIM_SetIC2Prescaler                      0x08003c19   Thumb Code    26  stm32f10x_tim.o(.text)
    TIM_SetIC1Prescaler                      0x08003cb5   Thumb Code    18  stm32f10x_tim.o(.text)
    TIM_ICInit                               0x08003d33   Thumb Code   150  stm32f10x_tim.o(.text)
    TIM_PWMIConfig                           0x08003dc9   Thumb Code   124  stm32f10x_tim.o(.text)
    TIM_BDTRConfig                           0x08003e45   Thumb Code    32  stm32f10x_tim.o(.text)
    TIM_TimeBaseStructInit                   0x08003e65   Thumb Code    18  stm32f10x_tim.o(.text)
    TIM_OCStructInit                         0x08003e77   Thumb Code    20  stm32f10x_tim.o(.text)
    TIM_ICStructInit                         0x08003e8b   Thumb Code    18  stm32f10x_tim.o(.text)
    TIM_BDTRStructInit                       0x08003e9d   Thumb Code    40  stm32f10x_tim.o(.text)
    TIM_Cmd                                  0x08003ec5   Thumb Code    24  stm32f10x_tim.o(.text)
    TIM_CtrlPWMOutputs                       0x08003edd   Thumb Code    30  stm32f10x_tim.o(.text)
    TIM_ITConfig                             0x08003efb   Thumb Code    18  stm32f10x_tim.o(.text)
    TIM_GenerateEvent                        0x08003f0d   Thumb Code     4  stm32f10x_tim.o(.text)
    TIM_DMAConfig                            0x08003f11   Thumb Code    10  stm32f10x_tim.o(.text)
    TIM_DMACmd                               0x08003f1b   Thumb Code    18  stm32f10x_tim.o(.text)
    TIM_InternalClockConfig                  0x08003f2d   Thumb Code    12  stm32f10x_tim.o(.text)
    TIM_SelectInputTrigger                   0x08003f39   Thumb Code    18  stm32f10x_tim.o(.text)
    TIM_ITRxExternalClockConfig              0x08003f4b   Thumb Code    24  stm32f10x_tim.o(.text)
    TIM_TIxExternalClockConfig               0x08003f63   Thumb Code    62  stm32f10x_tim.o(.text)
    TIM_ETRConfig                            0x08003fa1   Thumb Code    28  stm32f10x_tim.o(.text)
    TIM_ETRClockMode1Config                  0x08003fbd   Thumb Code    54  stm32f10x_tim.o(.text)
    TIM_ETRClockMode2Config                  0x08003ff3   Thumb Code    32  stm32f10x_tim.o(.text)
    TIM_PrescalerConfig                      0x08004013   Thumb Code     6  stm32f10x_tim.o(.text)
    TIM_CounterModeConfig                    0x08004019   Thumb Code    18  stm32f10x_tim.o(.text)
    TIM_EncoderInterfaceConfig               0x0800402b   Thumb Code    66  stm32f10x_tim.o(.text)
    TIM_ForcedOC1Config                      0x0800406d   Thumb Code    18  stm32f10x_tim.o(.text)
    TIM_ForcedOC2Config                      0x0800407f   Thumb Code    26  stm32f10x_tim.o(.text)
    TIM_ForcedOC3Config                      0x08004099   Thumb Code    18  stm32f10x_tim.o(.text)
    TIM_ForcedOC4Config                      0x080040ab   Thumb Code    26  stm32f10x_tim.o(.text)
    TIM_ARRPreloadConfig                     0x080040c5   Thumb Code    24  stm32f10x_tim.o(.text)
    TIM_SelectCOM                            0x080040dd   Thumb Code    24  stm32f10x_tim.o(.text)
    TIM_SelectCCDMA                          0x080040f5   Thumb Code    24  stm32f10x_tim.o(.text)
    TIM_CCPreloadControl                     0x0800410d   Thumb Code    24  stm32f10x_tim.o(.text)
    TIM_OC1PreloadConfig                     0x08004125   Thumb Code    18  stm32f10x_tim.o(.text)
    TIM_OC2PreloadConfig                     0x08004137   Thumb Code    26  stm32f10x_tim.o(.text)
    TIM_OC3PreloadConfig                     0x08004151   Thumb Code    18  stm32f10x_tim.o(.text)
    TIM_OC4PreloadConfig                     0x08004163   Thumb Code    26  stm32f10x_tim.o(.text)
    TIM_OC1FastConfig                        0x0800417d   Thumb Code    18  stm32f10x_tim.o(.text)
    TIM_OC2FastConfig                        0x0800418f   Thumb Code    26  stm32f10x_tim.o(.text)
    TIM_OC3FastConfig                        0x080041a9   Thumb Code    18  stm32f10x_tim.o(.text)
    TIM_OC4FastConfig                        0x080041bb   Thumb Code    26  stm32f10x_tim.o(.text)
    TIM_ClearOC1Ref                          0x080041d5   Thumb Code    18  stm32f10x_tim.o(.text)
    TIM_ClearOC2Ref                          0x080041e7   Thumb Code    24  stm32f10x_tim.o(.text)
    TIM_ClearOC3Ref                          0x080041ff   Thumb Code    18  stm32f10x_tim.o(.text)
    TIM_ClearOC4Ref                          0x08004211   Thumb Code    24  stm32f10x_tim.o(.text)
    TIM_OC1PolarityConfig                    0x08004229   Thumb Code    18  stm32f10x_tim.o(.text)
    TIM_OC1NPolarityConfig                   0x0800423b   Thumb Code    18  stm32f10x_tim.o(.text)
    TIM_OC2PolarityConfig                    0x0800424d   Thumb Code    26  stm32f10x_tim.o(.text)
    TIM_OC2NPolarityConfig                   0x08004267   Thumb Code    26  stm32f10x_tim.o(.text)
    TIM_OC3PolarityConfig                    0x08004281   Thumb Code    26  stm32f10x_tim.o(.text)
    TIM_OC3NPolarityConfig                   0x0800429b   Thumb Code    26  stm32f10x_tim.o(.text)
    TIM_OC4PolarityConfig                    0x080042b5   Thumb Code    26  stm32f10x_tim.o(.text)
    TIM_CCxCmd                               0x080042cf   Thumb Code    30  stm32f10x_tim.o(.text)
    TIM_CCxNCmd                              0x080042ed   Thumb Code    30  stm32f10x_tim.o(.text)
    TIM_SelectOCxM                           0x0800430b   Thumb Code    82  stm32f10x_tim.o(.text)
    TIM_UpdateDisableConfig                  0x0800435d   Thumb Code    24  stm32f10x_tim.o(.text)
    TIM_UpdateRequestConfig                  0x08004375   Thumb Code    24  stm32f10x_tim.o(.text)
    TIM_SelectHallSensor                     0x0800438d   Thumb Code    24  stm32f10x_tim.o(.text)
    TIM_SelectOnePulseMode                   0x080043a5   Thumb Code    18  stm32f10x_tim.o(.text)
    TIM_SelectOutputTrigger                  0x080043b7   Thumb Code    18  stm32f10x_tim.o(.text)
    TIM_SelectSlaveMode                      0x080043c9   Thumb Code    18  stm32f10x_tim.o(.text)
    TIM_SelectMasterSlaveMode                0x080043db   Thumb Code    18  stm32f10x_tim.o(.text)
    TIM_SetCounter                           0x080043ed   Thumb Code     4  stm32f10x_tim.o(.text)
    TIM_SetAutoreload                        0x080043f1   Thumb Code     4  stm32f10x_tim.o(.text)
    TIM_SetCompare1                          0x080043f5   Thumb Code     4  stm32f10x_tim.o(.text)
    TIM_SetCompare2                          0x080043f9   Thumb Code     4  stm32f10x_tim.o(.text)
    TIM_SetCompare3                          0x080043fd   Thumb Code     4  stm32f10x_tim.o(.text)
    TIM_SetCompare4                          0x08004401   Thumb Code     6  stm32f10x_tim.o(.text)
    TIM_SetClockDivision                     0x08004407   Thumb Code    18  stm32f10x_tim.o(.text)
    TIM_GetCapture1                          0x08004419   Thumb Code     6  stm32f10x_tim.o(.text)
    TIM_GetCapture2                          0x0800441f   Thumb Code     6  stm32f10x_tim.o(.text)
    TIM_GetCapture3                          0x08004425   Thumb Code     6  stm32f10x_tim.o(.text)
    TIM_GetCapture4                          0x0800442b   Thumb Code     8  stm32f10x_tim.o(.text)
    TIM_GetCounter                           0x08004433   Thumb Code     6  stm32f10x_tim.o(.text)
    TIM_GetPrescaler                         0x08004439   Thumb Code     6  stm32f10x_tim.o(.text)
    TIM_GetFlagStatus                        0x0800443f   Thumb Code    18  stm32f10x_tim.o(.text)
    TIM_ClearFlag                            0x08004451   Thumb Code     6  stm32f10x_tim.o(.text)
    TIM_GetITStatus                          0x08004457   Thumb Code    34  stm32f10x_tim.o(.text)
    TIM_ClearITPendingBit                    0x08004479   Thumb Code     6  stm32f10x_tim.o(.text)
    EXTI_DeInit                              0x08004481   Thumb Code    28  stm32f10x_exti.o(.text)
    EXTI_Init                                0x0800449d   Thumb Code   142  stm32f10x_exti.o(.text)
    EXTI_StructInit                          0x0800452b   Thumb Code    16  stm32f10x_exti.o(.text)
    EXTI_GenerateSWInterrupt                 0x0800453b   Thumb Code    16  stm32f10x_exti.o(.text)
    EXTI_GetFlagStatus                       0x0800454b   Thumb Code    22  stm32f10x_exti.o(.text)
    EXTI_ClearFlag                           0x08004561   Thumb Code     8  stm32f10x_exti.o(.text)
    EXTI_GetITStatus                         0x08004569   Thumb Code    34  stm32f10x_exti.o(.text)
    EXTI_ClearITPendingBit                   0x0800458b   Thumb Code     8  stm32f10x_exti.o(.text)
    PWR_DeInit                               0x0800459d   Thumb Code    22  stm32f10x_pwr.o(.text)
    PWR_BackupAccessCmd                      0x080045b3   Thumb Code     6  stm32f10x_pwr.o(.text)
    PWR_PVDCmd                               0x080045b9   Thumb Code     6  stm32f10x_pwr.o(.text)
    PWR_PVDLevelConfig                       0x080045bf   Thumb Code    18  stm32f10x_pwr.o(.text)
    PWR_WakeUpPinCmd                         0x080045d1   Thumb Code     8  stm32f10x_pwr.o(.text)
    PWR_EnterSTOPMode                        0x080045d9   Thumb Code    54  stm32f10x_pwr.o(.text)
    PWR_EnterSTANDBYMode                     0x0800460f   Thumb Code    42  stm32f10x_pwr.o(.text)
    PWR_GetFlagStatus                        0x08004639   Thumb Code    20  stm32f10x_pwr.o(.text)
    PWR_ClearFlag                            0x0800464d   Thumb Code    14  stm32f10x_pwr.o(.text)
    __use_no_semihosting                     0x08004669   Thumb Code     2  use_no_semi_2.o(.text)
    __2sprintf                               0x0800466d   Thumb Code    34  noretval__2sprintf.o(.text)
    _printf_pre_padding                      0x08004695   Thumb Code    44  _printf_pad.o(.text)
    _printf_post_padding                     0x080046c1   Thumb Code    34  _printf_pad.o(.text)
    _printf_int_dec                          0x080046e5   Thumb Code   104  _printf_dec.o(.text)
    _printf_int_hex                          0x0800475d   Thumb Code    84  _printf_hex_int.o(.text)
    _printf_longlong_hex                     0x0800475d   Thumb Code     0  _printf_hex_int.o(.text)
    __printf                                 0x080047b5   Thumb Code   308  __printf_flags_wp.o(.text)
    __aeabi_memcpy                           0x080048ed   Thumb Code     0  rt_memcpy_v6.o(.text)
    __rt_memcpy                              0x080048ed   Thumb Code   138  rt_memcpy_v6.o(.text)
    _memcpy_lastbytes                        0x08004953   Thumb Code     0  rt_memcpy_v6.o(.text)
    __aeabi_memcpy4                          0x08004977   Thumb Code     0  rt_memcpy_w.o(.text)
    __aeabi_memcpy8                          0x08004977   Thumb Code     0  rt_memcpy_w.o(.text)
    __rt_memcpy_w                            0x08004977   Thumb Code   100  rt_memcpy_w.o(.text)
    _memcpy_lastbytes_aligned                0x080049bf   Thumb Code     0  rt_memcpy_w.o(.text)
    __use_two_region_memory                  0x080049db   Thumb Code     2  heapauxi.o(.text)
    __rt_heap_escrow$2region                 0x080049dd   Thumb Code     2  heapauxi.o(.text)
    __rt_heap_expand$2region                 0x080049df   Thumb Code     2  heapauxi.o(.text)
    __I$use$semihosting                      0x080049e1   Thumb Code     0  use_no_semi.o(.text)
    __use_no_semihosting_swi                 0x080049e1   Thumb Code     2  use_no_semi.o(.text)
    _printf_int_common                       0x080049e3   Thumb Code   178  _printf_intcommon.o(.text)
    _printf_char_common                      0x08004a9f   Thumb Code    32  _printf_char_common.o(.text)
    _sputc                                   0x08004ac5   Thumb Code    10  _sputc.o(.text)
    __user_setup_stackheap                   0x08004acf   Thumb Code    74  sys_stackheap_outer.o(.text)
    exit                                     0x08004b19   Thumb Code    12  exit.o(.text)
    __user_libspace                          0x08004b25   Thumb Code     8  libspace.o(.text)
    __user_perproc_libspace                  0x08004b25   Thumb Code     0  libspace.o(.text)
    __user_perthread_libspace                0x08004b25   Thumb Code     0  libspace.o(.text)
    _is_digit                                0x08004b2d   Thumb Code    14  __printf_wp.o(i._is_digit)
    Region$$Table$$Base                      0x08004b74   Number         0  anon$$obj.o(Region$$Table)
    Region$$Table$$Limit                     0x08004b94   Number         0  anon$$obj.o(Region$$Table)
    report_flag                              0x20000000   Data           4  main.o(.data)
    check_flag                               0x20000004   Data           4  main.o(.data)
    warn_ignore_flag                         0x20000008   Data           4  main.o(.data)
    auto_control_flag                        0x2000000c   Data           2  main.o(.data)
    input_package_index                      0x20000010   Data           4  main.o(.data)
    output_package_index                     0x20000014   Data           4  main.o(.data)
    module_index                             0x20000018   Data           4  main.o(.data)
    count_flag                               0x2000001c   Data           2  main.o(.data)
    pre_count                                0x20000020   Data           4  main.o(.data)
    cur_count                                0x20000024   Data           4  main.o(.data)
    nGUA_Battery_Check_Value                 0x20000028   Data           2  main.o(.data)
    ADa_result                               0x2000002a   Data           4  main.o(.data)
    ADb_result                               0x2000002e   Data           4  main.o(.data)
    SystemCoreClock                          0x20000034   Data           4  system_stm32f10x.o(.data)
    AHBPrescTable                            0x20000038   Data          16  system_stm32f10x.o(.data)
    kp                                       0x20000048   Data           8  data.o(.data)
    cur                                      0x20000050   Data          10  data.o(.data)
    ws                                       0x2000005a   Data           3  data.o(.data)
    tim                                      0x2000005e   Data           6  data.o(.data)
    debug_a_c1                               0x20000064   Data           1  data.o(.data)
    debug_a_c2                               0x20000065   Data           1  data.o(.data)
    debug_a_c3                               0x20000066   Data           1  data.o(.data)
    debug_a_c4                               0x20000067   Data           1  data.o(.data)
    debug_b_c1                               0x20000068   Data           1  data.o(.data)
    debug_b_c2                               0x20000069   Data           1  data.o(.data)
    debug_b_c3                               0x2000006a   Data           1  data.o(.data)
    debug_b_c4                               0x2000006b   Data           1  data.o(.data)
    PADDING                                  0x2000006c   Data          64  md5.o(.data)
    Secure_Key                               0x200000ac   Data          16  verify_helper.o(.data)
    __stdout                                 0x200000bc   Data           4  usart.o(.data)
    USART_RX_STA                             0x200000c0   Data           2  usart.o(.data)
    USART_RX_BUF                             0x200000d8   Data         200  usart.o(.bss)
    __libspace_start                         0x200001a0   Data          96  libspace.o(.bss)
    __temporary_stack_top$libspace           0x20000200   Data           0  libspace.o(.bss)



==============================================================================

Memory Map of the image

  Image Entry point : 0x08000131

  Load Region LR_IROM1 (Base: 0x08000000, Size: 0x00004c6c, Max: 0x00040000, ABSOLUTE)

    Execution Region ER_IROM1 (Base: 0x08000000, Size: 0x00004b94, Max: 0x00040000, ABSOLUTE)

    Base Addr    Size         Type   Attr      Idx    E Section Name        Object

    0x08000000   0x00000130   Data   RO          440    RESET               startup_stm32f10x_hd.o
    0x08000130   0x00000008   Code   RO          617  * !!!main             c_w.l(__main.o)
    0x08000138   0x00000034   Code   RO          780    !!!scatter          c_w.l(__scatter.o)
    0x0800016c   0x0000001a   Code   RO          782    !!handler_copy      c_w.l(__scatter_copy.o)
    0x08000186   0x00000002   PAD
    0x08000188   0x0000001c   Code   RO          784    !!handler_zi        c_w.l(__scatter_zi.o)
    0x080001a4   0x00000000   Code   RO          610    .ARM.Collect$$_printf_percent$$00000000  c_w.l(_printf_percent.o)
    0x080001a4   0x00000006   Code   RO          609    .ARM.Collect$$_printf_percent$$00000009  c_w.l(_printf_d.o)
    0x080001aa   0x00000006   Code   RO          608    .ARM.Collect$$_printf_percent$$0000000C  c_w.l(_printf_x.o)
    0x080001b0   0x00000004   Code   RO          628    .ARM.Collect$$_printf_percent$$00000017  c_w.l(_printf_percent_end.o)
    0x080001b4   0x00000002   Code   RO          655    .ARM.Collect$$libinit$$00000000  c_w.l(libinit.o)
    0x080001b6   0x00000000   Code   RO          662    .ARM.Collect$$libinit$$00000002  c_w.l(libinit2.o)
    0x080001b6   0x00000000   Code   RO          664    .ARM.Collect$$libinit$$00000004  c_w.l(libinit2.o)
    0x080001b6   0x00000000   Code   RO          667    .ARM.Collect$$libinit$$0000000A  c_w.l(libinit2.o)
    0x080001b6   0x00000000   Code   RO          669    .ARM.Collect$$libinit$$0000000C  c_w.l(libinit2.o)
    0x080001b6   0x00000000   Code   RO          671    .ARM.Collect$$libinit$$0000000E  c_w.l(libinit2.o)
    0x080001b6   0x00000000   Code   RO          674    .ARM.Collect$$libinit$$00000011  c_w.l(libinit2.o)
    0x080001b6   0x00000000   Code   RO          676    .ARM.Collect$$libinit$$00000013  c_w.l(libinit2.o)
    0x080001b6   0x00000000   Code   RO          678    .ARM.Collect$$libinit$$00000015  c_w.l(libinit2.o)
    0x080001b6   0x00000000   Code   RO          680    .ARM.Collect$$libinit$$00000017  c_w.l(libinit2.o)
    0x080001b6   0x00000000   Code   RO          682    .ARM.Collect$$libinit$$00000019  c_w.l(libinit2.o)
    0x080001b6   0x00000000   Code   RO          684    .ARM.Collect$$libinit$$0000001B  c_w.l(libinit2.o)
    0x080001b6   0x00000000   Code   RO          686    .ARM.Collect$$libinit$$0000001D  c_w.l(libinit2.o)
    0x080001b6   0x00000000   Code   RO          688    .ARM.Collect$$libinit$$0000001F  c_w.l(libinit2.o)
    0x080001b6   0x00000000   Code   RO          690    .ARM.Collect$$libinit$$00000021  c_w.l(libinit2.o)
    0x080001b6   0x00000000   Code   RO          692    .ARM.Collect$$libinit$$00000023  c_w.l(libinit2.o)
    0x080001b6   0x00000000   Code   RO          694    .ARM.Collect$$libinit$$00000025  c_w.l(libinit2.o)
    0x080001b6   0x00000000   Code   RO          698    .ARM.Collect$$libinit$$0000002C  c_w.l(libinit2.o)
    0x080001b6   0x00000000   Code   RO          700    .ARM.Collect$$libinit$$0000002E  c_w.l(libinit2.o)
    0x080001b6   0x00000000   Code   RO          702    .ARM.Collect$$libinit$$00000030  c_w.l(libinit2.o)
    0x080001b6   0x00000000   Code   RO          704    .ARM.Collect$$libinit$$00000032  c_w.l(libinit2.o)
    0x080001b6   0x00000002   Code   RO          705    .ARM.Collect$$libinit$$00000033  c_w.l(libinit2.o)
    0x080001b8   0x00000002   Code   RO          723    .ARM.Collect$$libshutdown$$00000000  c_w.l(libshutdown.o)
    0x080001ba   0x00000000   Code   RO          734    .ARM.Collect$$libshutdown$$00000003  c_w.l(libshutdown2.o)
    0x080001ba   0x00000000   Code   RO          737    .ARM.Collect$$libshutdown$$00000006  c_w.l(libshutdown2.o)
    0x080001ba   0x00000000   Code   RO          740    .ARM.Collect$$libshutdown$$00000009  c_w.l(libshutdown2.o)
    0x080001ba   0x00000000   Code   RO          742    .ARM.Collect$$libshutdown$$0000000B  c_w.l(libshutdown2.o)
    0x080001ba   0x00000000   Code   RO          745    .ARM.Collect$$libshutdown$$0000000E  c_w.l(libshutdown2.o)
    0x080001ba   0x00000002   Code   RO          746    .ARM.Collect$$libshutdown$$0000000F  c_w.l(libshutdown2.o)
    0x080001bc   0x00000000   Code   RO          621    .ARM.Collect$$rtentry$$00000000  c_w.l(__rtentry.o)
    0x080001bc   0x00000000   Code   RO          630    .ARM.Collect$$rtentry$$00000002  c_w.l(__rtentry2.o)
    0x080001bc   0x00000006   Code   RO          642    .ARM.Collect$$rtentry$$00000004  c_w.l(__rtentry4.o)
    0x080001c2   0x00000000   Code   RO          632    .ARM.Collect$$rtentry$$00000009  c_w.l(__rtentry2.o)
    0x080001c2   0x00000004   Code   RO          633    .ARM.Collect$$rtentry$$0000000A  c_w.l(__rtentry2.o)
    0x080001c6   0x00000000   Code   RO          635    .ARM.Collect$$rtentry$$0000000C  c_w.l(__rtentry2.o)
    0x080001c6   0x00000008   Code   RO          636    .ARM.Collect$$rtentry$$0000000D  c_w.l(__rtentry2.o)
    0x080001ce   0x00000002   Code   RO          659    .ARM.Collect$$rtexit$$00000000  c_w.l(rtexit.o)
    0x080001d0   0x00000000   Code   RO          707    .ARM.Collect$$rtexit$$00000002  c_w.l(rtexit2.o)
    0x080001d0   0x00000004   Code   RO          708    .ARM.Collect$$rtexit$$00000003  c_w.l(rtexit2.o)
    0x080001d4   0x00000006   Code   RO          709    .ARM.Collect$$rtexit$$00000004  c_w.l(rtexit2.o)
    0x080001da   0x00000002   PAD
    0x080001dc   0x00000914   Code   RO            1    .text               main.o
    0x08000af0   0x0000001a   Code   RO          152    .text               stm32f10x_it.o
    0x08000b0a   0x00000002   PAD
    0x08000b0c   0x000001e0   Code   RO          193    .text               system_stm32f10x.o
    0x08000cec   0x000002ac   Code   RO          211    .text               data.o
    0x08000f98   0x000000c4   Code   RO          234    .text               emv.o
    0x0800105c   0x000000bc   Code   RO          249    .text               pcf8591.o
    0x08001118   0x00000510   Code   RO          264    .text               iic.o
    0x08001628   0x00000530   Code   RO          279    .text               sim.o
    0x08001b58   0x0000006c   Code   RO          297    .text               timer.o
    0x08001bc4   0x00000944   Code   RO          316    .text               md5.o
    0x08002508   0x000000a4   Code   RO          334    .text               verify_helper.o
    0x080025ac   0x000000d0   Code   RO          352    .text               led.o
    0x0800267c   0x000000f8   Code   RO          367    .text               ps.o
    0x08002774   0x00000280   Code   RO          403    .text               usart.o
    0x080029f4   0x0000004c   Code   RO          426    .text               delay.o
    0x08002a40   0x00000040   Code   RO          441    .text               startup_stm32f10x_hd.o
    0x08002a80   0x000000dc   Code   RO          455    .text               misc.o
    0x08002b5c   0x0000035c   Code   RO          467    .text               stm32f10x_gpio.o
    0x08002eb8   0x000003a4   Code   RO          479    .text               stm32f10x_rcc.o
    0x0800325c   0x00000408   Code   RO          493    .text               stm32f10x_usart.o
    0x08003664   0x00000e1a   Code   RO          505    .text               stm32f10x_tim.o
    0x0800447e   0x00000002   PAD
    0x08004480   0x0000011c   Code   RO          529    .text               stm32f10x_exti.o
    0x0800459c   0x000000cc   Code   RO          541    .text               stm32f10x_pwr.o
    0x08004668   0x00000002   Code   RO          555    .text               c_w.l(use_no_semi_2.o)
    0x0800466a   0x00000002   PAD
    0x0800466c   0x00000028   Code   RO          559    .text               c_w.l(noretval__2sprintf.o)
    0x08004694   0x0000004e   Code   RO          563    .text               c_w.l(_printf_pad.o)
    0x080046e2   0x00000002   PAD
    0x080046e4   0x00000078   Code   RO          565    .text               c_w.l(_printf_dec.o)
    0x0800475c   0x00000058   Code   RO          570    .text               c_w.l(_printf_hex_int.o)
    0x080047b4   0x00000138   Code   RO          600    .text               c_w.l(__printf_flags_wp.o)
    0x080048ec   0x0000008a   Code   RO          611    .text               c_w.l(rt_memcpy_v6.o)
    0x08004976   0x00000064   Code   RO          613    .text               c_w.l(rt_memcpy_w.o)
    0x080049da   0x00000006   Code   RO          615    .text               c_w.l(heapauxi.o)
    0x080049e0   0x00000002   Code   RO          619    .text               c_w.l(use_no_semi.o)
    0x080049e2   0x000000b2   Code   RO          622    .text               c_w.l(_printf_intcommon.o)
    0x08004a94   0x00000030   Code   RO          624    .text               c_w.l(_printf_char_common.o)
    0x08004ac4   0x0000000a   Code   RO          626    .text               c_w.l(_sputc.o)
    0x08004ace   0x0000004a   Code   RO          646    .text               c_w.l(sys_stackheap_outer.o)
    0x08004b18   0x0000000c   Code   RO          648    .text               c_w.l(exit.o)
    0x08004b24   0x00000008   Code   RO          656    .text               c_w.l(libspace.o)
    0x08004b2c   0x0000000e   Code   RO          598    i._is_digit         c_w.l(__printf_wp.o)
    0x08004b3a   0x00000028   Data   RO          571    .constdata          c_w.l(_printf_hex_int.o)
    0x08004b62   0x00000011   Data   RO          601    .constdata          c_w.l(__printf_flags_wp.o)
    0x08004b73   0x00000001   PAD
    0x08004b74   0x00000020   Data   RO          778    Region$$Table       anon$$obj.o


    Execution Region RW_IRAM1 (Base: 0x20000000, Size: 0x00000800, Max: 0x0000c000, ABSOLUTE)

    Base Addr    Size         Type   Attr      Idx    E Section Name        Object

    0x20000000   0x00000032   Data   RW            2    .data               main.o
    0x20000032   0x00000002   PAD
    0x20000034   0x00000014   Data   RW          194    .data               system_stm32f10x.o
    0x20000048   0x00000024   Data   RW          212    .data               data.o
    0x2000006c   0x00000040   Data   RW          317    .data               md5.o
    0x200000ac   0x00000010   Data   RW          335    .data               verify_helper.o
    0x200000bc   0x00000006   Data   RW          405    .data               usart.o
    0x200000c2   0x00000014   Data   RW          480    .data               stm32f10x_rcc.o
    0x200000d6   0x00000002   PAD
    0x200000d8   0x000000c8   Zero   RW          404    .bss                usart.o
    0x200001a0   0x00000060   Zero   RW          657    .bss                c_w.l(libspace.o)
    0x20000200   0x00000200   Zero   RW          439    HEAP                startup_stm32f10x_hd.o
    0x20000400   0x00000400   Zero   RW          438    STACK               startup_stm32f10x_hd.o


==============================================================================

Image component sizes


      Code (inc. data)   RO Data    RW Data    ZI Data      Debug   Object Name

       684         52          0         36          0       4036   data.o
        76          0          0          0          0        766   delay.o
       196          4          0          0          0        690   emv.o
      1296         10          0          0          0       3920   iic.o
       208          8          0          0          0        926   led.o
      2324        140          0         50          0     276061   main.o
      2372        264          0         64          0       3924   md5.o
       220         22          0          0          0       1721   misc.o
       188          0          0          0          0       1564   pcf8591.o
       248         22          0          0          0        733   ps.o
      1328        388          0          0          0       3016   sim.o
        64         26        304          0       1536        764   startup_stm32f10x_hd.o
       284         10          0          0          0       2151   stm32f10x_exti.o
       860         38          0          0          0       5565   stm32f10x_gpio.o
        26          0          0          0          0       1142   stm32f10x_it.o
       204         14          0          0          0       1879   stm32f10x_pwr.o
       932         36          0         20          0       8696   stm32f10x_rcc.o
      3610         88          0          0          0      22048   stm32f10x_tim.o
      1032         22          0          0          0       8292   stm32f10x_usart.o
         0          0          0          0          0         32   sys.o
       480         38          0         20          0       1623   system_stm32f10x.o
       108          6          0          0          0        700   timer.o
       640         36          0          6        200       4095   usart.o
       164          4          0         16          0       1669   verify_helper.o

    ----------------------------------------------------------------------
     17548       1228        336        216       1736     356013   Object Totals
         0          0         32          0          0          0   (incl. Generated)
         4          0          0          4          0          0   (incl. Padding)

    ----------------------------------------------------------------------

      Code (inc. data)   RO Data    RW Data    ZI Data      Debug   Library Member Name

         8          0          0          0          0         68   __main.o
       312          4         17          0          0         92   __printf_flags_wp.o
        14          0          0          0          0         68   __printf_wp.o
         0          0          0          0          0          0   __rtentry.o
        12          0          0          0          0          0   __rtentry2.o
         6          0          0          0          0          0   __rtentry4.o
        52          8          0          0          0          0   __scatter.o
        26          0          0          0          0          0   __scatter_copy.o
        28          0          0          0          0          0   __scatter_zi.o
        48          6          0          0          0         96   _printf_char_common.o
         6          0          0          0          0          0   _printf_d.o
       120         16          0          0          0         92   _printf_dec.o
        88          4         40          0          0         88   _printf_hex_int.o
       178          0          0          0          0         88   _printf_intcommon.o
        78          0          0          0          0        108   _printf_pad.o
         0          0          0          0          0          0   _printf_percent.o
         4          0          0          0          0          0   _printf_percent_end.o
         6          0          0          0          0          0   _printf_x.o
        10          0          0          0          0         68   _sputc.o
        12          0          0          0          0         72   exit.o
         6          0          0          0          0        152   heapauxi.o
         2          0          0          0          0          0   libinit.o
         2          0          0          0          0          0   libinit2.o
         2          0          0          0          0          0   libshutdown.o
         2          0          0          0          0          0   libshutdown2.o
         8          4          0          0         96         68   libspace.o
        40          6          0          0          0         84   noretval__2sprintf.o
       138          0          0          0          0         68   rt_memcpy_v6.o
       100          0          0          0          0         80   rt_memcpy_w.o
         2          0          0          0          0          0   rtexit.o
        10          0          0          0          0          0   rtexit2.o
        74          0          0          0          0         80   sys_stackheap_outer.o
         2          0          0          0          0         68   use_no_semi.o
         2          0          0          0          0         68   use_no_semi_2.o

    ----------------------------------------------------------------------
      1406         48         58          0         96       1508   Library Totals
         8          0          1          0          0          0   (incl. Padding)

    ----------------------------------------------------------------------

      Code (inc. data)   RO Data    RW Data    ZI Data      Debug   Library Name

      1398         48         57          0         96       1508   c_w.l

    ----------------------------------------------------------------------
      1406         48         58          0         96       1508   Library Totals

    ----------------------------------------------------------------------

==============================================================================


      Code (inc. data)   RO Data    RW Data    ZI Data      Debug   

     18954       1276        394        216       1832     354813   Grand Totals
     18954       1276        394        216       1832     354813   ELF Image Totals
     18954       1276        394        216          0          0   ROM Totals

==============================================================================

    Total RO  Size (Code + RO Data)                19348 (  18.89kB)
    Total RW  Size (RW Data + ZI Data)              2048 (   2.00kB)
    Total ROM Size (Code + RO Data + RW Data)      19564 (  19.11kB)

==============================================================================

